為了滿足檔案參照(符號)而包含了歸檔成員

./libelibc.a(crt0.o)          (crt0)
./libelibc.a(stdio.o)         ocr_0.o (printf)
./libelibc.a(stdlib.o)        ocr_0.o (exit)
./libelibc.a(string.o)        neuronet.o (memcpy)
./libelibc.a(time.o)          ocr_0.o (clock)
./libelibc.a(uart.o)          ./libelibc.a(stdio.o) (inbyte)
./libelibc.a(fat32.o)         file_read.o (read_file)
./libelibc.a(sd.o)            ./libelibc.a(fat32.o) (init_sd)
./libelibc.a(spi.o)           ./libelibc.a(sd.o) (spi_init)
/opt/riscv/lib/gcc/riscv32-unknown-elf/12.2.0/libgcc.a(_udivdi3.o)
                              ./libelibc.a(stdio.o) (__udivdi3)
/opt/riscv/lib/gcc/riscv32-unknown-elf/12.2.0/libgcc.a(adddf3.o)
                              ./libelibc.a(stdio.o) (__adddf3)
/opt/riscv/lib/gcc/riscv32-unknown-elf/12.2.0/libgcc.a(divdf3.o)
                              ./libelibc.a(stdio.o) (__divdf3)
/opt/riscv/lib/gcc/riscv32-unknown-elf/12.2.0/libgcc.a(gedf2.o)
                              file_read.o (__gedf2)
/opt/riscv/lib/gcc/riscv32-unknown-elf/12.2.0/libgcc.a(ledf2.o)
                              ./libelibc.a(stdio.o) (__ltdf2)
/opt/riscv/lib/gcc/riscv32-unknown-elf/12.2.0/libgcc.a(muldf3.o)
                              ./libelibc.a(stdio.o) (__muldf3)
/opt/riscv/lib/gcc/riscv32-unknown-elf/12.2.0/libgcc.a(subdf3.o)
                              ./libelibc.a(stdio.o) (__subdf3)
/opt/riscv/lib/gcc/riscv32-unknown-elf/12.2.0/libgcc.a(fixunsdfsi.o)
                              ./libelibc.a(stdio.o) (__fixunsdfsi)
/opt/riscv/lib/gcc/riscv32-unknown-elf/12.2.0/libgcc.a(floatunsidf.o)
                              ./libelibc.a(stdio.o) (__floatunsidf)
/opt/riscv/lib/gcc/riscv32-unknown-elf/12.2.0/libgcc.a(fixunsdfdi.o)
                              ./libelibc.a(stdio.o) (__fixunsdfdi)
/opt/riscv/lib/gcc/riscv32-unknown-elf/12.2.0/libgcc.a(addsf3.o)
                              neuronet.o (__addsf3)
/opt/riscv/lib/gcc/riscv32-unknown-elf/12.2.0/libgcc.a(divsf3.o)
                              ocr_0.o (__divsf3)
/opt/riscv/lib/gcc/riscv32-unknown-elf/12.2.0/libgcc.a(gesf2.o)
                              neuronet.o (__gtsf2)
/opt/riscv/lib/gcc/riscv32-unknown-elf/12.2.0/libgcc.a(lesf2.o)
                              neuronet.o (__ltsf2)
/opt/riscv/lib/gcc/riscv32-unknown-elf/12.2.0/libgcc.a(mulsf3.o)
                              ocr_0.o (__mulsf3)
/opt/riscv/lib/gcc/riscv32-unknown-elf/12.2.0/libgcc.a(subsf3.o)
                              file_read.o (__subsf3)
/opt/riscv/lib/gcc/riscv32-unknown-elf/12.2.0/libgcc.a(fixunssfsi.o)
                              file_read.o (__fixunssfsi)
/opt/riscv/lib/gcc/riscv32-unknown-elf/12.2.0/libgcc.a(floatsisf.o)
                              ocr_0.o (__floatsisf)
/opt/riscv/lib/gcc/riscv32-unknown-elf/12.2.0/libgcc.a(floatunsisf.o)
                              ocr_0.o (__floatunsisf)
/opt/riscv/lib/gcc/riscv32-unknown-elf/12.2.0/libgcc.a(extendsfdf2.o)
                              ocr_0.o (__extendsfdf2)
/opt/riscv/lib/gcc/riscv32-unknown-elf/12.2.0/libgcc.a(_ashldi3.o)
                              /opt/riscv/lib/gcc/riscv32-unknown-elf/12.2.0/libgcc.a(fixunsdfdi.o) (__ashldi3)
/opt/riscv/lib/gcc/riscv32-unknown-elf/12.2.0/libgcc.a(_clz.o)
                              /opt/riscv/lib/gcc/riscv32-unknown-elf/12.2.0/libgcc.a(_udivdi3.o) (__clz_tab)
/opt/riscv/lib/gcc/riscv32-unknown-elf/12.2.0/libgcc.a(_clzsi2.o)
                              /opt/riscv/lib/gcc/riscv32-unknown-elf/12.2.0/libgcc.a(adddf3.o) (__clzsi2)

記憶體配置

名稱           來源             長度             屬性
code_ram         0x0000000080001000 0x0000000000010000 xr !rw
rodata_ram       0x0000000080011000 0x0000000000030000 rw !x
global_data_ram  0x0000000080041000 0x0000000000010000 rw !x
heap_data_ram    0x0000000080051000 0x0000000000800000 rw !x
private_data_ram0 0x0000000080851000 0x0000000000050000 rw !x
private_data_ram1 0x00000000808a1000 0x0000000000050000 rw !x
private_data_ram2 0x00000000808f1000 0x0000000000050000 rw !x
private_data_ram3 0x0000000080941000 0x0000000000050000 rw !x
private_data_ram4 0x0000000080991000 0x0000000000050000 rw !x
private_data_ram5 0x00000000809e1000 0x0000000000050000 rw !x
private_data_ram6 0x0000000080a31000 0x0000000000050000 rw !x
private_data_ram7 0x0000000080a81000 0x0000000000050000 rw !x
*default*        0x0000000000000000 0xffffffffffffffff

鏈結器命令稿和記憶體對映

                0x0000000000050000                __stack_size = 0x50000
                0x0000000000800000                __heap_size = 0x800000

.text           0x0000000080001000     0x6ffc
 *(.text*)
 .text          0x0000000080001000        0x0 ocr_0.o
 .text.startup  0x0000000080001000      0x3b4 ocr_0.o
                0x0000000080001000                main
 .text          0x00000000800013b4      0x698 neuronet.o
                0x00000000800013b4                atomic_or
                0x00000000800013f8                acquire
                0x0000000080001430                release
                0x0000000080001458                initialize
                0x0000000080001470                min
                0x0000000080001484                neuronet_init
                0x00000000800016c4                neuronet_load
                0x00000000800016f0                neuronet_free
                0x000000008000172c                neuronet_eval
                0x0000000080001a18                relu
 .text          0x0000000080001a4c      0x810 file_read.o
                0x0000000080001a4c                lerp
                0x0000000080001a94                sample
                0x0000000080001cc8                width_normalize
                0x0000000080001f44                read_images
                0x0000000080002100                read_labels
                0x0000000080002180                read_weights
 .text          0x000000008000225c       0xac ./libelibc.a(crt0.o)
                0x000000008000225c                crt0
 .text          0x0000000080002308      0xa8c ./libelibc.a(stdio.o)
                0x0000000080002308                getchar
                0x0000000080002320                putchar
                0x000000008000234c                fputs
                0x00000000800023dc                fgets
                0x00000000800024b4                putd
                0x0000000080002614                putx
                0x0000000080002730                putld
                0x0000000080002994                putf
                0x0000000080002b50                printf
 .text          0x0000000080002d94      0x2c8 ./libelibc.a(stdlib.o)
                0x0000000080002d94                exit
                0x0000000080002de0                malloc
                0x0000000080002f08                free
                0x0000000080002f34                calloc
                0x0000000080002f78                atoi
                0x0000000080003010                abs
                0x0000000080003020                srand
                0x000000008000302c                rand
 .text          0x000000008000305c      0x4d0 ./libelibc.a(string.o)
                0x000000008000305c                strcpy
                0x00000000800030ec                strcmp
                0x000000008000318c                strncpy
                0x0000000080003244                strncmp
                0x0000000080003310                memcpy
                0x0000000080003394                memmove
                0x000000008000344c                memset
                0x000000008000346c                strlen
                0x0000000080003494                strcat
                0x00000000800034d8                strncat
 .text          0x000000008000352c       0xb4 ./libelibc.a(time.o)
                0x000000008000352c                clock
 .text          0x00000000800035e0       0x58 ./libelibc.a(uart.o)
                0x00000000800035e0                inbyte
                0x00000000800035fc                outbyte
 .text          0x0000000080003638      0x6f8 ./libelibc.a(fat32.o)
                0x0000000080003638                copy_file
                0x000000008000382c                get_next_cluster
                0x00000000800038b4                get_partition_first_lba
                0x0000000080003a20                long2short
                0x0000000080003b1c                read_file
 .text          0x0000000080003d30      0x768 ./libelibc.a(sd.o)
                0x0000000080003d30                sd_dummy
                0x0000000080003d38                sd_cmd
                0x0000000080003dd0                print_status
                0x0000000080003dd4                sd_cmd0
                0x0000000080003e50                sd_cmd8
                0x0000000080003efc                sd_cmd55
                0x0000000080003f3c                sd_acmd41
                0x0000000080003fa0                init_sd
                0x0000000080004070                crc7
                0x0000000080004098                crc16
                0x00000000800040ec                sd_copy
                0x0000000080004280                sd_write
 .text          0x0000000080004498      0x170 ./libelibc.a(spi.o)
                0x0000000080004498                write_reg
                0x00000000800044a0                read_reg
                0x00000000800044a8                spi_init
                0x00000000800044ec                spi_txrx
                0x0000000080004554                spi_write_bytes
 .text          0x0000000080004608      0x430 /opt/riscv/lib/gcc/riscv32-unknown-elf/12.2.0/libgcc.a(_udivdi3.o)
                0x0000000080004608                __udivdi3
 .text          0x0000000080004a38      0x7ec /opt/riscv/lib/gcc/riscv32-unknown-elf/12.2.0/libgcc.a(adddf3.o)
                0x0000000080004a38                __adddf3
 .text          0x0000000080005224      0x6c8 /opt/riscv/lib/gcc/riscv32-unknown-elf/12.2.0/libgcc.a(divdf3.o)
                0x0000000080005224                __divdf3
 .text          0x00000000800058ec      0x110 /opt/riscv/lib/gcc/riscv32-unknown-elf/12.2.0/libgcc.a(gedf2.o)
                0x00000000800058ec                __gtdf2
                0x00000000800058ec                __gedf2
 .text          0x00000000800059fc      0x110 /opt/riscv/lib/gcc/riscv32-unknown-elf/12.2.0/libgcc.a(ledf2.o)
                0x00000000800059fc                __ltdf2
                0x00000000800059fc                __ledf2
 .text          0x0000000080005b0c      0x5fc /opt/riscv/lib/gcc/riscv32-unknown-elf/12.2.0/libgcc.a(muldf3.o)
                0x0000000080005b0c                __muldf3
 .text          0x0000000080006108      0x854 /opt/riscv/lib/gcc/riscv32-unknown-elf/12.2.0/libgcc.a(subdf3.o)
                0x0000000080006108                __subdf3
 .text          0x000000008000695c       0x78 /opt/riscv/lib/gcc/riscv32-unknown-elf/12.2.0/libgcc.a(fixunsdfsi.o)
                0x000000008000695c                __fixunsdfsi
 .text          0x00000000800069d4       0x80 /opt/riscv/lib/gcc/riscv32-unknown-elf/12.2.0/libgcc.a(floatunsidf.o)
                0x00000000800069d4                __floatunsidf
 .text          0x0000000080006a54       0xa4 /opt/riscv/lib/gcc/riscv32-unknown-elf/12.2.0/libgcc.a(fixunsdfdi.o)
                0x0000000080006a54                __fixunsdfdi
 .text          0x0000000080006af8      0x470 /opt/riscv/lib/gcc/riscv32-unknown-elf/12.2.0/libgcc.a(addsf3.o)
                0x0000000080006af8                __addsf3
 .text          0x0000000080006f68      0x330 /opt/riscv/lib/gcc/riscv32-unknown-elf/12.2.0/libgcc.a(divsf3.o)
                0x0000000080006f68                __divsf3
 .text          0x0000000080007298       0xdc /opt/riscv/lib/gcc/riscv32-unknown-elf/12.2.0/libgcc.a(gesf2.o)
                0x0000000080007298                __gtsf2
                0x0000000080007298                __gesf2
 .text          0x0000000080007374       0xdc /opt/riscv/lib/gcc/riscv32-unknown-elf/12.2.0/libgcc.a(lesf2.o)
                0x0000000080007374                __lesf2
                0x0000000080007374                __ltsf2
 .text          0x0000000080007450      0x334 /opt/riscv/lib/gcc/riscv32-unknown-elf/12.2.0/libgcc.a(mulsf3.o)
                0x0000000080007450                __mulsf3
 .text          0x0000000080007784      0x4bc /opt/riscv/lib/gcc/riscv32-unknown-elf/12.2.0/libgcc.a(subsf3.o)
                0x0000000080007784                __subsf3
 .text          0x0000000080007c40       0x60 /opt/riscv/lib/gcc/riscv32-unknown-elf/12.2.0/libgcc.a(fixunssfsi.o)
                0x0000000080007c40                __fixunssfsi
 .text          0x0000000080007ca0      0x114 /opt/riscv/lib/gcc/riscv32-unknown-elf/12.2.0/libgcc.a(floatsisf.o)
                0x0000000080007ca0                __floatsisf
 .text          0x0000000080007db4       0xe8 /opt/riscv/lib/gcc/riscv32-unknown-elf/12.2.0/libgcc.a(floatunsisf.o)
                0x0000000080007db4                __floatunsisf
 .text          0x0000000080007e9c       0xdc /opt/riscv/lib/gcc/riscv32-unknown-elf/12.2.0/libgcc.a(extendsfdf2.o)
                0x0000000080007e9c                __extendsfdf2
 .text          0x0000000080007f78       0x38 /opt/riscv/lib/gcc/riscv32-unknown-elf/12.2.0/libgcc.a(_ashldi3.o)
                0x0000000080007f78                __ashldi3
 .text          0x0000000080007fb0        0x0 /opt/riscv/lib/gcc/riscv32-unknown-elf/12.2.0/libgcc.a(_clz.o)
 .text          0x0000000080007fb0       0x4c /opt/riscv/lib/gcc/riscv32-unknown-elf/12.2.0/libgcc.a(_clzsi2.o)
                0x0000000080007fb0                __clzsi2

.rodata         0x0000000080011000      0x6b4
 *(.rodata*)
 .rodata.str1.4
                0x0000000080011000      0x1ab ocr_0.o
 *fill*         0x00000000800111ab        0x1 
 .rodata        0x00000000800111ac       0x40 neuronet.o
 .rodata.str1.4
                0x00000000800111ec       0x62 file_read.o
 *fill*         0x000000008001124e        0x2 
 .rodata        0x0000000080011250       0x20 ./libelibc.a(crt0.o)
 .rodata.str1.4
                0x0000000080011270       0x7d ./libelibc.a(stdio.o)
 *fill*         0x00000000800112ed        0x3 
 .rodata        0x00000000800112f0       0x84 ./libelibc.a(stdio.o)
 .rodata        0x0000000080011374       0xa8 ./libelibc.a(stdlib.o)
 .rodata.str1.4
                0x000000008001141c       0xe3 ./libelibc.a(fat32.o)
 *fill*         0x00000000800114ff        0x1 
 .rodata.str1.4
                0x0000000080011500       0x3a ./libelibc.a(sd.o)
 *fill*         0x000000008001153a        0x2 
 .rodata        0x000000008001153c       0x3c /opt/riscv/lib/gcc/riscv32-unknown-elf/12.2.0/libgcc.a(divdf3.o)
 .rodata        0x0000000080011578       0x3c /opt/riscv/lib/gcc/riscv32-unknown-elf/12.2.0/libgcc.a(divsf3.o)
 .rodata        0x00000000800115b4      0x100 /opt/riscv/lib/gcc/riscv32-unknown-elf/12.2.0/libgcc.a(_clz.o)
                0x00000000800115b4                __clz_tab

.srodata.cst4   0x00000000800116b4        0x8
 .srodata.cst4  0x00000000800116b4        0x4 ocr_0.o
 .srodata.cst4  0x00000000800116b8        0x4 file_read.o

.srodata.cst8   0x00000000800116c0       0x28
 .srodata.cst8  0x00000000800116c0        0x8 file_read.o
 .srodata.cst8  0x00000000800116c8       0x20 ./libelibc.a(stdio.o)

.srodata        0x00000000800116e8        0x8
 .srodata       0x00000000800116e8        0x8 ./libelibc.a(stdlib.o)

.eh_frame       0x00000000800116f0       0x28
 .eh_frame      0x00000000800116f0       0x28 /opt/riscv/lib/gcc/riscv32-unknown-elf/12.2.0/libgcc.a(_udivdi3.o)

.rela.dyn       0x0000000080011718        0x0
 .rela.sdata    0x0000000080011718        0x0 ocr_0.o
 .rela.srodata  0x0000000080011718        0x0 ocr_0.o

.data           0x0000000080041000      0xae0
 *(.data)
 .data          0x0000000080041000        0x0 ocr_0.o
 .data          0x0000000080041000        0x0 neuronet.o
 .data          0x0000000080041000        0x0 file_read.o
 .data          0x0000000080041000        0x0 ./libelibc.a(crt0.o)
 .data          0x0000000080041000        0x0 ./libelibc.a(stdio.o)
 .data          0x0000000080041000        0x0 ./libelibc.a(stdlib.o)
 .data          0x0000000080041000        0x0 ./libelibc.a(string.o)
 .data          0x0000000080041000        0x0 ./libelibc.a(time.o)
 .data          0x0000000080041000        0x0 ./libelibc.a(uart.o)
 .data          0x0000000080041000        0x0 ./libelibc.a(fat32.o)
 .data          0x0000000080041000        0x0 ./libelibc.a(sd.o)
 .data          0x0000000080041000        0x0 ./libelibc.a(spi.o)
 .data          0x0000000080041000        0x0 /opt/riscv/lib/gcc/riscv32-unknown-elf/12.2.0/libgcc.a(_udivdi3.o)
 .data          0x0000000080041000        0x0 /opt/riscv/lib/gcc/riscv32-unknown-elf/12.2.0/libgcc.a(adddf3.o)
 .data          0x0000000080041000        0x0 /opt/riscv/lib/gcc/riscv32-unknown-elf/12.2.0/libgcc.a(divdf3.o)
 .data          0x0000000080041000        0x0 /opt/riscv/lib/gcc/riscv32-unknown-elf/12.2.0/libgcc.a(gedf2.o)
 .data          0x0000000080041000        0x0 /opt/riscv/lib/gcc/riscv32-unknown-elf/12.2.0/libgcc.a(ledf2.o)
 .data          0x0000000080041000        0x0 /opt/riscv/lib/gcc/riscv32-unknown-elf/12.2.0/libgcc.a(muldf3.o)
 .data          0x0000000080041000        0x0 /opt/riscv/lib/gcc/riscv32-unknown-elf/12.2.0/libgcc.a(subdf3.o)
 .data          0x0000000080041000        0x0 /opt/riscv/lib/gcc/riscv32-unknown-elf/12.2.0/libgcc.a(fixunsdfsi.o)
 .data          0x0000000080041000        0x0 /opt/riscv/lib/gcc/riscv32-unknown-elf/12.2.0/libgcc.a(floatunsidf.o)
 .data          0x0000000080041000        0x0 /opt/riscv/lib/gcc/riscv32-unknown-elf/12.2.0/libgcc.a(fixunsdfdi.o)
 .data          0x0000000080041000        0x0 /opt/riscv/lib/gcc/riscv32-unknown-elf/12.2.0/libgcc.a(addsf3.o)
 .data          0x0000000080041000        0x0 /opt/riscv/lib/gcc/riscv32-unknown-elf/12.2.0/libgcc.a(divsf3.o)
 .data          0x0000000080041000        0x0 /opt/riscv/lib/gcc/riscv32-unknown-elf/12.2.0/libgcc.a(gesf2.o)
 .data          0x0000000080041000        0x0 /opt/riscv/lib/gcc/riscv32-unknown-elf/12.2.0/libgcc.a(lesf2.o)
 .data          0x0000000080041000        0x0 /opt/riscv/lib/gcc/riscv32-unknown-elf/12.2.0/libgcc.a(mulsf3.o)
 .data          0x0000000080041000        0x0 /opt/riscv/lib/gcc/riscv32-unknown-elf/12.2.0/libgcc.a(subsf3.o)
 .data          0x0000000080041000        0x0 /opt/riscv/lib/gcc/riscv32-unknown-elf/12.2.0/libgcc.a(fixunssfsi.o)
 .data          0x0000000080041000        0x0 /opt/riscv/lib/gcc/riscv32-unknown-elf/12.2.0/libgcc.a(floatsisf.o)
 .data          0x0000000080041000        0x0 /opt/riscv/lib/gcc/riscv32-unknown-elf/12.2.0/libgcc.a(floatunsisf.o)
 .data          0x0000000080041000        0x0 /opt/riscv/lib/gcc/riscv32-unknown-elf/12.2.0/libgcc.a(extendsfdf2.o)
 .data          0x0000000080041000        0x0 /opt/riscv/lib/gcc/riscv32-unknown-elf/12.2.0/libgcc.a(_ashldi3.o)
 .data          0x0000000080041000        0x0 /opt/riscv/lib/gcc/riscv32-unknown-elf/12.2.0/libgcc.a(_clz.o)
 .data          0x0000000080041000        0x0 /opt/riscv/lib/gcc/riscv32-unknown-elf/12.2.0/libgcc.a(_clzsi2.o)
 *(.bss)
 .bss           0x0000000080041000        0x0 ocr_0.o
 .bss           0x0000000080041000       0x60 neuronet.o
                0x0000000080041000                n_neurons
                0x0000000080041020                nn
 .bss           0x0000000080041060        0x0 file_read.o
 .bss           0x0000000080041060        0x0 ./libelibc.a(crt0.o)
 .bss           0x0000000080041060        0x0 ./libelibc.a(stdio.o)
 .bss           0x0000000080041060        0x0 ./libelibc.a(stdlib.o)
 .bss           0x0000000080041060        0x0 ./libelibc.a(string.o)
 .bss           0x0000000080041060        0x0 ./libelibc.a(time.o)
 .bss           0x0000000080041060        0x0 ./libelibc.a(uart.o)
 .bss           0x0000000080041060      0xa00 ./libelibc.a(fat32.o)
 .bss           0x0000000080041a60       0x80 ./libelibc.a(sd.o)
 .bss           0x0000000080041ae0        0x0 ./libelibc.a(spi.o)
 .bss           0x0000000080041ae0        0x0 /opt/riscv/lib/gcc/riscv32-unknown-elf/12.2.0/libgcc.a(_udivdi3.o)
 .bss           0x0000000080041ae0        0x0 /opt/riscv/lib/gcc/riscv32-unknown-elf/12.2.0/libgcc.a(adddf3.o)
 .bss           0x0000000080041ae0        0x0 /opt/riscv/lib/gcc/riscv32-unknown-elf/12.2.0/libgcc.a(divdf3.o)
 .bss           0x0000000080041ae0        0x0 /opt/riscv/lib/gcc/riscv32-unknown-elf/12.2.0/libgcc.a(gedf2.o)
 .bss           0x0000000080041ae0        0x0 /opt/riscv/lib/gcc/riscv32-unknown-elf/12.2.0/libgcc.a(ledf2.o)
 .bss           0x0000000080041ae0        0x0 /opt/riscv/lib/gcc/riscv32-unknown-elf/12.2.0/libgcc.a(muldf3.o)
 .bss           0x0000000080041ae0        0x0 /opt/riscv/lib/gcc/riscv32-unknown-elf/12.2.0/libgcc.a(subdf3.o)
 .bss           0x0000000080041ae0        0x0 /opt/riscv/lib/gcc/riscv32-unknown-elf/12.2.0/libgcc.a(fixunsdfsi.o)
 .bss           0x0000000080041ae0        0x0 /opt/riscv/lib/gcc/riscv32-unknown-elf/12.2.0/libgcc.a(floatunsidf.o)
 .bss           0x0000000080041ae0        0x0 /opt/riscv/lib/gcc/riscv32-unknown-elf/12.2.0/libgcc.a(fixunsdfdi.o)
 .bss           0x0000000080041ae0        0x0 /opt/riscv/lib/gcc/riscv32-unknown-elf/12.2.0/libgcc.a(addsf3.o)
 .bss           0x0000000080041ae0        0x0 /opt/riscv/lib/gcc/riscv32-unknown-elf/12.2.0/libgcc.a(divsf3.o)
 .bss           0x0000000080041ae0        0x0 /opt/riscv/lib/gcc/riscv32-unknown-elf/12.2.0/libgcc.a(gesf2.o)
 .bss           0x0000000080041ae0        0x0 /opt/riscv/lib/gcc/riscv32-unknown-elf/12.2.0/libgcc.a(lesf2.o)
 .bss           0x0000000080041ae0        0x0 /opt/riscv/lib/gcc/riscv32-unknown-elf/12.2.0/libgcc.a(mulsf3.o)
 .bss           0x0000000080041ae0        0x0 /opt/riscv/lib/gcc/riscv32-unknown-elf/12.2.0/libgcc.a(subsf3.o)
 .bss           0x0000000080041ae0        0x0 /opt/riscv/lib/gcc/riscv32-unknown-elf/12.2.0/libgcc.a(fixunssfsi.o)
 .bss           0x0000000080041ae0        0x0 /opt/riscv/lib/gcc/riscv32-unknown-elf/12.2.0/libgcc.a(floatsisf.o)
 .bss           0x0000000080041ae0        0x0 /opt/riscv/lib/gcc/riscv32-unknown-elf/12.2.0/libgcc.a(floatunsisf.o)
 .bss           0x0000000080041ae0        0x0 /opt/riscv/lib/gcc/riscv32-unknown-elf/12.2.0/libgcc.a(extendsfdf2.o)
 .bss           0x0000000080041ae0        0x0 /opt/riscv/lib/gcc/riscv32-unknown-elf/12.2.0/libgcc.a(_ashldi3.o)
 .bss           0x0000000080041ae0        0x0 /opt/riscv/lib/gcc/riscv32-unknown-elf/12.2.0/libgcc.a(_clz.o)
 .bss           0x0000000080041ae0        0x0 /opt/riscv/lib/gcc/riscv32-unknown-elf/12.2.0/libgcc.a(_clzsi2.o)

.sdata          0x0000000080041ae0       0x64
 .sdata         0x0000000080041ae0       0x18 neuronet.o
                0x0000000080041ae0                mask
                0x0000000080041ae4                done_eval
                0x0000000080041ae8                done_calc
                0x0000000080041aec                done_memcpy
                0x0000000080041af0                done_init
                0x0000000080041af4                print_lock
 .sdata         0x0000000080041af8        0x4 file_read.o
                0x0000000080041af8                fbuf
 .sdata         0x0000000080041afc       0x20 ./libelibc.a(crt0.o)
                0x0000000080041afc                stack_top_7
                0x0000000080041b00                stack_top_6
                0x0000000080041b04                stack_top_5
                0x0000000080041b08                stack_top_4
                0x0000000080041b0c                stack_top_3
                0x0000000080041b10                stack_top_2
                0x0000000080041b14                stack_top_1
                0x0000000080041b18                stack_top_0
 .sdata         0x0000000080041b1c       0x1c ./libelibc.a(stdio.o)
                0x0000000080041b1c                stderr
                0x0000000080041b20                stdout
                0x0000000080041b24                stdin
 .sdata         0x0000000080041b38        0xc ./libelibc.a(stdlib.o)

.sbss           0x0000000080041b44       0x3c
 .sbss          0x0000000080041b44       0x2c neuronet.o
                0x0000000080041b44                weights
                0x0000000080041b48                labels
                0x0000000080041b4c                images
                0x0000000080041b50                ticks_per_msec
                0x0000000080041b54                tick
                0x0000000080041b58                correct_count
                0x0000000080041b5c                n_cols
                0x0000000080041b60                n_rows
                0x0000000080041b64                n_images
                0x0000000080041b68                class_id
                0x0000000080041b6c                n_layers
 .sbss          0x0000000080041b70        0x4 file_read.o
 .sbss          0x0000000080041b74        0x4 ./libelibc.a(crt0.o)
                0x0000000080041b74                sp_store
 .sbss          0x0000000080041b78        0x8 ./libelibc.a(stdio.o)

.heap           0x0000000080051000   0x800000
                0x0000000080051000                __heap_start = .
                0x0000000080851000                . = (. + __heap_size)
 *fill*         0x0000000080051000   0x800000 

.stack0         0x0000000080851000    0x50000
                0x00000000808a1000                . = (. + __stack_size)
 *fill*         0x0000000080851000    0x50000 
                0x00000000808a1000                __stack_top_0 = .

.stack1         0x00000000808a1000    0x50000
                0x00000000808f1000                . = (. + __stack_size)
 *fill*         0x00000000808a1000    0x50000 
                0x00000000808f1000                __stack_top_1 = .

.stack2         0x00000000808f1000    0x50000
                0x0000000080941000                . = (. + __stack_size)
 *fill*         0x00000000808f1000    0x50000 
                0x0000000080941000                __stack_top_2 = .

.stack3         0x0000000080941000    0x50000
                0x0000000080991000                . = (. + __stack_size)
 *fill*         0x0000000080941000    0x50000 
                0x0000000080991000                __stack_top_3 = .

.stack4         0x0000000080991000    0x50000
                0x00000000809e1000                . = (. + __stack_size)
 *fill*         0x0000000080991000    0x50000 
                0x00000000809e1000                __stack_top_4 = .

.stack5         0x00000000809e1000    0x50000
                0x0000000080a31000                . = (. + __stack_size)
 *fill*         0x00000000809e1000    0x50000 
                0x0000000080a31000                __stack_top_5 = .

.stack6         0x0000000080a31000    0x50000
                0x0000000080a81000                . = (. + __stack_size)
 *fill*         0x0000000080a31000    0x50000 
                0x0000000080a81000                __stack_top_6 = .

.stack7         0x0000000080a81000    0x50000
                0x0000000080ad1000                . = (. + __stack_size)
 *fill*         0x0000000080a81000    0x50000 
                0x0000000080ad1000                __stack_top_7 = .
LOAD ocr_0.o
LOAD neuronet.o
LOAD file_read.o
LOAD ./libelibc.a
LOAD /opt/riscv/lib/gcc/riscv32-unknown-elf/12.2.0/libgcc.a
OUTPUT(ocr_0.elf elf32-littleriscv)

.comment        0x0000000000000000       0x1b
 .comment       0x0000000000000000       0x1b ocr_0.o
                                         0x1c (鬆開之前的大小)
 .comment       0x000000000000001b       0x1c neuronet.o
 .comment       0x000000000000001b       0x1c file_read.o
 .comment       0x000000000000001b       0x1c ./libelibc.a(crt0.o)
 .comment       0x000000000000001b       0x1c ./libelibc.a(stdio.o)
 .comment       0x000000000000001b       0x1c ./libelibc.a(stdlib.o)
 .comment       0x000000000000001b       0x1c ./libelibc.a(string.o)
 .comment       0x000000000000001b       0x1c ./libelibc.a(time.o)
 .comment       0x000000000000001b       0x1c ./libelibc.a(uart.o)
 .comment       0x000000000000001b       0x1c ./libelibc.a(fat32.o)
 .comment       0x000000000000001b       0x1c ./libelibc.a(sd.o)
 .comment       0x000000000000001b       0x1c ./libelibc.a(spi.o)
 .comment       0x000000000000001b       0x1c /opt/riscv/lib/gcc/riscv32-unknown-elf/12.2.0/libgcc.a(_udivdi3.o)
 .comment       0x000000000000001b       0x1c /opt/riscv/lib/gcc/riscv32-unknown-elf/12.2.0/libgcc.a(adddf3.o)
 .comment       0x000000000000001b       0x1c /opt/riscv/lib/gcc/riscv32-unknown-elf/12.2.0/libgcc.a(divdf3.o)
 .comment       0x000000000000001b       0x1c /opt/riscv/lib/gcc/riscv32-unknown-elf/12.2.0/libgcc.a(gedf2.o)
 .comment       0x000000000000001b       0x1c /opt/riscv/lib/gcc/riscv32-unknown-elf/12.2.0/libgcc.a(ledf2.o)
 .comment       0x000000000000001b       0x1c /opt/riscv/lib/gcc/riscv32-unknown-elf/12.2.0/libgcc.a(muldf3.o)
 .comment       0x000000000000001b       0x1c /opt/riscv/lib/gcc/riscv32-unknown-elf/12.2.0/libgcc.a(subdf3.o)
 .comment       0x000000000000001b       0x1c /opt/riscv/lib/gcc/riscv32-unknown-elf/12.2.0/libgcc.a(fixunsdfsi.o)
 .comment       0x000000000000001b       0x1c /opt/riscv/lib/gcc/riscv32-unknown-elf/12.2.0/libgcc.a(floatunsidf.o)
 .comment       0x000000000000001b       0x1c /opt/riscv/lib/gcc/riscv32-unknown-elf/12.2.0/libgcc.a(fixunsdfdi.o)
 .comment       0x000000000000001b       0x1c /opt/riscv/lib/gcc/riscv32-unknown-elf/12.2.0/libgcc.a(addsf3.o)
 .comment       0x000000000000001b       0x1c /opt/riscv/lib/gcc/riscv32-unknown-elf/12.2.0/libgcc.a(divsf3.o)
 .comment       0x000000000000001b       0x1c /opt/riscv/lib/gcc/riscv32-unknown-elf/12.2.0/libgcc.a(gesf2.o)
 .comment       0x000000000000001b       0x1c /opt/riscv/lib/gcc/riscv32-unknown-elf/12.2.0/libgcc.a(lesf2.o)
 .comment       0x000000000000001b       0x1c /opt/riscv/lib/gcc/riscv32-unknown-elf/12.2.0/libgcc.a(mulsf3.o)
 .comment       0x000000000000001b       0x1c /opt/riscv/lib/gcc/riscv32-unknown-elf/12.2.0/libgcc.a(subsf3.o)
 .comment       0x000000000000001b       0x1c /opt/riscv/lib/gcc/riscv32-unknown-elf/12.2.0/libgcc.a(fixunssfsi.o)
 .comment       0x000000000000001b       0x1c /opt/riscv/lib/gcc/riscv32-unknown-elf/12.2.0/libgcc.a(floatsisf.o)
 .comment       0x000000000000001b       0x1c /opt/riscv/lib/gcc/riscv32-unknown-elf/12.2.0/libgcc.a(floatunsisf.o)
 .comment       0x000000000000001b       0x1c /opt/riscv/lib/gcc/riscv32-unknown-elf/12.2.0/libgcc.a(extendsfdf2.o)
 .comment       0x000000000000001b       0x1c /opt/riscv/lib/gcc/riscv32-unknown-elf/12.2.0/libgcc.a(_ashldi3.o)
 .comment       0x000000000000001b       0x1c /opt/riscv/lib/gcc/riscv32-unknown-elf/12.2.0/libgcc.a(_clz.o)
 .comment       0x000000000000001b       0x1c /opt/riscv/lib/gcc/riscv32-unknown-elf/12.2.0/libgcc.a(_clzsi2.o)

.riscv.attributes
                0x0000000000000000       0x2a
 .riscv.attributes
                0x0000000000000000       0x2a ocr_0.o
 .riscv.attributes
                0x000000000000002a       0x26 neuronet.o
 .riscv.attributes
                0x0000000000000050       0x26 file_read.o
 .riscv.attributes
                0x0000000000000076       0x2a ./libelibc.a(crt0.o)
 .riscv.attributes
                0x00000000000000a0       0x26 ./libelibc.a(stdio.o)
 .riscv.attributes
                0x00000000000000c6       0x26 ./libelibc.a(stdlib.o)
 .riscv.attributes
                0x00000000000000ec       0x26 ./libelibc.a(string.o)
 .riscv.attributes
                0x0000000000000112       0x2a ./libelibc.a(time.o)
 .riscv.attributes
                0x000000000000013c       0x26 ./libelibc.a(uart.o)
 .riscv.attributes
                0x0000000000000162       0x26 ./libelibc.a(fat32.o)
 .riscv.attributes
                0x0000000000000188       0x26 ./libelibc.a(sd.o)
 .riscv.attributes
                0x00000000000001ae       0x26 ./libelibc.a(spi.o)
 .riscv.attributes
                0x00000000000001d4       0x26 /opt/riscv/lib/gcc/riscv32-unknown-elf/12.2.0/libgcc.a(_udivdi3.o)
 .riscv.attributes
                0x00000000000001fa       0x26 /opt/riscv/lib/gcc/riscv32-unknown-elf/12.2.0/libgcc.a(adddf3.o)
 .riscv.attributes
                0x0000000000000220       0x26 /opt/riscv/lib/gcc/riscv32-unknown-elf/12.2.0/libgcc.a(divdf3.o)
 .riscv.attributes
                0x0000000000000246       0x26 /opt/riscv/lib/gcc/riscv32-unknown-elf/12.2.0/libgcc.a(gedf2.o)
 .riscv.attributes
                0x000000000000026c       0x26 /opt/riscv/lib/gcc/riscv32-unknown-elf/12.2.0/libgcc.a(ledf2.o)
 .riscv.attributes
                0x0000000000000292       0x26 /opt/riscv/lib/gcc/riscv32-unknown-elf/12.2.0/libgcc.a(muldf3.o)
 .riscv.attributes
                0x00000000000002b8       0x26 /opt/riscv/lib/gcc/riscv32-unknown-elf/12.2.0/libgcc.a(subdf3.o)
 .riscv.attributes
                0x00000000000002de       0x26 /opt/riscv/lib/gcc/riscv32-unknown-elf/12.2.0/libgcc.a(fixunsdfsi.o)
 .riscv.attributes
                0x0000000000000304       0x26 /opt/riscv/lib/gcc/riscv32-unknown-elf/12.2.0/libgcc.a(floatunsidf.o)
 .riscv.attributes
                0x000000000000032a       0x26 /opt/riscv/lib/gcc/riscv32-unknown-elf/12.2.0/libgcc.a(fixunsdfdi.o)
 .riscv.attributes
                0x0000000000000350       0x26 /opt/riscv/lib/gcc/riscv32-unknown-elf/12.2.0/libgcc.a(addsf3.o)
 .riscv.attributes
                0x0000000000000376       0x26 /opt/riscv/lib/gcc/riscv32-unknown-elf/12.2.0/libgcc.a(divsf3.o)
 .riscv.attributes
                0x000000000000039c       0x26 /opt/riscv/lib/gcc/riscv32-unknown-elf/12.2.0/libgcc.a(gesf2.o)
 .riscv.attributes
                0x00000000000003c2       0x26 /opt/riscv/lib/gcc/riscv32-unknown-elf/12.2.0/libgcc.a(lesf2.o)
 .riscv.attributes
                0x00000000000003e8       0x26 /opt/riscv/lib/gcc/riscv32-unknown-elf/12.2.0/libgcc.a(mulsf3.o)
 .riscv.attributes
                0x000000000000040e       0x26 /opt/riscv/lib/gcc/riscv32-unknown-elf/12.2.0/libgcc.a(subsf3.o)
 .riscv.attributes
                0x0000000000000434       0x26 /opt/riscv/lib/gcc/riscv32-unknown-elf/12.2.0/libgcc.a(fixunssfsi.o)
 .riscv.attributes
                0x000000000000045a       0x26 /opt/riscv/lib/gcc/riscv32-unknown-elf/12.2.0/libgcc.a(floatsisf.o)
 .riscv.attributes
                0x0000000000000480       0x26 /opt/riscv/lib/gcc/riscv32-unknown-elf/12.2.0/libgcc.a(floatunsisf.o)
 .riscv.attributes
                0x00000000000004a6       0x26 /opt/riscv/lib/gcc/riscv32-unknown-elf/12.2.0/libgcc.a(extendsfdf2.o)
 .riscv.attributes
                0x00000000000004cc       0x26 /opt/riscv/lib/gcc/riscv32-unknown-elf/12.2.0/libgcc.a(_ashldi3.o)
 .riscv.attributes
                0x00000000000004f2       0x26 /opt/riscv/lib/gcc/riscv32-unknown-elf/12.2.0/libgcc.a(_clz.o)
 .riscv.attributes
                0x0000000000000518       0x26 /opt/riscv/lib/gcc/riscv32-unknown-elf/12.2.0/libgcc.a(_clzsi2.o)

.debug_info     0x0000000000000000     0x44f5
 .debug_info    0x0000000000000000      0x761 /opt/riscv/lib/gcc/riscv32-unknown-elf/12.2.0/libgcc.a(_udivdi3.o)
 .debug_info    0x0000000000000761      0x4fe /opt/riscv/lib/gcc/riscv32-unknown-elf/12.2.0/libgcc.a(adddf3.o)
 .debug_info    0x0000000000000c5f      0x683 /opt/riscv/lib/gcc/riscv32-unknown-elf/12.2.0/libgcc.a(divdf3.o)
 .debug_info    0x00000000000012e2      0x224 /opt/riscv/lib/gcc/riscv32-unknown-elf/12.2.0/libgcc.a(gedf2.o)
 .debug_info    0x0000000000001506      0x224 /opt/riscv/lib/gcc/riscv32-unknown-elf/12.2.0/libgcc.a(ledf2.o)
 .debug_info    0x000000000000172a      0x6b4 /opt/riscv/lib/gcc/riscv32-unknown-elf/12.2.0/libgcc.a(muldf3.o)
 .debug_info    0x0000000000001dde      0x4f5 /opt/riscv/lib/gcc/riscv32-unknown-elf/12.2.0/libgcc.a(subdf3.o)
 .debug_info    0x00000000000022d3      0x1ad /opt/riscv/lib/gcc/riscv32-unknown-elf/12.2.0/libgcc.a(fixunsdfsi.o)
 .debug_info    0x0000000000002480      0x25d /opt/riscv/lib/gcc/riscv32-unknown-elf/12.2.0/libgcc.a(floatunsidf.o)
 .debug_info    0x00000000000026dd      0x1c9 /opt/riscv/lib/gcc/riscv32-unknown-elf/12.2.0/libgcc.a(fixunsdfdi.o)
 .debug_info    0x00000000000028a6      0x2f0 /opt/riscv/lib/gcc/riscv32-unknown-elf/12.2.0/libgcc.a(addsf3.o)
 .debug_info    0x0000000000002b96      0x360 /opt/riscv/lib/gcc/riscv32-unknown-elf/12.2.0/libgcc.a(divsf3.o)
 .debug_info    0x0000000000002ef6      0x1fc /opt/riscv/lib/gcc/riscv32-unknown-elf/12.2.0/libgcc.a(gesf2.o)
 .debug_info    0x00000000000030f2      0x1fc /opt/riscv/lib/gcc/riscv32-unknown-elf/12.2.0/libgcc.a(lesf2.o)
 .debug_info    0x00000000000032ee      0x354 /opt/riscv/lib/gcc/riscv32-unknown-elf/12.2.0/libgcc.a(mulsf3.o)
 .debug_info    0x0000000000003642      0x2ec /opt/riscv/lib/gcc/riscv32-unknown-elf/12.2.0/libgcc.a(subsf3.o)
 .debug_info    0x000000000000392e      0x19b /opt/riscv/lib/gcc/riscv32-unknown-elf/12.2.0/libgcc.a(fixunssfsi.o)
 .debug_info    0x0000000000003ac9      0x213 /opt/riscv/lib/gcc/riscv32-unknown-elf/12.2.0/libgcc.a(floatsisf.o)
 .debug_info    0x0000000000003cdc      0x20a /opt/riscv/lib/gcc/riscv32-unknown-elf/12.2.0/libgcc.a(floatunsisf.o)
 .debug_info    0x0000000000003ee6      0x254 /opt/riscv/lib/gcc/riscv32-unknown-elf/12.2.0/libgcc.a(extendsfdf2.o)
 .debug_info    0x000000000000413a      0x1a1 /opt/riscv/lib/gcc/riscv32-unknown-elf/12.2.0/libgcc.a(_ashldi3.o)
 .debug_info    0x00000000000042db       0xd8 /opt/riscv/lib/gcc/riscv32-unknown-elf/12.2.0/libgcc.a(_clz.o)
 .debug_info    0x00000000000043b3      0x142 /opt/riscv/lib/gcc/riscv32-unknown-elf/12.2.0/libgcc.a(_clzsi2.o)

.debug_abbrev   0x0000000000000000     0x1e7d
 .debug_abbrev  0x0000000000000000      0x1a6 /opt/riscv/lib/gcc/riscv32-unknown-elf/12.2.0/libgcc.a(_udivdi3.o)
 .debug_abbrev  0x00000000000001a6      0x17f /opt/riscv/lib/gcc/riscv32-unknown-elf/12.2.0/libgcc.a(adddf3.o)
 .debug_abbrev  0x0000000000000325      0x17c /opt/riscv/lib/gcc/riscv32-unknown-elf/12.2.0/libgcc.a(divdf3.o)
 .debug_abbrev  0x00000000000004a1      0x153 /opt/riscv/lib/gcc/riscv32-unknown-elf/12.2.0/libgcc.a(gedf2.o)
 .debug_abbrev  0x00000000000005f4      0x153 /opt/riscv/lib/gcc/riscv32-unknown-elf/12.2.0/libgcc.a(ledf2.o)
 .debug_abbrev  0x0000000000000747      0x185 /opt/riscv/lib/gcc/riscv32-unknown-elf/12.2.0/libgcc.a(muldf3.o)
 .debug_abbrev  0x00000000000008cc      0x176 /opt/riscv/lib/gcc/riscv32-unknown-elf/12.2.0/libgcc.a(subdf3.o)
 .debug_abbrev  0x0000000000000a42      0x162 /opt/riscv/lib/gcc/riscv32-unknown-elf/12.2.0/libgcc.a(fixunsdfsi.o)
 .debug_abbrev  0x0000000000000ba4      0x163 /opt/riscv/lib/gcc/riscv32-unknown-elf/12.2.0/libgcc.a(floatunsidf.o)
 .debug_abbrev  0x0000000000000d07      0x15f /opt/riscv/lib/gcc/riscv32-unknown-elf/12.2.0/libgcc.a(fixunsdfdi.o)
 .debug_abbrev  0x0000000000000e66      0x16d /opt/riscv/lib/gcc/riscv32-unknown-elf/12.2.0/libgcc.a(addsf3.o)
 .debug_abbrev  0x0000000000000fd3      0x14c /opt/riscv/lib/gcc/riscv32-unknown-elf/12.2.0/libgcc.a(divsf3.o)
 .debug_abbrev  0x000000000000111f      0x15f /opt/riscv/lib/gcc/riscv32-unknown-elf/12.2.0/libgcc.a(gesf2.o)
 .debug_abbrev  0x000000000000127e      0x15f /opt/riscv/lib/gcc/riscv32-unknown-elf/12.2.0/libgcc.a(lesf2.o)
 .debug_abbrev  0x00000000000013dd      0x15b /opt/riscv/lib/gcc/riscv32-unknown-elf/12.2.0/libgcc.a(mulsf3.o)
 .debug_abbrev  0x0000000000001538      0x164 /opt/riscv/lib/gcc/riscv32-unknown-elf/12.2.0/libgcc.a(subsf3.o)
 .debug_abbrev  0x000000000000169c      0x14d /opt/riscv/lib/gcc/riscv32-unknown-elf/12.2.0/libgcc.a(fixunssfsi.o)
 .debug_abbrev  0x00000000000017e9      0x16d /opt/riscv/lib/gcc/riscv32-unknown-elf/12.2.0/libgcc.a(floatsisf.o)
 .debug_abbrev  0x0000000000001956      0x186 /opt/riscv/lib/gcc/riscv32-unknown-elf/12.2.0/libgcc.a(floatunsisf.o)
 .debug_abbrev  0x0000000000001adc      0x15b /opt/riscv/lib/gcc/riscv32-unknown-elf/12.2.0/libgcc.a(extendsfdf2.o)
 .debug_abbrev  0x0000000000001c37      0x10c /opt/riscv/lib/gcc/riscv32-unknown-elf/12.2.0/libgcc.a(_ashldi3.o)
 .debug_abbrev  0x0000000000001d43       0x70 /opt/riscv/lib/gcc/riscv32-unknown-elf/12.2.0/libgcc.a(_clz.o)
 .debug_abbrev  0x0000000000001db3       0xca /opt/riscv/lib/gcc/riscv32-unknown-elf/12.2.0/libgcc.a(_clzsi2.o)

.debug_loclists
                0x0000000000000000     0x7cc1
 .debug_loclists
                0x0000000000000000      0xa4c /opt/riscv/lib/gcc/riscv32-unknown-elf/12.2.0/libgcc.a(_udivdi3.o)
 .debug_loclists
                0x0000000000000a4c     0x10f5 /opt/riscv/lib/gcc/riscv32-unknown-elf/12.2.0/libgcc.a(adddf3.o)
 .debug_loclists
                0x0000000000001b41      0xf0a /opt/riscv/lib/gcc/riscv32-unknown-elf/12.2.0/libgcc.a(divdf3.o)
 .debug_loclists
                0x0000000000002a4b      0x2f9 /opt/riscv/lib/gcc/riscv32-unknown-elf/12.2.0/libgcc.a(gedf2.o)
 .debug_loclists
                0x0000000000002d44      0x2f9 /opt/riscv/lib/gcc/riscv32-unknown-elf/12.2.0/libgcc.a(ledf2.o)
 .debug_loclists
                0x000000000000303d      0xc0f /opt/riscv/lib/gcc/riscv32-unknown-elf/12.2.0/libgcc.a(muldf3.o)
 .debug_loclists
                0x0000000000003c4c     0x1248 /opt/riscv/lib/gcc/riscv32-unknown-elf/12.2.0/libgcc.a(subdf3.o)
 .debug_loclists
                0x0000000000004e94       0xdc /opt/riscv/lib/gcc/riscv32-unknown-elf/12.2.0/libgcc.a(fixunsdfsi.o)
 .debug_loclists
                0x0000000000004f70      0x137 /opt/riscv/lib/gcc/riscv32-unknown-elf/12.2.0/libgcc.a(floatunsidf.o)
 .debug_loclists
                0x00000000000050a7      0x17f /opt/riscv/lib/gcc/riscv32-unknown-elf/12.2.0/libgcc.a(fixunsdfdi.o)
 .debug_loclists
                0x0000000000005226      0xbdb /opt/riscv/lib/gcc/riscv32-unknown-elf/12.2.0/libgcc.a(addsf3.o)
 .debug_loclists
                0x0000000000005e01      0x5e0 /opt/riscv/lib/gcc/riscv32-unknown-elf/12.2.0/libgcc.a(divsf3.o)
 .debug_loclists
                0x00000000000063e1       0xe1 /opt/riscv/lib/gcc/riscv32-unknown-elf/12.2.0/libgcc.a(gesf2.o)
 .debug_loclists
                0x00000000000064c2       0xe1 /opt/riscv/lib/gcc/riscv32-unknown-elf/12.2.0/libgcc.a(lesf2.o)
 .debug_loclists
                0x00000000000065a3      0x4f0 /opt/riscv/lib/gcc/riscv32-unknown-elf/12.2.0/libgcc.a(mulsf3.o)
 .debug_loclists
                0x0000000000006a93      0xafe /opt/riscv/lib/gcc/riscv32-unknown-elf/12.2.0/libgcc.a(subsf3.o)
 .debug_loclists
                0x0000000000007591       0xca /opt/riscv/lib/gcc/riscv32-unknown-elf/12.2.0/libgcc.a(fixunssfsi.o)
 .debug_loclists
                0x000000000000765b      0x1e8 /opt/riscv/lib/gcc/riscv32-unknown-elf/12.2.0/libgcc.a(floatsisf.o)
 .debug_loclists
                0x0000000000007843      0x1a6 /opt/riscv/lib/gcc/riscv32-unknown-elf/12.2.0/libgcc.a(floatunsisf.o)
 .debug_loclists
                0x00000000000079e9      0x1cf /opt/riscv/lib/gcc/riscv32-unknown-elf/12.2.0/libgcc.a(extendsfdf2.o)
 .debug_loclists
                0x0000000000007bb8       0xa7 /opt/riscv/lib/gcc/riscv32-unknown-elf/12.2.0/libgcc.a(_ashldi3.o)
 .debug_loclists
                0x0000000000007c5f       0x62 /opt/riscv/lib/gcc/riscv32-unknown-elf/12.2.0/libgcc.a(_clzsi2.o)

.debug_aranges  0x0000000000000000      0x2d8
 .debug_aranges
                0x0000000000000000       0x20 /opt/riscv/lib/gcc/riscv32-unknown-elf/12.2.0/libgcc.a(_udivdi3.o)
 .debug_aranges
                0x0000000000000020       0x20 /opt/riscv/lib/gcc/riscv32-unknown-elf/12.2.0/libgcc.a(adddf3.o)
 .debug_aranges
                0x0000000000000040       0x20 /opt/riscv/lib/gcc/riscv32-unknown-elf/12.2.0/libgcc.a(divdf3.o)
 .debug_aranges
                0x0000000000000060       0x20 /opt/riscv/lib/gcc/riscv32-unknown-elf/12.2.0/libgcc.a(gedf2.o)
 .debug_aranges
                0x0000000000000080       0x20 /opt/riscv/lib/gcc/riscv32-unknown-elf/12.2.0/libgcc.a(ledf2.o)
 .debug_aranges
                0x00000000000000a0       0x20 /opt/riscv/lib/gcc/riscv32-unknown-elf/12.2.0/libgcc.a(muldf3.o)
 .debug_aranges
                0x00000000000000c0       0x20 /opt/riscv/lib/gcc/riscv32-unknown-elf/12.2.0/libgcc.a(subdf3.o)
 .debug_aranges
                0x00000000000000e0       0x20 /opt/riscv/lib/gcc/riscv32-unknown-elf/12.2.0/libgcc.a(fixunsdfsi.o)
 .debug_aranges
                0x0000000000000100       0x20 /opt/riscv/lib/gcc/riscv32-unknown-elf/12.2.0/libgcc.a(floatunsidf.o)
 .debug_aranges
                0x0000000000000120       0x20 /opt/riscv/lib/gcc/riscv32-unknown-elf/12.2.0/libgcc.a(fixunsdfdi.o)
 .debug_aranges
                0x0000000000000140       0x20 /opt/riscv/lib/gcc/riscv32-unknown-elf/12.2.0/libgcc.a(addsf3.o)
 .debug_aranges
                0x0000000000000160       0x20 /opt/riscv/lib/gcc/riscv32-unknown-elf/12.2.0/libgcc.a(divsf3.o)
 .debug_aranges
                0x0000000000000180       0x20 /opt/riscv/lib/gcc/riscv32-unknown-elf/12.2.0/libgcc.a(gesf2.o)
 .debug_aranges
                0x00000000000001a0       0x20 /opt/riscv/lib/gcc/riscv32-unknown-elf/12.2.0/libgcc.a(lesf2.o)
 .debug_aranges
                0x00000000000001c0       0x20 /opt/riscv/lib/gcc/riscv32-unknown-elf/12.2.0/libgcc.a(mulsf3.o)
 .debug_aranges
                0x00000000000001e0       0x20 /opt/riscv/lib/gcc/riscv32-unknown-elf/12.2.0/libgcc.a(subsf3.o)
 .debug_aranges
                0x0000000000000200       0x20 /opt/riscv/lib/gcc/riscv32-unknown-elf/12.2.0/libgcc.a(fixunssfsi.o)
 .debug_aranges
                0x0000000000000220       0x20 /opt/riscv/lib/gcc/riscv32-unknown-elf/12.2.0/libgcc.a(floatsisf.o)
 .debug_aranges
                0x0000000000000240       0x20 /opt/riscv/lib/gcc/riscv32-unknown-elf/12.2.0/libgcc.a(floatunsisf.o)
 .debug_aranges
                0x0000000000000260       0x20 /opt/riscv/lib/gcc/riscv32-unknown-elf/12.2.0/libgcc.a(extendsfdf2.o)
 .debug_aranges
                0x0000000000000280       0x20 /opt/riscv/lib/gcc/riscv32-unknown-elf/12.2.0/libgcc.a(_ashldi3.o)
 .debug_aranges
                0x00000000000002a0       0x18 /opt/riscv/lib/gcc/riscv32-unknown-elf/12.2.0/libgcc.a(_clz.o)
 .debug_aranges
                0x00000000000002b8       0x20 /opt/riscv/lib/gcc/riscv32-unknown-elf/12.2.0/libgcc.a(_clzsi2.o)

.debug_rnglists
                0x0000000000000000     0x11ca
 .debug_rnglists
                0x0000000000000000      0x111 /opt/riscv/lib/gcc/riscv32-unknown-elf/12.2.0/libgcc.a(_udivdi3.o)
 .debug_rnglists
                0x0000000000000111      0x20f /opt/riscv/lib/gcc/riscv32-unknown-elf/12.2.0/libgcc.a(adddf3.o)
 .debug_rnglists
                0x0000000000000320      0x177 /opt/riscv/lib/gcc/riscv32-unknown-elf/12.2.0/libgcc.a(divdf3.o)
 .debug_rnglists
                0x0000000000000497       0x7b /opt/riscv/lib/gcc/riscv32-unknown-elf/12.2.0/libgcc.a(gedf2.o)
 .debug_rnglists
                0x0000000000000512       0x7b /opt/riscv/lib/gcc/riscv32-unknown-elf/12.2.0/libgcc.a(ledf2.o)
 .debug_rnglists
                0x000000000000058d      0x1e6 /opt/riscv/lib/gcc/riscv32-unknown-elf/12.2.0/libgcc.a(muldf3.o)
 .debug_rnglists
                0x0000000000000773      0x275 /opt/riscv/lib/gcc/riscv32-unknown-elf/12.2.0/libgcc.a(subdf3.o)
 .debug_rnglists
                0x00000000000009e8       0x28 /opt/riscv/lib/gcc/riscv32-unknown-elf/12.2.0/libgcc.a(fixunsdfsi.o)
 .debug_rnglists
                0x0000000000000a10       0x6a /opt/riscv/lib/gcc/riscv32-unknown-elf/12.2.0/libgcc.a(floatunsidf.o)
 .debug_rnglists
                0x0000000000000a7a       0x44 /opt/riscv/lib/gcc/riscv32-unknown-elf/12.2.0/libgcc.a(fixunsdfdi.o)
 .debug_rnglists
                0x0000000000000abe      0x1b0 /opt/riscv/lib/gcc/riscv32-unknown-elf/12.2.0/libgcc.a(addsf3.o)
 .debug_rnglists
                0x0000000000000c6e       0xd0 /opt/riscv/lib/gcc/riscv32-unknown-elf/12.2.0/libgcc.a(divsf3.o)
 .debug_rnglists
                0x0000000000000d3e       0x4d /opt/riscv/lib/gcc/riscv32-unknown-elf/12.2.0/libgcc.a(gesf2.o)
 .debug_rnglists
                0x0000000000000d8b       0x4d /opt/riscv/lib/gcc/riscv32-unknown-elf/12.2.0/libgcc.a(lesf2.o)
 .debug_rnglists
                0x0000000000000dd8       0xbd /opt/riscv/lib/gcc/riscv32-unknown-elf/12.2.0/libgcc.a(mulsf3.o)
 .debug_rnglists
                0x0000000000000e95      0x1cc /opt/riscv/lib/gcc/riscv32-unknown-elf/12.2.0/libgcc.a(subsf3.o)
 .debug_rnglists
                0x0000000000001061       0x1f /opt/riscv/lib/gcc/riscv32-unknown-elf/12.2.0/libgcc.a(fixunssfsi.o)
 .debug_rnglists
                0x0000000000001080       0x86 /opt/riscv/lib/gcc/riscv32-unknown-elf/12.2.0/libgcc.a(floatsisf.o)
 .debug_rnglists
                0x0000000000001106       0x61 /opt/riscv/lib/gcc/riscv32-unknown-elf/12.2.0/libgcc.a(floatunsisf.o)
 .debug_rnglists
                0x0000000000001167       0x3b /opt/riscv/lib/gcc/riscv32-unknown-elf/12.2.0/libgcc.a(extendsfdf2.o)
 .debug_rnglists
                0x00000000000011a2       0x28 /opt/riscv/lib/gcc/riscv32-unknown-elf/12.2.0/libgcc.a(_clzsi2.o)

.debug_line     0x0000000000000000     0x8b0b
 .debug_line    0x0000000000000000      0x713 /opt/riscv/lib/gcc/riscv32-unknown-elf/12.2.0/libgcc.a(_udivdi3.o)
 .debug_line    0x0000000000000713     0x1037 /opt/riscv/lib/gcc/riscv32-unknown-elf/12.2.0/libgcc.a(adddf3.o)
 .debug_line    0x000000000000174a      0xf87 /opt/riscv/lib/gcc/riscv32-unknown-elf/12.2.0/libgcc.a(divdf3.o)
 .debug_line    0x00000000000026d1      0x345 /opt/riscv/lib/gcc/riscv32-unknown-elf/12.2.0/libgcc.a(gedf2.o)
 .debug_line    0x0000000000002a16      0x345 /opt/riscv/lib/gcc/riscv32-unknown-elf/12.2.0/libgcc.a(ledf2.o)
 .debug_line    0x0000000000002d5b      0xe0b /opt/riscv/lib/gcc/riscv32-unknown-elf/12.2.0/libgcc.a(muldf3.o)
 .debug_line    0x0000000000003b66     0x118b /opt/riscv/lib/gcc/riscv32-unknown-elf/12.2.0/libgcc.a(subdf3.o)
 .debug_line    0x0000000000004cf1      0x177 /opt/riscv/lib/gcc/riscv32-unknown-elf/12.2.0/libgcc.a(fixunsdfsi.o)
 .debug_line    0x0000000000004e68      0x241 /opt/riscv/lib/gcc/riscv32-unknown-elf/12.2.0/libgcc.a(floatunsidf.o)
 .debug_line    0x00000000000050a9      0x1fd /opt/riscv/lib/gcc/riscv32-unknown-elf/12.2.0/libgcc.a(fixunsdfdi.o)
 .debug_line    0x00000000000052a6      0xa1c /opt/riscv/lib/gcc/riscv32-unknown-elf/12.2.0/libgcc.a(addsf3.o)
 .debug_line    0x0000000000005cc2      0x818 /opt/riscv/lib/gcc/riscv32-unknown-elf/12.2.0/libgcc.a(divsf3.o)
 .debug_line    0x00000000000064da      0x2f6 /opt/riscv/lib/gcc/riscv32-unknown-elf/12.2.0/libgcc.a(gesf2.o)
 .debug_line    0x00000000000067d0      0x2f6 /opt/riscv/lib/gcc/riscv32-unknown-elf/12.2.0/libgcc.a(lesf2.o)
 .debug_line    0x0000000000006ac6      0x77b /opt/riscv/lib/gcc/riscv32-unknown-elf/12.2.0/libgcc.a(mulsf3.o)
 .debug_line    0x0000000000007241      0xb55 /opt/riscv/lib/gcc/riscv32-unknown-elf/12.2.0/libgcc.a(subsf3.o)
 .debug_line    0x0000000000007d96      0x15f /opt/riscv/lib/gcc/riscv32-unknown-elf/12.2.0/libgcc.a(fixunssfsi.o)
 .debug_line    0x0000000000007ef5      0x361 /opt/riscv/lib/gcc/riscv32-unknown-elf/12.2.0/libgcc.a(floatsisf.o)
 .debug_line    0x0000000000008256      0x32b /opt/riscv/lib/gcc/riscv32-unknown-elf/12.2.0/libgcc.a(floatunsisf.o)
 .debug_line    0x0000000000008581      0x379 /opt/riscv/lib/gcc/riscv32-unknown-elf/12.2.0/libgcc.a(extendsfdf2.o)
 .debug_line    0x00000000000088fa      0x107 /opt/riscv/lib/gcc/riscv32-unknown-elf/12.2.0/libgcc.a(_ashldi3.o)
 .debug_line    0x0000000000008a01       0x3f /opt/riscv/lib/gcc/riscv32-unknown-elf/12.2.0/libgcc.a(_clz.o)
 .debug_line    0x0000000000008a40       0xcb /opt/riscv/lib/gcc/riscv32-unknown-elf/12.2.0/libgcc.a(_clzsi2.o)

.debug_str      0x0000000000000000      0x928
 .debug_str     0x0000000000000000      0x1e9 /opt/riscv/lib/gcc/riscv32-unknown-elf/12.2.0/libgcc.a(_udivdi3.o)
                                        0x249 (鬆開之前的大小)
 .debug_str     0x00000000000001e9      0x222 /opt/riscv/lib/gcc/riscv32-unknown-elf/12.2.0/libgcc.a(adddf3.o)
                                        0x2a3 (鬆開之前的大小)
 .debug_str     0x000000000000040b      0x16b /opt/riscv/lib/gcc/riscv32-unknown-elf/12.2.0/libgcc.a(divdf3.o)
                                        0x365 (鬆開之前的大小)
 .debug_str     0x0000000000000576       0x4b /opt/riscv/lib/gcc/riscv32-unknown-elf/12.2.0/libgcc.a(gedf2.o)
                                        0x1d9 (鬆開之前的大小)
 .debug_str     0x00000000000005c1        0x8 /opt/riscv/lib/gcc/riscv32-unknown-elf/12.2.0/libgcc.a(ledf2.o)
                                        0x1d9 (鬆開之前的大小)
 .debug_str     0x00000000000005c9      0x12e /opt/riscv/lib/gcc/riscv32-unknown-elf/12.2.0/libgcc.a(muldf3.o)
                                        0x3bd (鬆開之前的大小)
 .debug_str     0x00000000000006f7        0x9 /opt/riscv/lib/gcc/riscv32-unknown-elf/12.2.0/libgcc.a(subdf3.o)
                                        0x2a3 (鬆開之前的大小)
 .debug_str     0x0000000000000700       0x20 /opt/riscv/lib/gcc/riscv32-unknown-elf/12.2.0/libgcc.a(fixunsdfsi.o)
                                        0x1ac (鬆開之前的大小)
 .debug_str     0x0000000000000720       0x3b /opt/riscv/lib/gcc/riscv32-unknown-elf/12.2.0/libgcc.a(floatunsidf.o)
                                        0x248 (鬆開之前的大小)
 .debug_str     0x000000000000075b       0x17 /opt/riscv/lib/gcc/riscv32-unknown-elf/12.2.0/libgcc.a(fixunsdfdi.o)
                                        0x1b6 (鬆開之前的大小)
 .debug_str     0x0000000000000772       0x5e /opt/riscv/lib/gcc/riscv32-unknown-elf/12.2.0/libgcc.a(addsf3.o)
                                        0x266 (鬆開之前的大小)
 .debug_str     0x00000000000007d0       0xa9 /opt/riscv/lib/gcc/riscv32-unknown-elf/12.2.0/libgcc.a(divsf3.o)
                                        0x2d0 (鬆開之前的大小)
 .debug_str     0x0000000000000879        0x8 /opt/riscv/lib/gcc/riscv32-unknown-elf/12.2.0/libgcc.a(gesf2.o)
                                        0x1bd (鬆開之前的大小)
 .debug_str     0x0000000000000881        0x8 /opt/riscv/lib/gcc/riscv32-unknown-elf/12.2.0/libgcc.a(lesf2.o)
                                        0x1bd (鬆開之前的大小)
 .debug_str     0x0000000000000889       0x3b /opt/riscv/lib/gcc/riscv32-unknown-elf/12.2.0/libgcc.a(mulsf3.o)
                                        0x28b (鬆開之前的大小)
 .debug_str     0x00000000000008c4        0x9 /opt/riscv/lib/gcc/riscv32-unknown-elf/12.2.0/libgcc.a(subsf3.o)
                                        0x266 (鬆開之前的大小)
 .debug_str     0x00000000000008cd        0xd /opt/riscv/lib/gcc/riscv32-unknown-elf/12.2.0/libgcc.a(fixunssfsi.o)
                                        0x19a (鬆開之前的大小)
 .debug_str     0x00000000000008da        0xc /opt/riscv/lib/gcc/riscv32-unknown-elf/12.2.0/libgcc.a(floatsisf.o)
                                        0x22e (鬆開之前的大小)
 .debug_str     0x00000000000008e6        0xe /opt/riscv/lib/gcc/riscv32-unknown-elf/12.2.0/libgcc.a(floatunsisf.o)
                                        0x229 (鬆開之前的大小)
 .debug_str     0x00000000000008f4       0x1b /opt/riscv/lib/gcc/riscv32-unknown-elf/12.2.0/libgcc.a(extendsfdf2.o)
                                        0x1d9 (鬆開之前的大小)
 .debug_str     0x000000000000090f       0x19 /opt/riscv/lib/gcc/riscv32-unknown-elf/12.2.0/libgcc.a(_ashldi3.o)
                                        0x1d3 (鬆開之前的大小)
 .debug_str     0x0000000000000928      0x196 /opt/riscv/lib/gcc/riscv32-unknown-elf/12.2.0/libgcc.a(_clz.o)
 .debug_str     0x0000000000000928      0x1b3 /opt/riscv/lib/gcc/riscv32-unknown-elf/12.2.0/libgcc.a(_clzsi2.o)

.debug_line_str
                0x0000000000000000      0x78d
 .debug_line_str
                0x0000000000000000       0xfc /opt/riscv/lib/gcc/riscv32-unknown-elf/12.2.0/libgcc.a(_udivdi3.o)
                                        0x178 (鬆開之前的大小)
 .debug_line_str
                0x00000000000000fc       0xa2 /opt/riscv/lib/gcc/riscv32-unknown-elf/12.2.0/libgcc.a(adddf3.o)
                                        0x184 (鬆開之前的大小)
 .debug_line_str
                0x000000000000019e       0x5b /opt/riscv/lib/gcc/riscv32-unknown-elf/12.2.0/libgcc.a(divdf3.o)
                                        0x18e (鬆開之前的大小)
 .debug_line_str
                0x00000000000001f9       0x60 /opt/riscv/lib/gcc/riscv32-unknown-elf/12.2.0/libgcc.a(gedf2.o)
                                        0x191 (鬆開之前的大小)
 .debug_line_str
                0x0000000000000259       0x50 /opt/riscv/lib/gcc/riscv32-unknown-elf/12.2.0/libgcc.a(ledf2.o)
                                        0x191 (鬆開之前的大小)
 .debug_line_str
                0x00000000000002a9       0x51 /opt/riscv/lib/gcc/riscv32-unknown-elf/12.2.0/libgcc.a(muldf3.o)
                                        0x18e (鬆開之前的大小)
 .debug_line_str
                0x00000000000002fa       0x51 /opt/riscv/lib/gcc/riscv32-unknown-elf/12.2.0/libgcc.a(subdf3.o)
                                        0x184 (鬆開之前的大小)
 .debug_line_str
                0x000000000000034b       0x55 /opt/riscv/lib/gcc/riscv32-unknown-elf/12.2.0/libgcc.a(fixunsdfsi.o)
                                        0x19a (鬆開之前的大小)
 .debug_line_str
                0x00000000000003a0       0x56 /opt/riscv/lib/gcc/riscv32-unknown-elf/12.2.0/libgcc.a(floatunsidf.o)
                                        0x19d (鬆開之前的大小)
 .debug_line_str
                0x00000000000003f6       0x55 /opt/riscv/lib/gcc/riscv32-unknown-elf/12.2.0/libgcc.a(fixunsdfdi.o)
                                        0x19a (鬆開之前的大小)
 .debug_line_str
                0x000000000000044b       0x5a /opt/riscv/lib/gcc/riscv32-unknown-elf/12.2.0/libgcc.a(addsf3.o)
                                        0x184 (鬆開之前的大小)
 .debug_line_str
                0x00000000000004a5       0x51 /opt/riscv/lib/gcc/riscv32-unknown-elf/12.2.0/libgcc.a(divsf3.o)
                                        0x184 (鬆開之前的大小)
 .debug_line_str
                0x00000000000004f6       0x50 /opt/riscv/lib/gcc/riscv32-unknown-elf/12.2.0/libgcc.a(gesf2.o)
                                        0x191 (鬆開之前的大小)
 .debug_line_str
                0x0000000000000546       0x50 /opt/riscv/lib/gcc/riscv32-unknown-elf/12.2.0/libgcc.a(lesf2.o)
                                        0x191 (鬆開之前的大小)
 .debug_line_str
                0x0000000000000596       0x51 /opt/riscv/lib/gcc/riscv32-unknown-elf/12.2.0/libgcc.a(mulsf3.o)
                                        0x18e (鬆開之前的大小)
 .debug_line_str
                0x00000000000005e7       0x51 /opt/riscv/lib/gcc/riscv32-unknown-elf/12.2.0/libgcc.a(subsf3.o)
                                        0x184 (鬆開之前的大小)
 .debug_line_str
                0x0000000000000638       0x55 /opt/riscv/lib/gcc/riscv32-unknown-elf/12.2.0/libgcc.a(fixunssfsi.o)
                                        0x19a (鬆開之前的大小)
 .debug_line_str
                0x000000000000068d       0x54 /opt/riscv/lib/gcc/riscv32-unknown-elf/12.2.0/libgcc.a(floatsisf.o)
                                        0x197 (鬆開之前的大小)
 .debug_line_str
                0x00000000000006e1       0x56 /opt/riscv/lib/gcc/riscv32-unknown-elf/12.2.0/libgcc.a(floatunsisf.o)
                                        0x19d (鬆開之前的大小)
 .debug_line_str
                0x0000000000000737       0x56 /opt/riscv/lib/gcc/riscv32-unknown-elf/12.2.0/libgcc.a(extendsfdf2.o)
                                        0x19c (鬆開之前的大小)
 .debug_line_str
                0x000000000000078d      0x178 /opt/riscv/lib/gcc/riscv32-unknown-elf/12.2.0/libgcc.a(_ashldi3.o)
 .debug_line_str
                0x000000000000078d      0x178 /opt/riscv/lib/gcc/riscv32-unknown-elf/12.2.0/libgcc.a(_clz.o)
 .debug_line_str
                0x000000000000078d      0x178 /opt/riscv/lib/gcc/riscv32-unknown-elf/12.2.0/libgcc.a(_clzsi2.o)

.debug_frame    0x0000000000000000      0x444
 .debug_frame   0x0000000000000000       0x44 /opt/riscv/lib/gcc/riscv32-unknown-elf/12.2.0/libgcc.a(adddf3.o)
 .debug_frame   0x0000000000000044       0x54 /opt/riscv/lib/gcc/riscv32-unknown-elf/12.2.0/libgcc.a(divdf3.o)
 .debug_frame   0x0000000000000098       0x20 /opt/riscv/lib/gcc/riscv32-unknown-elf/12.2.0/libgcc.a(gedf2.o)
 .debug_frame   0x00000000000000b8       0x20 /opt/riscv/lib/gcc/riscv32-unknown-elf/12.2.0/libgcc.a(ledf2.o)
 .debug_frame   0x00000000000000d8       0x54 /opt/riscv/lib/gcc/riscv32-unknown-elf/12.2.0/libgcc.a(muldf3.o)
 .debug_frame   0x000000000000012c       0x44 /opt/riscv/lib/gcc/riscv32-unknown-elf/12.2.0/libgcc.a(subdf3.o)
 .debug_frame   0x0000000000000170       0x20 /opt/riscv/lib/gcc/riscv32-unknown-elf/12.2.0/libgcc.a(fixunsdfsi.o)
 .debug_frame   0x0000000000000190       0x34 /opt/riscv/lib/gcc/riscv32-unknown-elf/12.2.0/libgcc.a(floatunsidf.o)
 .debug_frame   0x00000000000001c4       0x2c /opt/riscv/lib/gcc/riscv32-unknown-elf/12.2.0/libgcc.a(fixunsdfdi.o)
 .debug_frame   0x00000000000001f0       0x3c /opt/riscv/lib/gcc/riscv32-unknown-elf/12.2.0/libgcc.a(addsf3.o)
 .debug_frame   0x000000000000022c       0x4c /opt/riscv/lib/gcc/riscv32-unknown-elf/12.2.0/libgcc.a(divsf3.o)
 .debug_frame   0x0000000000000278       0x20 /opt/riscv/lib/gcc/riscv32-unknown-elf/12.2.0/libgcc.a(gesf2.o)
 .debug_frame   0x0000000000000298       0x20 /opt/riscv/lib/gcc/riscv32-unknown-elf/12.2.0/libgcc.a(lesf2.o)
 .debug_frame   0x00000000000002b8       0x4c /opt/riscv/lib/gcc/riscv32-unknown-elf/12.2.0/libgcc.a(mulsf3.o)
 .debug_frame   0x0000000000000304       0x3c /opt/riscv/lib/gcc/riscv32-unknown-elf/12.2.0/libgcc.a(subsf3.o)
 .debug_frame   0x0000000000000340       0x20 /opt/riscv/lib/gcc/riscv32-unknown-elf/12.2.0/libgcc.a(fixunssfsi.o)
 .debug_frame   0x0000000000000360       0x38 /opt/riscv/lib/gcc/riscv32-unknown-elf/12.2.0/libgcc.a(floatsisf.o)
 .debug_frame   0x0000000000000398       0x34 /opt/riscv/lib/gcc/riscv32-unknown-elf/12.2.0/libgcc.a(floatunsisf.o)
 .debug_frame   0x00000000000003cc       0x38 /opt/riscv/lib/gcc/riscv32-unknown-elf/12.2.0/libgcc.a(extendsfdf2.o)
 .debug_frame   0x0000000000000404       0x20 /opt/riscv/lib/gcc/riscv32-unknown-elf/12.2.0/libgcc.a(_ashldi3.o)
 .debug_frame   0x0000000000000424       0x20 /opt/riscv/lib/gcc/riscv32-unknown-elf/12.2.0/libgcc.a(_clzsi2.o)
