Archive member included to satisfy reference by file (symbol)

/opt/riscv/lib/gcc/riscv32-unknown-elf/12.2.0/libgcc.a(_clzsi2.o)
                              ./build/FreeRTOS/tasks.o (__clzsi2)
/opt/riscv/lib/gcc/riscv32-unknown-elf/12.2.0/libgcc.a(_udivdi3.o)
                              ./build/app/rtos_run.o (__udivdi3)
/opt/riscv/lib/gcc/riscv32-unknown-elf/12.2.0/libgcc.a(adddf3.o)
                              ./build/app/rtos_run.o (__adddf3)
/opt/riscv/lib/gcc/riscv32-unknown-elf/12.2.0/libgcc.a(divdf3.o)
                              ./build/app/rtos_run.o (__divdf3)
/opt/riscv/lib/gcc/riscv32-unknown-elf/12.2.0/libgcc.a(gedf2.o)
                              ./build/ocr/file_read.o (__gedf2)
/opt/riscv/lib/gcc/riscv32-unknown-elf/12.2.0/libgcc.a(ledf2.o)
                              ./build/app/rtos_run.o (__ltdf2)
/opt/riscv/lib/gcc/riscv32-unknown-elf/12.2.0/libgcc.a(muldf3.o)
                              ./build/app/rtos_run.o (__muldf3)
/opt/riscv/lib/gcc/riscv32-unknown-elf/12.2.0/libgcc.a(subdf3.o)
                              ./build/app/rtos_run.o (__subdf3)
/opt/riscv/lib/gcc/riscv32-unknown-elf/12.2.0/libgcc.a(fixdfsi.o)
                              ./build/app/rtos_run.o (__fixdfsi)
/opt/riscv/lib/gcc/riscv32-unknown-elf/12.2.0/libgcc.a(fixunsdfsi.o)
                              ./build/lib/stdio.o (__fixunsdfsi)
/opt/riscv/lib/gcc/riscv32-unknown-elf/12.2.0/libgcc.a(floatsidf.o)
                              ./build/app/rtos_run.o (__floatsidf)
/opt/riscv/lib/gcc/riscv32-unknown-elf/12.2.0/libgcc.a(floatunsidf.o)
                              ./build/lib/stdio.o (__floatunsidf)
/opt/riscv/lib/gcc/riscv32-unknown-elf/12.2.0/libgcc.a(floatundidf.o)
                              ./build/app/rtos_run.o (__floatundidf)
/opt/riscv/lib/gcc/riscv32-unknown-elf/12.2.0/libgcc.a(addsf3.o)
                              ./build/ocr/file_read.o (__addsf3)
/opt/riscv/lib/gcc/riscv32-unknown-elf/12.2.0/libgcc.a(divsf3.o)
                              ./build/ocr/file_read.o (__divsf3)
/opt/riscv/lib/gcc/riscv32-unknown-elf/12.2.0/libgcc.a(gesf2.o)
                              ./build/ocr/neuronet.o (__gtsf2)
/opt/riscv/lib/gcc/riscv32-unknown-elf/12.2.0/libgcc.a(lesf2.o)
                              ./build/ocr/neuronet.o (__ltsf2)
/opt/riscv/lib/gcc/riscv32-unknown-elf/12.2.0/libgcc.a(mulsf3.o)
                              ./build/ocr/file_read.o (__mulsf3)
/opt/riscv/lib/gcc/riscv32-unknown-elf/12.2.0/libgcc.a(subsf3.o)
                              ./build/ocr/file_read.o (__subsf3)
/opt/riscv/lib/gcc/riscv32-unknown-elf/12.2.0/libgcc.a(fixunssfsi.o)
                              ./build/ocr/file_read.o (__fixunssfsi)
/opt/riscv/lib/gcc/riscv32-unknown-elf/12.2.0/libgcc.a(floatsisf.o)
                              ./build/ocr/file_read.o (__floatsisf)
/opt/riscv/lib/gcc/riscv32-unknown-elf/12.2.0/libgcc.a(floatunsisf.o)
                              ./build/ocr/file_read.o (__floatunsisf)
/opt/riscv/lib/gcc/riscv32-unknown-elf/12.2.0/libgcc.a(extendsfdf2.o)
                              ./build/ocr/file_read.o (__extendsfdf2)
/opt/riscv/lib/gcc/riscv32-unknown-elf/12.2.0/libgcc.a(_lshrdi3.o)
                              /opt/riscv/lib/gcc/riscv32-unknown-elf/12.2.0/libgcc.a(floatundidf.o) (__lshrdi3)
/opt/riscv/lib/gcc/riscv32-unknown-elf/12.2.0/libgcc.a(_ashldi3.o)
                              /opt/riscv/lib/gcc/riscv32-unknown-elf/12.2.0/libgcc.a(floatundidf.o) (__ashldi3)
/opt/riscv/lib/gcc/riscv32-unknown-elf/12.2.0/libgcc.a(_clz.o)
                              /opt/riscv/lib/gcc/riscv32-unknown-elf/12.2.0/libgcc.a(_clzsi2.o) (__clz_tab)
/opt/riscv/lib/gcc/riscv32-unknown-elf/12.2.0/../../../../riscv32-unknown-elf/lib/libc.a(lib_a-sprintf.o)
                              ./build/app/rtos_run.o (sprintf)
/opt/riscv/lib/gcc/riscv32-unknown-elf/12.2.0/../../../../riscv32-unknown-elf/lib/libc.a(lib_a-svfprintf.o)
                              /opt/riscv/lib/gcc/riscv32-unknown-elf/12.2.0/../../../../riscv32-unknown-elf/lib/libc.a(lib_a-sprintf.o) (_svfprintf_r)
/opt/riscv/lib/gcc/riscv32-unknown-elf/12.2.0/../../../../riscv32-unknown-elf/lib/libc.a(lib_a-freer.o)
                              /opt/riscv/lib/gcc/riscv32-unknown-elf/12.2.0/../../../../riscv32-unknown-elf/lib/libc.a(lib_a-svfprintf.o) (_free_r)
/opt/riscv/lib/gcc/riscv32-unknown-elf/12.2.0/../../../../riscv32-unknown-elf/lib/libc.a(lib_a-impure.o)
                              /opt/riscv/lib/gcc/riscv32-unknown-elf/12.2.0/../../../../riscv32-unknown-elf/lib/libc.a(lib_a-sprintf.o) (_impure_ptr)
/opt/riscv/lib/gcc/riscv32-unknown-elf/12.2.0/../../../../riscv32-unknown-elf/lib/libc.a(lib_a-ldtoa.o)
                              /opt/riscv/lib/gcc/riscv32-unknown-elf/12.2.0/../../../../riscv32-unknown-elf/lib/libc.a(lib_a-svfprintf.o) (_ldtoa_r)
/opt/riscv/lib/gcc/riscv32-unknown-elf/12.2.0/../../../../riscv32-unknown-elf/lib/libc.a(lib_a-localeconv.o)
[...]
Memory Configuration

Name             Origin             Length             Attributes
code_ram         0x0000000080001000 0x0000000000040000 xr !rw
data_ram         0x0000000080051000 0x0000000000200000 rw !x
*default*        0x0000000000000000 0xffffffffffffffff

Linker script and memory map

LOAD ./build/app/rtos_run.o
LOAD ./build/lib/crt0.o
LOAD ./build/lib/stdio.o
LOAD ./build/lib/stdlib.o
LOAD ./build/lib/string.o
LOAD ./build/lib/uart.o
LOAD ./build/lib/time.o
LOAD ./build/FreeRTOS/list.o
LOAD ./build/FreeRTOS/queue.o
LOAD ./build/FreeRTOS/tasks.o
LOAD ./build/FreeRTOS/heap_3.o
LOAD ./build/FreeRTOS/timers.o
LOAD ./build/FreeRTOS/event_groups.o
LOAD ./build/FreeRTOS/croutine.o
LOAD ./build/FreeRTOS/stream_buffer.o
LOAD ./build/FreeRTOS/port.o
LOAD ./build/FreeRTOS/portASM.o
LOAD ./build/sdcard/fat32.o
LOAD ./build/sdcard/sd.o
LOAD ./build/sdcard/spi.o
LOAD ./build/ocr/file_read.o
LOAD ./build/ocr/neuronet.o
LOAD /opt/riscv/lib/gcc/riscv32-unknown-elf/12.2.0/libgcc.a
START GROUP
LOAD /opt/riscv/lib/gcc/riscv32-unknown-elf/12.2.0/../../../../riscv32-unknown-elf/lib/libc.a
LOAD /opt/riscv/lib/gcc/riscv32-unknown-elf/12.2.0/../../../../riscv32-unknown-elf/lib/libgloss.a
END GROUP
LOAD /opt/riscv/lib/gcc/riscv32-unknown-elf/12.2.0/libgcc.a
                0x0000000000050000                __stack_size = 0x50000
                0x0000000000100000                __heap_size = 0x100000

.text           0x0000000080001000    0x1dcb4
 *(.text*)
 .text          0x0000000080001000      0xf54 ./build/app/rtos_run.o
                0x0000000080001000                vWorkerTask
                0x0000000080001104                vCoordinatorTask
                0x0000000080001228                rtos_core_id_get
                0x0000000080001230                double_to_string
                0x000000008000136c                print_double
                0x0000000080001444                vProfile_Task
                0x0000000080001f14                vApplicationMallocFailedHook
                0x0000000080001f1c                vApplicationIdleHook
                0x0000000080001f20                vApplicationStackOverflowHook
                0x0000000080001f3c                vApplicationTickHook
                0x0000000080001f40                vAssertCalled
                0x0000000080001f50                vExternalISR
 .text.startup  0x0000000080001f54      0x1bc ./build/app/rtos_run.o
                0x0000000080001f54                main
 .text          0x0000000080002110       0x30 ./build/lib/crt0.o
                0x0000000080002110                crt0
 .text          0x0000000080002140      0xb78 ./build/lib/stdio.o
                0x0000000080002140                getchar
                0x0000000080002158                putchar
                0x0000000080002184                fputs
                0x0000000080002214                fgets
                0x00000000800022ec                putd
                0x000000008000244c                putx
                0x0000000080002568                putld
                0x00000000800027bc                putf
                0x0000000080002a74                printf
 .text          0x0000000080002cb8      0x2c0 ./build/lib/stdlib.o
                0x0000000080002cb8                exit
                0x0000000080002cfc                malloc
                0x0000000080002e24                free
                0x0000000080002e50                calloc
                0x0000000080002e94                atoi
                0x0000000080002f2c                abs
                0x0000000080002f3c                srand
                0x0000000080002f48                rand
 .text          0x0000000080002f78      0x4d0 ./build/lib/string.o
                0x0000000080002f78                strcpy
                0x0000000080003008                strcmp
                0x00000000800030a8                strncpy
                0x0000000080003160                strncmp
                0x000000008000322c                memcpy
                0x00000000800032b0                memmove
                0x0000000080003368                memset
                0x0000000080003388                strlen
                0x00000000800033b0                strcat
                0x00000000800033f4                strncat
 .text          0x0000000080003448       0x58 ./build/lib/uart.o
                0x0000000080003448                inbyte
                0x0000000080003464                outbyte
 .text          0x00000000800034a0       0x60 ./build/lib/time.o
                0x00000000800034a0                clock
 .text          0x0000000080003500       0xf4 ./build/FreeRTOS/list.o
                0x0000000080003500                vListInitialise
                0x0000000080003520                vListInitialiseItem
                0x0000000080003528                vListInsertEnd
                0x0000000080003554                vListInsert
                0x00000000800035a4                uxListRemove
 .text          0x00000000800035f4     0x1448 ./build/FreeRTOS/queue.o
                0x00000000800037fc                xQueueGenericReset
                0x00000000800038cc                xQueueGenericCreate
                0x0000000080003968                xQueueGetMutexHolder
                0x00000000800039bc                xQueueGetMutexHolderFromISR
                0x00000000800039e4                xQueueCreateCountingSemaphore
                0x0000000080003a38                xQueueGenericSend
                0x0000000080003c50                xQueueCreateMutex
                0x0000000080003cb8                xQueueGiveMutexRecursive
                0x0000000080003d4c                xQueueGenericSendFromISR
                0x0000000080003e50                xQueueGiveFromISR
                0x0000000080003f30                xQueueReceive
                0x0000000080004100                xQueueSemaphoreTake
                0x0000000080004320                xQueueTakeMutexRecursive
                0x00000000800043b4                xQueuePeek
                0x0000000080004578                xQueueReceiveFromISR
                0x00000000800046ac                xQueuePeekFromISR
                0x000000008000474c                uxQueueMessagesWaiting
                0x000000008000478c                uxQueueSpacesAvailable
                0x00000000800047d4                uxQueueMessagesWaitingFromISR
                0x00000000800047ec                vQueueDelete
                0x000000008000483c                xQueueIsQueueEmptyFromISR
                0x0000000080004858                xQueueIsQueueFullFromISR
                0x000000008000487c                vQueueAddToRegistry
                0x00000000800048f4                pcQueueGetName
                0x0000000080004944                vQueueUnregisterQueue
                0x0000000080004994                vQueueWaitForMessageRestricted
 .text          0x0000000080004a3c     0x2c78 ./build/FreeRTOS/tasks.o
                0x0000000080004f4c                uxTaskPriorityGet
                0x0000000080004fc4                uxTaskPriorityGetFromISR
                0x0000000080004fe0                xTaskResumeFromISR
                0x0000000080005118                vTaskEndScheduler
                0x0000000080005128                vTaskSuspendAll
                0x000000008000513c                xTaskGetTickCount
                0x0000000080005148                xTaskGetTickCountFromISR
                0x0000000080005154                uxTaskGetNumberOfTasks
                0x0000000080005160                pcTaskGetName
                0x0000000080005184                xTaskIncrementTick
                0x00000000800051c0                vTaskSwitchContext
                0x00000000800052b4                vTaskPlaceOnEventList
                0x00000000800052fc                vTaskPlaceOnUnorderedEventList
                0x000000008000538c                vTaskPlaceOnEventListRestricted
                0x00000000800053fc                xTaskRemoveFromEventList
                0x0000000080005550                vTaskRemoveFromUnorderedEventList
                0x0000000080005670                vTaskSetTimeOutState
                0x00000000800056fc                vTaskInternalSetTimeOutState
                0x0000000080005718                vTaskMissedYield
                0x0000000080005728                xTaskGetCurrentTaskHandle
                0x0000000080005734                xTaskGetSchedulerState
                0x0000000080005758                xTaskPriorityInherit
                0x00000000800058b8                xTaskPriorityDisinherit
                0x00000000800059e4                vTaskPriorityDisinheritAfterTimeout
                0x0000000080005b34                vTaskEnterCritical
                0x0000000080005b60                vTaskExitCritical
                0x0000000080005ba0                xTaskCreate
                0x0000000080005eac                vTaskStartScheduler
                0x0000000080005f44                vTaskDelete
                0x00000000800060e0                eTaskGetState
                0x00000000800061ec                vTaskPrioritySet
                0x0000000080006394                vTaskSuspend
                0x0000000080006564                vTaskResume
                0x00000000800068d4                xTaskResumeAll
                0x00000000800068f0                xTaskCatchUpTicks
                0x000000008000693c                xTaskGetHandle
                0x0000000080006a5c                vTaskDelay
                0x0000000080006ad0                xTaskDelayUntil
                0x0000000080006ba8                xTaskAbortDelay
                0x0000000080006cfc                xTaskCheckForTimeOut
                0x0000000080006dfc                uxTaskResetEventItemValue
                0x0000000080006e24                pvTaskIncrementMutexHeldCount
                0x0000000080006e48                ulTaskGenericNotifyTake
                0x0000000080006f34                xTaskGenericNotifyWait
                0x0000000080007068                xTaskGenericNotify
                0x000000008000722c                xTaskGenericNotifyFromISR
                0x0000000080007404                vTaskGenericNotifyGiveFromISR
                0x0000000080007568                xTaskGenericNotifyStateClear
                0x0000000080007624                ulTaskGenericNotifyValueClear
 .text          0x00000000800076b4       0x78 ./build/FreeRTOS/heap_3.o
                0x00000000800076b4                pvPortMalloc
                0x00000000800076f8                vPortFree
 .text          0x000000008000772c      0x8bc ./build/FreeRTOS/timers.o
                0x0000000080007b90                xTimerCreateTimerTask
                0x0000000080007bec                xTimerCreate
                0x0000000080007c98                xTimerGenericCommand
                0x0000000080007d58                xTimerGetTimerDaemonTaskHandle
                0x0000000080007d74                xTimerGetPeriod
                0x0000000080007d8c                vTimerSetReloadMode
                0x0000000080007df8                uxTimerGetReloadMode
                0x0000000080007e40                xTimerGetExpiryTime
                0x0000000080007e58                pcTimerGetName
                0x0000000080007e70                xTimerIsTimerActive
                0x0000000080007eb4                pvTimerGetTimerID
                0x0000000080007ef4                vTimerSetTimerID
                0x0000000080007f38                xTimerPendFunctionCallFromISR
                0x0000000080007f88                xTimerPendFunctionCall
 .text          0x0000000080007fe8      0x578 ./build/FreeRTOS/event_groups.o
                0x0000000080007fe8                xEventGroupCreate
                0x0000000080008024                xEventGroupWaitBits
                0x00000000800081b0                xEventGroupClearBits
                0x000000008000821c                xEventGroupGetBitsFromISR
                0x0000000080008224                xEventGroupSetBits
                0x0000000080008334                xEventGroupSync
                0x0000000080008488                vEventGroupDelete
                0x0000000080008500                vEventGroupSetBitsCallback
                0x0000000080008504                vEventGroupClearBitsCallback
 .text          0x0000000080008560        0x0 ./build/FreeRTOS/croutine.o
 .text          0x0000000080008560      0xc80 ./build/FreeRTOS/stream_buffer.o
                0x0000000080008838                xStreamBufferGenericCreate
                0x000000008000893c                vStreamBufferDelete
                0x0000000080008968                xStreamBufferReset
                0x0000000080008a38                xStreamBufferSetTriggerLevel
                0x0000000080008a7c                xStreamBufferSpacesAvailable
                0x0000000080008abc                xStreamBufferBytesAvailable
                0x0000000080008aec                xStreamBufferSend
                0x0000000080008cf0                xStreamBufferSendFromISR
                0x0000000080008de4                xStreamBufferReceive
                0x0000000080008f50                xStreamBufferNextMessageLengthBytes
                0x0000000080008fe4                xStreamBufferReceiveFromISR
                0x00000000800090a8                xStreamBufferIsEmpty
                0x00000000800090cc                xStreamBufferIsFull
                0x0000000080009120                xStreamBufferSendCompletedFromISR
                0x0000000080009180                xStreamBufferReceiveCompletedFromISR
 .text          0x00000000800091e0       0xf0 ./build/FreeRTOS/port.o
                0x00000000800091e0                vPortSetupTimerInterrupt
                0x0000000080009260                xPortStartScheduler
                0x00000000800092cc                vPortEndScheduler
 *fill*         0x00000000800092d0       0x30 
 .text          0x0000000080009300      0x384 ./build/FreeRTOS/portASM.o
                0x0000000080009300                freertos_risc_v_trap_handler
                0x0000000080009500                xPortStartFirstTask
                0x0000000080009600                pxPortInitialiseStack
 .text          0x0000000080009684      0x6f8 ./build/sdcard/fat32.o
                0x0000000080009684                copy_file
                0x0000000080009878                get_next_cluster
                0x0000000080009900                get_partition_first_lba
                0x0000000080009a6c                long2short
                0x0000000080009b68                read_file
 .text          0x0000000080009d7c      0x768 ./build/sdcard/sd.o
                0x0000000080009d7c                sd_dummy
                0x0000000080009d84                sd_cmd
                0x0000000080009e1c                print_status
                0x0000000080009e20                sd_cmd0
                0x0000000080009e9c                sd_cmd8
                0x0000000080009f48                sd_cmd55
                0x0000000080009f88                sd_acmd41
                0x0000000080009fec                init_sd
                0x000000008000a0bc                crc7
                0x000000008000a0e4                crc16
                0x000000008000a138                sd_copy
                0x000000008000a2cc                sd_write
 .text          0x000000008000a4e4      0x170 ./build/sdcard/spi.o
                0x000000008000a4e4                write_reg
                0x000000008000a4ec                read_reg
                0x000000008000a4f4                spi_init
                0x000000008000a538                spi_txrx
                0x000000008000a5a0                spi_write_bytes
 .text          0x000000008000a654      0x784 ./build/ocr/file_read.o
                0x000000008000a654                lerp
                0x000000008000a69c                sample
                0x000000008000a8d0                width_normalize
                0x000000008000ab40                read_images
                0x000000008000ac24                read_labels
                0x000000008000ac9c                read_weights
 .text          0x000000008000add8      0x660 ./build/ocr/neuronet.o
                0x000000008000add8                acquire
                0x000000008000adfc                release
                0x000000008000ae10                initialize
                0x000000008000ae28                min
                0x000000008000ae3c                neuronet_init
                0x000000008000b07c                neuronet_load
                0x000000008000b0a8                neuronet_free
                0x000000008000b0e4                neuronet_eval
                0x000000008000b404                relu
 .text          0x000000008000b438       0x4c /opt/riscv/lib/gcc/riscv32-unknown-elf/12.2.0/libgcc.a(_clzsi2.o)
                0x000000008000b438                __clzsi2
 .text          0x000000008000b484      0x430 /opt/riscv/lib/gcc/riscv32-unknown-elf/12.2.0/libgcc.a(_udivdi3.o)
                0x000000008000b484                __udivdi3
 .text          0x000000008000b8b4      0x7ec /opt/riscv/lib/gcc/riscv32-unknown-elf/12.2.0/libgcc.a(adddf3.o)
                0x000000008000b8b4                __adddf3
 .text          0x000000008000c0a0      0x6c8 /opt/riscv/lib/gcc/riscv32-unknown-elf/12.2.0/libgcc.a(divdf3.o)
                0x000000008000c0a0                __divdf3
 .text          0x000000008000c768      0x110 /opt/riscv/lib/gcc/riscv32-unknown-elf/12.2.0/libgcc.a(gedf2.o)
                0x000000008000c768                __gtdf2
                0x000000008000c768                __gedf2
 .text          0x000000008000c878      0x110 /opt/riscv/lib/gcc/riscv32-unknown-elf/12.2.0/libgcc.a(ledf2.o)
                0x000000008000c878                __ltdf2
                0x000000008000c878                __ledf2
 .text          0x000000008000c988      0x5fc /opt/riscv/lib/gcc/riscv32-unknown-elf/12.2.0/libgcc.a(muldf3.o)
                0x000000008000c988                __muldf3
 .text          0x000000008000cf84      0x854 /opt/riscv/lib/gcc/riscv32-unknown-elf/12.2.0/libgcc.a(subdf3.o)
                0x000000008000cf84                __subdf3
 .text          0x000000008000d7d8       0x80 /opt/riscv/lib/gcc/riscv32-unknown-elf/12.2.0/libgcc.a(fixdfsi.o)
                0x000000008000d7d8                __fixdfsi
 .text          0x000000008000d858       0x78 /opt/riscv/lib/gcc/riscv32-unknown-elf/12.2.0/libgcc.a(fixunsdfsi.o)
                0x000000008000d858                __fixunsdfsi
 .text          0x000000008000d8d0       0xa8 /opt/riscv/lib/gcc/riscv32-unknown-elf/12.2.0/libgcc.a(floatsidf.o)
                0x000000008000d8d0                __floatsidf
 .text          0x000000008000d978       0x80 /opt/riscv/lib/gcc/riscv32-unknown-elf/12.2.0/libgcc.a(floatunsidf.o)
                0x000000008000d978                __floatunsidf
 .text          0x000000008000d9f8      0x1c0 /opt/riscv/lib/gcc/riscv32-unknown-elf/12.2.0/libgcc.a(floatundidf.o)
                0x000000008000d9f8                __floatundidf
 .text          0x000000008000dbb8      0x470 /opt/riscv/lib/gcc/riscv32-unknown-elf/12.2.0/libgcc.a(addsf3.o)
                0x000000008000dbb8                __addsf3
 .text          0x000000008000e028      0x330 /opt/riscv/lib/gcc/riscv32-unknown-elf/12.2.0/libgcc.a(divsf3.o)
                0x000000008000e028                __divsf3
 .text          0x000000008000e358       0xdc /opt/riscv/lib/gcc/riscv32-unknown-elf/12.2.0/libgcc.a(gesf2.o)
                0x000000008000e358                __gtsf2
                0x000000008000e358                __gesf2
 .text          0x000000008000e434       0xdc /opt/riscv/lib/gcc/riscv32-unknown-elf/12.2.0/libgcc.a(lesf2.o)
                0x000000008000e434                __lesf2
                0x000000008000e434                __ltsf2
 .text          0x000000008000e510      0x334 /opt/riscv/lib/gcc/riscv32-unknown-elf/12.2.0/libgcc.a(mulsf3.o)
                0x000000008000e510                __mulsf3
 .text          0x000000008000e844      0x4bc /opt/riscv/lib/gcc/riscv32-unknown-elf/12.2.0/libgcc.a(subsf3.o)
                0x000000008000e844                __subsf3
 .text          0x000000008000ed00       0x60 /opt/riscv/lib/gcc/riscv32-unknown-elf/12.2.0/libgcc.a(fixunssfsi.o)
                0x000000008000ed00                __fixunssfsi
 .text          0x000000008000ed60      0x114 /opt/riscv/lib/gcc/riscv32-unknown-elf/12.2.0/libgcc.a(floatsisf.o)
                0x000000008000ed60                __floatsisf
 .text          0x000000008000ee74       0xe8 /opt/riscv/lib/gcc/riscv32-unknown-elf/12.2.0/libgcc.a(floatunsisf.o)
                0x000000008000ee74                __floatunsisf
 .text          0x000000008000ef5c       0xdc /opt/riscv/lib/gcc/riscv32-unknown-elf/12.2.0/libgcc.a(extendsfdf2.o)
                0x000000008000ef5c                __extendsfdf2
 .text          0x000000008000f038       0x38 /opt/riscv/lib/gcc/riscv32-unknown-elf/12.2.0/libgcc.a(_lshrdi3.o)
                0x000000008000f038                __lshrdi3
 .text          0x000000008000f070       0x38 /opt/riscv/lib/gcc/riscv32-unknown-elf/12.2.0/libgcc.a(_ashldi3.o)
                0x000000008000f070                __ashldi3
 .text          0x000000008000f0a8        0x0 /opt/riscv/lib/gcc/riscv32-unknown-elf/12.2.0/libgcc.a(_clz.o)
 .text          0x000000008000f0a8        0x0 /opt/riscv/lib/gcc/riscv32-unknown-elf/12.2.0/../../../../riscv32-unknown-elf/lib/libc.a(lib_a-sprintf.o)
 .text._sprintf_r
                0x000000008000f0a8       0x6c /opt/riscv/lib/gcc/riscv32-unknown-elf/12.2.0/../../../../riscv32-unknown-elf/lib/libc.a(lib_a-sprintf.o)
                0x000000008000f0a8                _sprintf_r
 .text.sprintf  0x000000008000f114       0x7c /opt/riscv/lib/gcc/riscv32-unknown-elf/12.2.0/../../../../riscv32-unknown-elf/lib/libc.a(lib_a-sprintf.o)
                0x000000008000f114                sprintf
 .text          0x000000008000f190        0x0 /opt/riscv/lib/gcc/riscv32-unknown-elf/12.2.0/../../../../riscv32-unknown-elf/lib/libc.a(lib_a-svfprintf.o)
 .text._svfprintf_r
                0x000000008000f190     0x2910 /opt/riscv/lib/gcc/riscv32-unknown-elf/12.2.0/../../../../riscv32-unknown-elf/lib/libc.a(lib_a-svfprintf.o)
                0x000000008000f190                _svfprintf_r
 .text          0x0000000080011aa0        0x0 /opt/riscv/lib/gcc/riscv32-unknown-elf/12.2.0/../../../../riscv32-unknown-elf/lib/libc.a(lib_a-freer.o)
 .text._malloc_trim_r
                0x0000000080011aa0      0x140 /opt/riscv/lib/gcc/riscv32-unknown-elf/12.2.0/../../../../riscv32-unknown-elf/lib/libc.a(lib_a-freer.o)
                0x0000000080011aa0                _malloc_trim_r
 .text._free_r  0x0000000080011be0      0x30c /opt/riscv/lib/gcc/riscv32-unknown-elf/12.2.0/../../../../riscv32-unknown-elf/lib/libc.a(lib_a-freer.o)
                0x0000000080011be0                _free_r
 .text          0x0000000080011eec        0x0 /opt/riscv/lib/gcc/riscv32-unknown-elf/12.2.0/../../../../riscv32-unknown-elf/lib/libc.a(lib_a-impure.o)
 .text          0x0000000080011eec        0x0 /opt/riscv/lib/gcc/riscv32-unknown-elf/12.2.0/../../../../riscv32-unknown-elf/lib/libc.a(lib_a-ldtoa.o)
 .text.eshdn1   0x0000000080011eec       0x54 /opt/riscv/lib/gcc/riscv32-unknown-elf/12.2.0/../../../../riscv32-unknown-elf/lib/libc.a(lib_a-ldtoa.o)
 .text.eshup1   0x0000000080011f40       0x54 /opt/riscv/lib/gcc/riscv32-unknown-elf/12.2.0/../../../../riscv32-unknown-elf/lib/libc.a(lib_a-ldtoa.o)
 .text.m16m     0x0000000080011f94       0x8c /opt/riscv/lib/gcc/riscv32-unknown-elf/12.2.0/../../../../riscv32-unknown-elf/lib/libc.a(lib_a-ldtoa.o)
 .text.emovo.constprop.0
                0x0000000080012020       0xbc /opt/riscv/lib/gcc/riscv32-unknown-elf/12.2.0/../../../../riscv32-unknown-elf/lib/libc.a(lib_a-ldtoa.o)
 .text.enormlz  0x00000000800120dc      0x174 /opt/riscv/lib/gcc/riscv32-unknown-elf/12.2.0/../../../../riscv32-unknown-elf/lib/libc.a(lib_a-ldtoa.o)
 .text.eshift.part.0
                0x0000000080012250      0x1bc /opt/riscv/lib/gcc/riscv32-unknown-elf/12.2.0/../../../../riscv32-unknown-elf/lib/libc.a(lib_a-ldtoa.o)
 .text.emovi    0x000000008001240c       0xb4 /opt/riscv/lib/gcc/riscv32-unknown-elf/12.2.0/../../../../riscv32-unknown-elf/lib/libc.a(lib_a-ldtoa.o)
 .text.ecmp     0x00000000800124c0      0x14c /opt/riscv/lib/gcc/riscv32-unknown-elf/12.2.0/../../../../riscv32-unknown-elf/lib/libc.a(lib_a-ldtoa.o)
 .text.emdnorm  0x000000008001260c      0x49c /opt/riscv/lib/gcc/riscv32-unknown-elf/12.2.0/../../../../riscv32-unknown-elf/lib/libc.a(lib_a-ldtoa.o)
 .text.eiremain
                0x0000000080012aa8      0x164 /opt/riscv/lib/gcc/riscv32-unknown-elf/12.2.0/../../../../riscv32-unknown-elf/lib/libc.a(lib_a-ldtoa.o)
 .text.e113toe.isra.0
                0x0000000080012c0c      0x154 /opt/riscv/lib/gcc/riscv32-unknown-elf/12.2.0/../../../../riscv32-unknown-elf/lib/libc.a(lib_a-ldtoa.o)
 .text.ediv     0x0000000080012d60      0x590 /opt/riscv/lib/gcc/riscv32-unknown-elf/12.2.0/../../../../riscv32-unknown-elf/lib/libc.a(lib_a-ldtoa.o)
 .text.emul     0x00000000800132f0      0x4d0 /opt/riscv/lib/gcc/riscv32-unknown-elf/12.2.0/../../../../riscv32-unknown-elf/lib/libc.a(lib_a-ldtoa.o)
 .text._ldtoa_r
                0x00000000800137c0     0x1328 /opt/riscv/lib/gcc/riscv32-unknown-elf/12.2.0/../../../../riscv32-unknown-elf/lib/libc.a(lib_a-ldtoa.o)
                0x00000000800137c0                _ldtoa_r
 .text._ldcheck
                0x0000000080014ae8       0x78 /opt/riscv/lib/gcc/riscv32-unknown-elf/12.2.0/../../../../riscv32-unknown-elf/lib/libc.a(lib_a-ldtoa.o)
                0x0000000080014ae8                _ldcheck
 .text          0x0000000080014b60        0x0 /opt/riscv/lib/gcc/riscv32-unknown-elf/12.2.0/../../../../riscv32-unknown-elf/lib/libc.a(lib_a-localeconv.o)
 .text.__localeconv_l
                0x0000000080014b60        0x8 /opt/riscv/lib/gcc/riscv32-unknown-elf/12.2.0/../../../../riscv32-unknown-elf/lib/libc.a(lib_a-localeconv.o)
                0x0000000080014b60                __localeconv_l
 .text._localeconv_r
                0x0000000080014b68        0xc /opt/riscv/lib/gcc/riscv32-unknown-elf/12.2.0/../../../../riscv32-unknown-elf/lib/libc.a(lib_a-localeconv.o)
                0x0000000080014b68                _localeconv_r
 .text.localeconv
                0x0000000080014b74        0xc /opt/riscv/lib/gcc/riscv32-unknown-elf/12.2.0/../../../../riscv32-unknown-elf/lib/libc.a(lib_a-localeconv.o)
                0x0000000080014b74                localeconv
 .text          0x0000000080014b80        0x0 /opt/riscv/lib/gcc/riscv32-unknown-elf/12.2.0/../../../../riscv32-unknown-elf/lib/libc.a(lib_a-locale.o)
 .text._setlocale_r
                0x0000000080014b80       0x7c /opt/riscv/lib/gcc/riscv32-unknown-elf/12.2.0/../../../../riscv32-unknown-elf/lib/libc.a(lib_a-locale.o)
                0x0000000080014b80                _setlocale_r
 .text.__locale_mb_cur_max
                0x0000000080014bfc        0xc /opt/riscv/lib/gcc/riscv32-unknown-elf/12.2.0/../../../../riscv32-unknown-elf/lib/libc.a(lib_a-locale.o)
                0x0000000080014bfc                __locale_mb_cur_max
 .text.setlocale
                0x0000000080014c08       0x7c /opt/riscv/lib/gcc/riscv32-unknown-elf/12.2.0/../../../../riscv32-unknown-elf/lib/libc.a(lib_a-locale.o)
                0x0000000080014c08                setlocale
 .text          0x0000000080014c84        0x0 /opt/riscv/lib/gcc/riscv32-unknown-elf/12.2.0/../../../../riscv32-unknown-elf/lib/libc.a(lib_a-mallocr.o)
 .text._malloc_r
                0x0000000080014c84      0x798 /opt/riscv/lib/gcc/riscv32-unknown-elf/12.2.0/../../../../riscv32-unknown-elf/lib/libc.a(lib_a-mallocr.o)
                0x0000000080014c84                _malloc_r
 .text          0x000000008001541c        0x0 /opt/riscv/lib/gcc/riscv32-unknown-elf/12.2.0/../../../../riscv32-unknown-elf/lib/libc.a(lib_a-mbtowc_r.o)
 .text._mbtowc_r
                0x000000008001541c        0xc /opt/riscv/lib/gcc/riscv32-unknown-elf/12.2.0/../../../../riscv32-unknown-elf/lib/libc.a(lib_a-mbtowc_r.o)
                0x000000008001541c                _mbtowc_r
 .text.__ascii_mbtowc
                0x0000000080015428       0x68 /opt/riscv/lib/gcc/riscv32-unknown-elf/12.2.0/../../../../riscv32-unknown-elf/lib/libc.a(lib_a-mbtowc_r.o)
                0x0000000080015428                __ascii_mbtowc
 .text          0x0000000080015490        0x0 /opt/riscv/lib/gcc/riscv32-unknown-elf/12.2.0/../../../../riscv32-unknown-elf/lib/libc.a(lib_a-memchr.o)
 .text.memchr   0x0000000080015490       0xc4 /opt/riscv/lib/gcc/riscv32-unknown-elf/12.2.0/../../../../riscv32-unknown-elf/lib/libc.a(lib_a-memchr.o)
                0x0000000080015490                memchr
 .text          0x0000000080015554        0x0 /opt/riscv/lib/gcc/riscv32-unknown-elf/12.2.0/../../../../riscv32-unknown-elf/lib/libc.a(lib_a-mlock.o)
 .text.__malloc_lock
                0x0000000080015554        0x4 /opt/riscv/lib/gcc/riscv32-unknown-elf/12.2.0/../../../../riscv32-unknown-elf/lib/libc.a(lib_a-mlock.o)
                0x0000000080015554                __malloc_lock
 .text.__malloc_unlock
                0x0000000080015558        0x4 /opt/riscv/lib/gcc/riscv32-unknown-elf/12.2.0/../../../../riscv32-unknown-elf/lib/libc.a(lib_a-mlock.o)
                0x0000000080015558                __malloc_unlock
 .text          0x000000008001555c        0x0 /opt/riscv/lib/gcc/riscv32-unknown-elf/12.2.0/../../../../riscv32-unknown-elf/lib/libc.a(lib_a-mprec.o)
 .text._Balloc  0x000000008001555c       0xa8 /opt/riscv/lib/gcc/riscv32-unknown-elf/12.2.0/../../../../riscv32-unknown-elf/lib/libc.a(lib_a-mprec.o)
                0x000000008001555c                _Balloc
 .text._Bfree   0x0000000080015604       0x24 /opt/riscv/lib/gcc/riscv32-unknown-elf/12.2.0/../../../../riscv32-unknown-elf/lib/libc.a(lib_a-mprec.o)
                0x0000000080015604                _Bfree
 .text.__multadd
                0x0000000080015628      0x14c /opt/riscv/lib/gcc/riscv32-unknown-elf/12.2.0/../../../../riscv32-unknown-elf/lib/libc.a(lib_a-mprec.o)
                0x0000000080015628                __multadd
 .text.__s2b    0x0000000080015774      0x134 /opt/riscv/lib/gcc/riscv32-unknown-elf/12.2.0/../../../../riscv32-unknown-elf/lib/libc.a(lib_a-mprec.o)
                0x0000000080015774                __s2b
 .text.__hi0bits
                0x00000000800158a8       0x78 /opt/riscv/lib/gcc/riscv32-unknown-elf/12.2.0/../../../../riscv32-unknown-elf/lib/libc.a(lib_a-mprec.o)
                0x00000000800158a8                __hi0bits
 .text.__lo0bits
                0x0000000080015920       0xe0 /opt/riscv/lib/gcc/riscv32-unknown-elf/12.2.0/../../../../riscv32-unknown-elf/lib/libc.a(lib_a-mprec.o)
                0x0000000080015920                __lo0bits
 .text.__i2b    0x0000000080015a00       0xb0 /opt/riscv/lib/gcc/riscv32-unknown-elf/12.2.0/../../../../riscv32-unknown-elf/lib/libc.a(lib_a-mprec.o)
                0x0000000080015a00                __i2b
 .text.__multiply
                0x0000000080015ab0      0x234 /opt/riscv/lib/gcc/riscv32-unknown-elf/12.2.0/../../../../riscv32-unknown-elf/lib/libc.a(lib_a-mprec.o)
                0x0000000080015ab0                __multiply
 .text.__pow5mult
                0x0000000080015ce4      0x150 /opt/riscv/lib/gcc/riscv32-unknown-elf/12.2.0/../../../../riscv32-unknown-elf/lib/libc.a(lib_a-mprec.o)
                0x0000000080015ce4                __pow5mult
 .text.__lshift
                0x0000000080015e34      0x190 /opt/riscv/lib/gcc/riscv32-unknown-elf/12.2.0/../../../../riscv32-unknown-elf/lib/libc.a(lib_a-mprec.o)
                0x0000000080015e34                __lshift
 .text.__mcmp   0x0000000080015fc4       0x58 /opt/riscv/lib/gcc/riscv32-unknown-elf/12.2.0/../../../../riscv32-unknown-elf/lib/libc.a(lib_a-mprec.o)
                0x0000000080015fc4                __mcmp
 .text.__mdiff  0x000000008001601c      0x250 /opt/riscv/lib/gcc/riscv32-unknown-elf/12.2.0/../../../../riscv32-unknown-elf/lib/libc.a(lib_a-mprec.o)
                0x000000008001601c                __mdiff
 .text.__ulp    0x000000008001626c       0x68 /opt/riscv/lib/gcc/riscv32-unknown-elf/12.2.0/../../../../riscv32-unknown-elf/lib/libc.a(lib_a-mprec.o)
                0x000000008001626c                __ulp
 .text.__b2d    0x00000000800162d4      0x11c /opt/riscv/lib/gcc/riscv32-unknown-elf/12.2.0/../../../../riscv32-unknown-elf/lib/libc.a(lib_a-mprec.o)
                0x00000000800162d4                __b2d
 .text.__d2b    0x00000000800163f0      0x158 /opt/riscv/lib/gcc/riscv32-unknown-elf/12.2.0/../../../../riscv32-unknown-elf/lib/libc.a(lib_a-mprec.o)
                0x00000000800163f0                __d2b
 .text.__ratio  0x0000000080016548       0xa8 /opt/riscv/lib/gcc/riscv32-unknown-elf/12.2.0/../../../../riscv32-unknown-elf/lib/libc.a(lib_a-mprec.o)
                0x0000000080016548                __ratio
 .text._mprec_log10
                0x00000000800165f0       0xa4 /opt/riscv/lib/gcc/riscv32-unknown-elf/12.2.0/../../../../riscv32-unknown-elf/lib/libc.a(lib_a-mprec.o)
                0x00000000800165f0                _mprec_log10
 .text.__copybits
                0x0000000080016694       0x68 /opt/riscv/lib/gcc/riscv32-unknown-elf/12.2.0/../../../../riscv32-unknown-elf/lib/libc.a(lib_a-mprec.o)
                0x0000000080016694                __copybits
 .text.__any_on
                0x00000000800166fc       0x64 /opt/riscv/lib/gcc/riscv32-unknown-elf/12.2.0/../../../../riscv32-unknown-elf/lib/libc.a(lib_a-mprec.o)
                0x00000000800166fc                __any_on
 .text          0x0000000080016760        0x0 /opt/riscv/lib/gcc/riscv32-unknown-elf/12.2.0/../../../../riscv32-unknown-elf/lib/libc.a(lib_a-sbrkr.o)
 .text._sbrk_r  0x0000000080016760       0x60 /opt/riscv/lib/gcc/riscv32-unknown-elf/12.2.0/../../../../riscv32-unknown-elf/lib/libc.a(lib_a-sbrkr.o)
                0x0000000080016760                _sbrk_r
 .text          0x00000000800167c0        0x0 /opt/riscv/lib/gcc/riscv32-unknown-elf/12.2.0/../../../../riscv32-unknown-elf/lib/libc.a(lib_a-s_frexp.o)
 .text.frexp    0x00000000800167c0       0xac /opt/riscv/lib/gcc/riscv32-unknown-elf/12.2.0/../../../../riscv32-unknown-elf/lib/libc.a(lib_a-s_frexp.o)
                0x00000000800167c0                frexp
 .text          0x000000008001686c        0x0 /opt/riscv/lib/gcc/riscv32-unknown-elf/12.2.0/../../../../riscv32-unknown-elf/lib/libc.a(lib_a-svfiprintf.o)
 .text.__ssprint_r
                0x000000008001686c      0x1c8 /opt/riscv/lib/gcc/riscv32-unknown-elf/12.2.0/../../../../riscv32-unknown-elf/lib/libc.a(lib_a-svfiprintf.o)
                0x000000008001686c                __ssprint_r
 .text._svfiprintf_r
                0x0000000080016a34     0x1130 /opt/riscv/lib/gcc/riscv32-unknown-elf/12.2.0/../../../../riscv32-unknown-elf/lib/libc.a(lib_a-svfiprintf.o)
                0x0000000080016a34                _svfiprintf_r
 .text          0x0000000080017b64        0x0 /opt/riscv/lib/gcc/riscv32-unknown-elf/12.2.0/../../../../riscv32-unknown-elf/lib/libc.a(lib_a-wctomb_r.o)
 .text._wctomb_r
                0x0000000080017b64        0xc /opt/riscv/lib/gcc/riscv32-unknown-elf/12.2.0/../../../../riscv32-unknown-elf/lib/libc.a(lib_a-wctomb_r.o)
                0x0000000080017b64                _wctomb_r
 .text.__ascii_wctomb
                0x0000000080017b70       0x30 /opt/riscv/lib/gcc/riscv32-unknown-elf/12.2.0/../../../../riscv32-unknown-elf/lib/libc.a(lib_a-wctomb_r.o)
                0x0000000080017b70                __ascii_wctomb
 .text          0x0000000080017ba0        0x0 /opt/riscv/lib/gcc/riscv32-unknown-elf/12.2.0/../../../../riscv32-unknown-elf/lib/libc.a(lib_a-assert.o)
 .text.__assert_func
                0x0000000080017ba0       0x58 /opt/riscv/lib/gcc/riscv32-unknown-elf/12.2.0/../../../../riscv32-unknown-elf/lib/libc.a(lib_a-assert.o)
                0x0000000080017ba0                __assert_func
 .text.__assert
                0x0000000080017bf8       0x14 /opt/riscv/lib/gcc/riscv32-unknown-elf/12.2.0/../../../../riscv32-unknown-elf/lib/libc.a(lib_a-assert.o)
                0x0000000080017bf8                __assert
 .text          0x0000000080017c0c        0x0 /opt/riscv/lib/gcc/riscv32-unknown-elf/12.2.0/../../../../riscv32-unknown-elf/lib/libc.a(lib_a-callocr.o)
 .text._calloc_r
                0x0000000080017c0c       0xe8 /opt/riscv/lib/gcc/riscv32-unknown-elf/12.2.0/../../../../riscv32-unknown-elf/lib/libc.a(lib_a-callocr.o)
                0x0000000080017c0c                _calloc_r
 .text          0x0000000080017cf4        0x0 /opt/riscv/lib/gcc/riscv32-unknown-elf/12.2.0/../../../../riscv32-unknown-elf/lib/libc.a(lib_a-ctype_.o)
 .text          0x0000000080017cf4        0x0 /opt/riscv/lib/gcc/riscv32-unknown-elf/12.2.0/../../../../riscv32-unknown-elf/lib/libc.a(lib_a-errno.o)
 .text.__errno  0x0000000080017cf4        0xc /opt/riscv/lib/gcc/riscv32-unknown-elf/12.2.0/../../../../riscv32-unknown-elf/lib/libc.a(lib_a-errno.o)
                0x0000000080017cf4                __errno
 .text          0x0000000080017d00        0x0 /opt/riscv/lib/gcc/riscv32-unknown-elf/12.2.0/../../../../riscv32-unknown-elf/lib/libc.a(lib_a-fiprintf.o)
 .text._fiprintf_r
                0x0000000080017d00       0x38 /opt/riscv/lib/gcc/riscv32-unknown-elf/12.2.0/../../../../riscv32-unknown-elf/lib/libc.a(lib_a-fiprintf.o)
                0x0000000080017d00                _fiprintf_r
 .text.fiprintf
                0x0000000080017d38       0x50 /opt/riscv/lib/gcc/riscv32-unknown-elf/12.2.0/../../../../riscv32-unknown-elf/lib/libc.a(lib_a-fiprintf.o)
                0x0000000080017d38                fiprintf
 .text          0x0000000080017d88        0x0 /opt/riscv/lib/gcc/riscv32-unknown-elf/12.2.0/../../../../riscv32-unknown-elf/lib/libc.a(lib_a-reallocr.o)
 .text._realloc_r
                0x0000000080017d88      0x558 /opt/riscv/lib/gcc/riscv32-unknown-elf/12.2.0/../../../../riscv32-unknown-elf/lib/libc.a(lib_a-reallocr.o)
                0x0000000080017d88                _realloc_r
 .text          0x00000000800182e0        0x0 /opt/riscv/lib/gcc/riscv32-unknown-elf/12.2.0/../../../../riscv32-unknown-elf/lib/libc.a(lib_a-reent.o)
 .text.cleanup_glue
                0x00000000800182e0       0x94 /opt/riscv/lib/gcc/riscv32-unknown-elf/12.2.0/../../../../riscv32-unknown-elf/lib/libc.a(lib_a-reent.o)
                0x00000000800182e0                cleanup_glue
 .text._reclaim_reent
                0x0000000080018374      0x120 /opt/riscv/lib/gcc/riscv32-unknown-elf/12.2.0/../../../../riscv32-unknown-elf/lib/libc.a(lib_a-reent.o)
                0x0000000080018374                _reclaim_reent
 .text          0x0000000080018494        0x0 /opt/riscv/lib/gcc/riscv32-unknown-elf/12.2.0/../../../../riscv32-unknown-elf/lib/libc.a(lib_a-vfiprintf.o)
 .text.__sprint_r.part.0
                0x0000000080018494       0xf4 /opt/riscv/lib/gcc/riscv32-unknown-elf/12.2.0/../../../../riscv32-unknown-elf/lib/libc.a(lib_a-vfiprintf.o)
 .text.__sprint_r
                0x0000000080018588       0x18 /opt/riscv/lib/gcc/riscv32-unknown-elf/12.2.0/../../../../riscv32-unknown-elf/lib/libc.a(lib_a-vfiprintf.o)
                0x0000000080018588                __sprint_r
 .text._vfiprintf_r
                0x00000000800185a0     0x1360 /opt/riscv/lib/gcc/riscv32-unknown-elf/12.2.0/../../../../riscv32-unknown-elf/lib/libc.a(lib_a-vfiprintf.o)
                0x00000000800185a0                _vfiprintf_r
 .text.vfiprintf
                0x0000000080019900       0x1c /opt/riscv/lib/gcc/riscv32-unknown-elf/12.2.0/../../../../riscv32-unknown-elf/lib/libc.a(lib_a-vfiprintf.o)
                0x0000000080019900                vfiprintf
 .text.__sbprintf
                0x000000008001991c       0xcc /opt/riscv/lib/gcc/riscv32-unknown-elf/12.2.0/../../../../riscv32-unknown-elf/lib/libc.a(lib_a-vfiprintf.o)
 .text          0x00000000800199e8        0x0 /opt/riscv/lib/gcc/riscv32-unknown-elf/12.2.0/../../../../riscv32-unknown-elf/lib/libc.a(lib_a-wsetup.o)
 .text.__swsetup_r
                0x00000000800199e8      0x144 /opt/riscv/lib/gcc/riscv32-unknown-elf/12.2.0/../../../../riscv32-unknown-elf/lib/libc.a(lib_a-wsetup.o)
                0x00000000800199e8                __swsetup_r
 .text          0x0000000080019b2c        0x0 /opt/riscv/lib/gcc/riscv32-unknown-elf/12.2.0/../../../../riscv32-unknown-elf/lib/libc.a(lib_a-abort.o)
 .text.abort    0x0000000080019b2c       0x18 /opt/riscv/lib/gcc/riscv32-unknown-elf/12.2.0/../../../../riscv32-unknown-elf/lib/libc.a(lib_a-abort.o)
                0x0000000080019b2c                abort
 .text          0x0000000080019b44        0x0 /opt/riscv/lib/gcc/riscv32-unknown-elf/12.2.0/../../../../riscv32-unknown-elf/lib/libc.a(lib_a-fflush.o)
 .text.__sflush_r
                0x0000000080019b44      0x24c /opt/riscv/lib/gcc/riscv32-unknown-elf/12.2.0/../../../../riscv32-unknown-elf/lib/libc.a(lib_a-fflush.o)
                0x0000000080019b44                __sflush_r
 .text._fflush_r
                0x0000000080019d90       0x60 /opt/riscv/lib/gcc/riscv32-unknown-elf/12.2.0/../../../../riscv32-unknown-elf/lib/libc.a(lib_a-fflush.o)
                0x0000000080019d90                _fflush_r
 .text.fflush   0x0000000080019df0       0x84 /opt/riscv/lib/gcc/riscv32-unknown-elf/12.2.0/../../../../riscv32-unknown-elf/lib/libc.a(lib_a-fflush.o)
                0x0000000080019df0                fflush
 .text          0x0000000080019e74        0x0 /opt/riscv/lib/gcc/riscv32-unknown-elf/12.2.0/../../../../riscv32-unknown-elf/lib/libc.a(lib_a-findfp.o)
 .text.__fp_lock
                0x0000000080019e74        0x8 /opt/riscv/lib/gcc/riscv32-unknown-elf/12.2.0/../../../../riscv32-unknown-elf/lib/libc.a(lib_a-findfp.o)
 .text._cleanup_r
                0x0000000080019e7c        0xc /opt/riscv/lib/gcc/riscv32-unknown-elf/12.2.0/../../../../riscv32-unknown-elf/lib/libc.a(lib_a-findfp.o)
                0x0000000080019e7c                _cleanup_r
 .text.__fp_unlock
                0x0000000080019e88        0x8 /opt/riscv/lib/gcc/riscv32-unknown-elf/12.2.0/../../../../riscv32-unknown-elf/lib/libc.a(lib_a-findfp.o)
 .text.__sinit.part.0
                0x0000000080019e90      0x184 /opt/riscv/lib/gcc/riscv32-unknown-elf/12.2.0/../../../../riscv32-unknown-elf/lib/libc.a(lib_a-findfp.o)
 .text.__sfmoreglue
                0x000000008001a014       0x6c /opt/riscv/lib/gcc/riscv32-unknown-elf/12.2.0/../../../../riscv32-unknown-elf/lib/libc.a(lib_a-findfp.o)
                0x000000008001a014                __sfmoreglue
 .text.__sfp    0x000000008001a080      0x130 /opt/riscv/lib/gcc/riscv32-unknown-elf/12.2.0/../../../../riscv32-unknown-elf/lib/libc.a(lib_a-findfp.o)
                0x000000008001a080                __sfp
 .text._cleanup
                0x000000008001a1b0       0x14 /opt/riscv/lib/gcc/riscv32-unknown-elf/12.2.0/../../../../riscv32-unknown-elf/lib/libc.a(lib_a-findfp.o)
                0x000000008001a1b0                _cleanup
 .text.__sinit  0x000000008001a1c4       0x10 /opt/riscv/lib/gcc/riscv32-unknown-elf/12.2.0/../../../../riscv32-unknown-elf/lib/libc.a(lib_a-findfp.o)
                0x000000008001a1c4                __sinit
 .text.__sfp_lock_acquire
                0x000000008001a1d4        0x4 /opt/riscv/lib/gcc/riscv32-unknown-elf/12.2.0/../../../../riscv32-unknown-elf/lib/libc.a(lib_a-findfp.o)
                0x000000008001a1d4                __sfp_lock_acquire
 .text.__sfp_lock_release
                0x000000008001a1d8        0x4 /opt/riscv/lib/gcc/riscv32-unknown-elf/12.2.0/../../../../riscv32-unknown-elf/lib/libc.a(lib_a-findfp.o)
                0x000000008001a1d8                __sfp_lock_release
 .text.__sinit_lock_acquire
                0x000000008001a1dc        0x4 /opt/riscv/lib/gcc/riscv32-unknown-elf/12.2.0/../../../../riscv32-unknown-elf/lib/libc.a(lib_a-findfp.o)
                0x000000008001a1dc                __sinit_lock_acquire
 .text.__sinit_lock_release
                0x000000008001a1e0        0x4 /opt/riscv/lib/gcc/riscv32-unknown-elf/12.2.0/../../../../riscv32-unknown-elf/lib/libc.a(lib_a-findfp.o)
                0x000000008001a1e0                __sinit_lock_release
 .text.__fp_lock_all
                0x000000008001a1e4       0x14 /opt/riscv/lib/gcc/riscv32-unknown-elf/12.2.0/../../../../riscv32-unknown-elf/lib/libc.a(lib_a-findfp.o)
                0x000000008001a1e4                __fp_lock_all
 .text.__fp_unlock_all
                0x000000008001a1f8       0x14 /opt/riscv/lib/gcc/riscv32-unknown-elf/12.2.0/../../../../riscv32-unknown-elf/lib/libc.a(lib_a-findfp.o)
                0x000000008001a1f8                __fp_unlock_all
 .text          0x000000008001a20c        0x0 /opt/riscv/lib/gcc/riscv32-unknown-elf/12.2.0/../../../../riscv32-unknown-elf/lib/libc.a(lib_a-fputwc.o)
 .text.__fputwc
                0x000000008001a20c       0xf4 /opt/riscv/lib/gcc/riscv32-unknown-elf/12.2.0/../../../../riscv32-unknown-elf/lib/libc.a(lib_a-fputwc.o)
                0x000000008001a20c                __fputwc
 .text._fputwc_r
                0x000000008001a300       0x2c /opt/riscv/lib/gcc/riscv32-unknown-elf/12.2.0/../../../../riscv32-unknown-elf/lib/libc.a(lib_a-fputwc.o)
                0x000000008001a300                _fputwc_r
 .text.fputwc   0x000000008001a32c       0x80 /opt/riscv/lib/gcc/riscv32-unknown-elf/12.2.0/../../../../riscv32-unknown-elf/lib/libc.a(lib_a-fputwc.o)
                0x000000008001a32c                fputwc
 .text          0x000000008001a3ac        0x0 /opt/riscv/lib/gcc/riscv32-unknown-elf/12.2.0/../../../../riscv32-unknown-elf/lib/libc.a(lib_a-fvwrite.o)
 .text.__sfvwrite_r
                0x000000008001a3ac      0x49c /opt/riscv/lib/gcc/riscv32-unknown-elf/12.2.0/../../../../riscv32-unknown-elf/lib/libc.a(lib_a-fvwrite.o)
                0x000000008001a3ac                __sfvwrite_r
 .text          0x000000008001a848        0x0 /opt/riscv/lib/gcc/riscv32-unknown-elf/12.2.0/../../../../riscv32-unknown-elf/lib/libc.a(lib_a-fwalk.o)
 .text._fwalk   0x000000008001a848       0xa4 /opt/riscv/lib/gcc/riscv32-unknown-elf/12.2.0/../../../../riscv32-unknown-elf/lib/libc.a(lib_a-fwalk.o)
                0x000000008001a848                _fwalk
 .text._fwalk_reent
                0x000000008001a8ec       0xb4 /opt/riscv/lib/gcc/riscv32-unknown-elf/12.2.0/../../../../riscv32-unknown-elf/lib/libc.a(lib_a-fwalk.o)
                0x000000008001a8ec                _fwalk_reent
 .text          0x000000008001a9a0        0x0 /opt/riscv/lib/gcc/riscv32-unknown-elf/12.2.0/../../../../riscv32-unknown-elf/lib/libc.a(lib_a-makebuf.o)
 .text.__smakebuf_r
                0x000000008001a9a0      0x190 /opt/riscv/lib/gcc/riscv32-unknown-elf/12.2.0/../../../../riscv32-unknown-elf/lib/libc.a(lib_a-makebuf.o)
                0x000000008001a9a0                __smakebuf_r
 .text.__swhatbuf_r
                0x000000008001ab30       0xd8 /opt/riscv/lib/gcc/riscv32-unknown-elf/12.2.0/../../../../riscv32-unknown-elf/lib/libc.a(lib_a-makebuf.o)
                0x000000008001ab30                __swhatbuf_r
 .text          0x000000008001ac08        0x0 /opt/riscv/lib/gcc/riscv32-unknown-elf/12.2.0/../../../../riscv32-unknown-elf/lib/libc.a(lib_a-signal.o)
 .text._init_signal_r
                0x000000008001ac08       0x5c /opt/riscv/lib/gcc/riscv32-unknown-elf/12.2.0/../../../../riscv32-unknown-elf/lib/libc.a(lib_a-signal.o)
                0x000000008001ac08                _init_signal_r
 .text._signal_r
                0x000000008001ac64       0x90 /opt/riscv/lib/gcc/riscv32-unknown-elf/12.2.0/../../../../riscv32-unknown-elf/lib/libc.a(lib_a-signal.o)
                0x000000008001ac64                _signal_r
 .text._raise_r
                0x000000008001acf4       0xc4 /opt/riscv/lib/gcc/riscv32-unknown-elf/12.2.0/../../../../riscv32-unknown-elf/lib/libc.a(lib_a-signal.o)
                0x000000008001acf4                _raise_r
 .text.__sigtramp_r
                0x000000008001adb8       0xe0 /opt/riscv/lib/gcc/riscv32-unknown-elf/12.2.0/../../../../riscv32-unknown-elf/lib/libc.a(lib_a-signal.o)
                0x000000008001adb8                __sigtramp_r
 .text.raise    0x000000008001ae98       0xc4 /opt/riscv/lib/gcc/riscv32-unknown-elf/12.2.0/../../../../riscv32-unknown-elf/lib/libc.a(lib_a-signal.o)
                0x000000008001ae98                raise
 .text.signal   0x000000008001af5c       0x98 /opt/riscv/lib/gcc/riscv32-unknown-elf/12.2.0/../../../../riscv32-unknown-elf/lib/libc.a(lib_a-signal.o)
                0x000000008001af5c                signal
 .text._init_signal
                0x000000008001aff4       0x60 /opt/riscv/lib/gcc/riscv32-unknown-elf/12.2.0/../../../../riscv32-unknown-elf/lib/libc.a(lib_a-signal.o)
                0x000000008001aff4                _init_signal
 .text.__sigtramp
                0x000000008001b054       0xe0 /opt/riscv/lib/gcc/riscv32-unknown-elf/12.2.0/../../../../riscv32-unknown-elf/lib/libc.a(lib_a-signal.o)
                0x000000008001b054                __sigtramp
 .text          0x000000008001b134        0x0 /opt/riscv/lib/gcc/riscv32-unknown-elf/12.2.0/../../../../riscv32-unknown-elf/lib/libc.a(lib_a-signalr.o)
 .text._kill_r  0x000000008001b134       0x68 /opt/riscv/lib/gcc/riscv32-unknown-elf/12.2.0/../../../../riscv32-unknown-elf/lib/libc.a(lib_a-signalr.o)
                0x000000008001b134                _kill_r
 .text._getpid_r
                0x000000008001b19c        0x4 /opt/riscv/lib/gcc/riscv32-unknown-elf/12.2.0/../../../../riscv32-unknown-elf/lib/libc.a(lib_a-signalr.o)
                0x000000008001b19c                _getpid_r
 .text          0x000000008001b1a0        0x0 /opt/riscv/lib/gcc/riscv32-unknown-elf/12.2.0/../../../../riscv32-unknown-elf/lib/libc.a(lib_a-stdio.o)
 .text.__sread  0x000000008001b1a0       0x5c /opt/riscv/lib/gcc/riscv32-unknown-elf/12.2.0/../../../../riscv32-unknown-elf/lib/libc.a(lib_a-stdio.o)
                0x000000008001b1a0                __sread
 .text.__seofread
                0x000000008001b1fc        0x8 /opt/riscv/lib/gcc/riscv32-unknown-elf/12.2.0/../../../../riscv32-unknown-elf/lib/libc.a(lib_a-stdio.o)
                0x000000008001b1fc                __seofread
 .text.__swrite
                0x000000008001b204       0x88 /opt/riscv/lib/gcc/riscv32-unknown-elf/12.2.0/../../../../riscv32-unknown-elf/lib/libc.a(lib_a-stdio.o)
                0x000000008001b204                __swrite
 .text.__sseek  0x000000008001b28c       0x78 /opt/riscv/lib/gcc/riscv32-unknown-elf/12.2.0/../../../../riscv32-unknown-elf/lib/libc.a(lib_a-stdio.o)
                0x000000008001b28c                __sseek
 .text.__sclose
                0x000000008001b304        0x8 /opt/riscv/lib/gcc/riscv32-unknown-elf/12.2.0/../../../../riscv32-unknown-elf/lib/libc.a(lib_a-stdio.o)
                0x000000008001b304                __sclose
 .text          0x000000008001b30c        0x0 /opt/riscv/lib/gcc/riscv32-unknown-elf/12.2.0/../../../../riscv32-unknown-elf/lib/libc.a(lib_a-wbuf.o)
 .text.__swbuf_r
                0x000000008001b30c      0x174 /opt/riscv/lib/gcc/riscv32-unknown-elf/12.2.0/../../../../riscv32-unknown-elf/lib/libc.a(lib_a-wbuf.o)
                0x000000008001b30c                __swbuf_r
 .text.__swbuf  0x000000008001b480       0x18 /opt/riscv/lib/gcc/riscv32-unknown-elf/12.2.0/../../../../riscv32-unknown-elf/lib/libc.a(lib_a-wbuf.o)
                0x000000008001b480                __swbuf
 .text          0x000000008001b498        0x0 /opt/riscv/lib/gcc/riscv32-unknown-elf/12.2.0/../../../../riscv32-unknown-elf/lib/libc.a(lib_a-wcrtomb.o)
 .text._wcrtomb_r
                0x000000008001b498       0x78 /opt/riscv/lib/gcc/riscv32-unknown-elf/12.2.0/../../../../riscv32-unknown-elf/lib/libc.a(lib_a-wcrtomb.o)
                0x000000008001b498                _wcrtomb_r
 .text.wcrtomb  0x000000008001b510       0x94 /opt/riscv/lib/gcc/riscv32-unknown-elf/12.2.0/../../../../riscv32-unknown-elf/lib/libc.a(lib_a-wcrtomb.o)
                0x000000008001b510                wcrtomb
 .text          0x000000008001b5a4        0x0 /opt/riscv/lib/gcc/riscv32-unknown-elf/12.2.0/../../../../riscv32-unknown-elf/lib/libc.a(lib_a-writer.o)
 .text._write_r
                0x000000008001b5a4       0x6c /opt/riscv/lib/gcc/riscv32-unknown-elf/12.2.0/../../../../riscv32-unknown-elf/lib/libc.a(lib_a-writer.o)
                0x000000008001b5a4                _write_r
 .text          0x000000008001b610        0x0 /opt/riscv/lib/gcc/riscv32-unknown-elf/12.2.0/../../../../riscv32-unknown-elf/lib/libc.a(lib_a-closer.o)
 .text._close_r
                0x000000008001b610       0x60 /opt/riscv/lib/gcc/riscv32-unknown-elf/12.2.0/../../../../riscv32-unknown-elf/lib/libc.a(lib_a-closer.o)
                0x000000008001b610                _close_r
 .text          0x000000008001b670        0x0 /opt/riscv/lib/gcc/riscv32-unknown-elf/12.2.0/../../../../riscv32-unknown-elf/lib/libc.a(lib_a-fclose.o)
 .text._fclose_r
                0x000000008001b670      0x110 /opt/riscv/lib/gcc/riscv32-unknown-elf/12.2.0/../../../../riscv32-unknown-elf/lib/libc.a(lib_a-fclose.o)
                0x000000008001b670                _fclose_r
 .text.fclose   0x000000008001b780       0x10 /opt/riscv/lib/gcc/riscv32-unknown-elf/12.2.0/../../../../riscv32-unknown-elf/lib/libc.a(lib_a-fclose.o)
                0x000000008001b780                fclose
 .text          0x000000008001b790        0x0 /opt/riscv/lib/gcc/riscv32-unknown-elf/12.2.0/../../../../riscv32-unknown-elf/lib/libc.a(lib_a-fstatr.o)
 .text._fstat_r
                0x000000008001b790       0x68 /opt/riscv/lib/gcc/riscv32-unknown-elf/12.2.0/../../../../riscv32-unknown-elf/lib/libc.a(lib_a-fstatr.o)
                0x000000008001b790                _fstat_r
 .text          0x000000008001b7f8        0x0 /opt/riscv/lib/gcc/riscv32-unknown-elf/12.2.0/../../../../riscv32-unknown-elf/lib/libc.a(lib_a-isattyr.o)
 .text._isatty_r
                0x000000008001b7f8       0x60 /opt/riscv/lib/gcc/riscv32-unknown-elf/12.2.0/../../../../riscv32-unknown-elf/lib/libc.a(lib_a-isattyr.o)
                0x000000008001b7f8                _isatty_r
 .text          0x000000008001b858        0x0 /opt/riscv/lib/gcc/riscv32-unknown-elf/12.2.0/../../../../riscv32-unknown-elf/lib/libc.a(lib_a-lseekr.o)
 .text._lseek_r
                0x000000008001b858       0x6c /opt/riscv/lib/gcc/riscv32-unknown-elf/12.2.0/../../../../riscv32-unknown-elf/lib/libc.a(lib_a-lseekr.o)
                0x000000008001b858                _lseek_r
 .text          0x000000008001b8c4        0x0 /opt/riscv/lib/gcc/riscv32-unknown-elf/12.2.0/../../../../riscv32-unknown-elf/lib/libc.a(lib_a-readr.o)
 .text._read_r  0x000000008001b8c4       0x6c /opt/riscv/lib/gcc/riscv32-unknown-elf/12.2.0/../../../../riscv32-unknown-elf/lib/libc.a(lib_a-readr.o)
                0x000000008001b8c4                _read_r
 .text          0x000000008001b930        0x0 /opt/riscv/lib/gcc/riscv32-unknown-elf/12.2.0/../../../../riscv32-unknown-elf/lib/libgloss.a(sys_close.o)
 .text._close   0x000000008001b930       0x44 /opt/riscv/lib/gcc/riscv32-unknown-elf/12.2.0/../../../../riscv32-unknown-elf/lib/libgloss.a(sys_close.o)
                0x000000008001b930                _close
 .text          0x000000008001b974        0x0 /opt/riscv/lib/gcc/riscv32-unknown-elf/12.2.0/../../../../riscv32-unknown-elf/lib/libgloss.a(sys_exit.o)
 .text._exit    0x000000008001b974       0x30 /opt/riscv/lib/gcc/riscv32-unknown-elf/12.2.0/../../../../riscv32-unknown-elf/lib/libgloss.a(sys_exit.o)
                0x000000008001b974                _exit
 .text          0x000000008001b9a4        0x0 /opt/riscv/lib/gcc/riscv32-unknown-elf/12.2.0/../../../../riscv32-unknown-elf/lib/libgloss.a(sys_fstat.o)
 .text._fstat   0x000000008001b9a4       0x60 /opt/riscv/lib/gcc/riscv32-unknown-elf/12.2.0/../../../../riscv32-unknown-elf/lib/libgloss.a(sys_fstat.o)
                0x000000008001b9a4                _fstat
 .text          0x000000008001ba04        0x0 /opt/riscv/lib/gcc/riscv32-unknown-elf/12.2.0/../../../../riscv32-unknown-elf/lib/libgloss.a(sys_getpid.o)
 .text._getpid  0x000000008001ba04        0x8 /opt/riscv/lib/gcc/riscv32-unknown-elf/12.2.0/../../../../riscv32-unknown-elf/lib/libgloss.a(sys_getpid.o)
                0x000000008001ba04                _getpid
 .text          0x000000008001ba0c        0x0 /opt/riscv/lib/gcc/riscv32-unknown-elf/12.2.0/../../../../riscv32-unknown-elf/lib/libgloss.a(sys_isatty.o)
 .text._isatty  0x000000008001ba0c       0x40 /opt/riscv/lib/gcc/riscv32-unknown-elf/12.2.0/../../../../riscv32-unknown-elf/lib/libgloss.a(sys_isatty.o)
                0x000000008001ba0c                _isatty
 .text          0x000000008001ba4c        0x0 /opt/riscv/lib/gcc/riscv32-unknown-elf/12.2.0/../../../../riscv32-unknown-elf/lib/libgloss.a(sys_kill.o)
 .text._kill    0x000000008001ba4c       0x24 /opt/riscv/lib/gcc/riscv32-unknown-elf/12.2.0/../../../../riscv32-unknown-elf/lib/libgloss.a(sys_kill.o)
                0x000000008001ba4c                _kill
 .text          0x000000008001ba70        0x0 /opt/riscv/lib/gcc/riscv32-unknown-elf/12.2.0/../../../../riscv32-unknown-elf/lib/libgloss.a(sys_lseek.o)
 .text._lseek   0x000000008001ba70       0x44 /opt/riscv/lib/gcc/riscv32-unknown-elf/12.2.0/../../../../riscv32-unknown-elf/lib/libgloss.a(sys_lseek.o)
                0x000000008001ba70                _lseek
 .text          0x000000008001bab4        0x0 /opt/riscv/lib/gcc/riscv32-unknown-elf/12.2.0/../../../../riscv32-unknown-elf/lib/libgloss.a(sys_read.o)
 .text._read    0x000000008001bab4       0x44 /opt/riscv/lib/gcc/riscv32-unknown-elf/12.2.0/../../../../riscv32-unknown-elf/lib/libgloss.a(sys_read.o)
                0x000000008001bab4                _read
 .text          0x000000008001baf8        0x0 /opt/riscv/lib/gcc/riscv32-unknown-elf/12.2.0/../../../../riscv32-unknown-elf/lib/libgloss.a(sys_sbrk.o)
 .text._sbrk    0x000000008001baf8       0x7c /opt/riscv/lib/gcc/riscv32-unknown-elf/12.2.0/../../../../riscv32-unknown-elf/lib/libgloss.a(sys_sbrk.o)
                0x000000008001baf8                _sbrk
 .text          0x000000008001bb74        0x0 /opt/riscv/lib/gcc/riscv32-unknown-elf/12.2.0/../../../../riscv32-unknown-elf/lib/libgloss.a(sys_write.o)
 .text._write   0x000000008001bb74       0x44 /opt/riscv/lib/gcc/riscv32-unknown-elf/12.2.0/../../../../riscv32-unknown-elf/lib/libgloss.a(sys_write.o)
                0x000000008001bb74                _write
 .text          0x000000008001bbb8        0x0 /opt/riscv/lib/gcc/riscv32-unknown-elf/12.2.0/../../../../riscv32-unknown-elf/lib/libgloss.a(sys_conv_stat.o)
 .text._conv_stat
                0x000000008001bbb8       0xa8 /opt/riscv/lib/gcc/riscv32-unknown-elf/12.2.0/../../../../riscv32-unknown-elf/lib/libgloss.a(sys_conv_stat.o)
                0x000000008001bbb8                _conv_stat
 .text          0x000000008001bc60       0xd4 /opt/riscv/lib/gcc/riscv32-unknown-elf/12.2.0/libgcc.a(eqtf2.o)
                0x000000008001bc60                __eqtf2
                0x000000008001bc60                __netf2
 .text          0x000000008001bd34      0x164 /opt/riscv/lib/gcc/riscv32-unknown-elf/12.2.0/libgcc.a(getf2.o)
                0x000000008001bd34                __getf2
                0x000000008001bd34                __gttf2
 .text          0x000000008001be98      0x164 /opt/riscv/lib/gcc/riscv32-unknown-elf/12.2.0/libgcc.a(letf2.o)
                0x000000008001be98                __letf2
                0x000000008001be98                __lttf2
 .text          0x000000008001bffc     0x1058 /opt/riscv/lib/gcc/riscv32-unknown-elf/12.2.0/libgcc.a(multf3.o)
                0x000000008001bffc                __multf3
 .text          0x000000008001d054     0x14b4 /opt/riscv/lib/gcc/riscv32-unknown-elf/12.2.0/libgcc.a(subtf3.o)
                0x000000008001d054                __subtf3
 .text          0x000000008001e508       0xf4 /opt/riscv/lib/gcc/riscv32-unknown-elf/12.2.0/libgcc.a(fixtfsi.o)
                0x000000008001e508                __fixtfsi
 .text          0x000000008001e5fc      0x154 /opt/riscv/lib/gcc/riscv32-unknown-elf/12.2.0/libgcc.a(floatsitf.o)
                0x000000008001e5fc                __floatsitf
 .text          0x000000008001e750      0x20c /opt/riscv/lib/gcc/riscv32-unknown-elf/12.2.0/libgcc.a(extenddftf2.o)
                0x000000008001e750                __extenddftf2
 .text          0x000000008001e95c      0x358 /opt/riscv/lib/gcc/riscv32-unknown-elf/12.2.0/libgcc.a(trunctfdf2.o)
                0x000000008001e95c                __trunctfdf2

.srodata.cst8   0x000000008001ecb8       0x38
 .srodata.cst8  0x000000008001ecb8       0x10 ./build/app/rtos_run.o
 .srodata.cst8  0x000000008001ecc8       0x10 ./build/lib/stdio.o
                                         0x18 (size before relaxing)
 .srodata.cst8  0x000000008001ecd8        0x8 ./build/ocr/file_read.o
 .srodata.cst8  0x000000008001ece0        0x8 /opt/riscv/lib/gcc/riscv32-unknown-elf/12.2.0/../../../../riscv32-unknown-elf/lib/libc.a(lib_a-mprec.o)
                                         0x10 (size before relaxing)
 .srodata.cst8  0x000000008001ece8        0x8 /opt/riscv/lib/gcc/riscv32-unknown-elf/12.2.0/../../../../riscv32-unknown-elf/lib/libc.a(lib_a-s_frexp.o)

.srodata        0x000000008001ecf0       0x14
 .srodata       0x000000008001ecf0        0x8 ./build/lib/stdlib.o
 .srodata       0x000000008001ecf8        0xc ./build/FreeRTOS/port.o
                0x000000008001ecf8                ullMachineTimerCompareRegisterBase
                0x000000008001ecfc                uxTimerIncrementsForOneTick
                0x000000008001ed00                xISRStackTop

.srodata.cst4   0x000000008001ed04        0x8
 .srodata.cst4  0x000000008001ed04        0x8 ./build/ocr/file_read.o

.eh_frame       0x000000008001ed0c       0x28
 .eh_frame      0x000000008001ed0c       0x28 /opt/riscv/lib/gcc/riscv32-unknown-elf/12.2.0/libgcc.a(_udivdi3.o)

.srodata._global_impure_ptr
                0x000000008001ed34        0x4
 .srodata._global_impure_ptr
                0x000000008001ed34        0x4 /opt/riscv/lib/gcc/riscv32-unknown-elf/12.2.0/../../../../riscv32-unknown-elf/lib/libc.a(lib_a-impure.o)
                0x000000008001ed34                _global_impure_ptr

.rela.dyn       0x000000008001ed38        0x0
 .rela.sdata    0x000000008001ed38        0x0 ./build/app/rtos_run.o
 .rela.srodata  0x000000008001ed38        0x0 ./build/app/rtos_run.o
 .rela.text     0x000000008001ed38        0x0 ./build/app/rtos_run.o

.data           0x0000000080051000     0x2a64
 *(.data)
 .data          0x0000000080051000        0x0 ./build/app/rtos_run.o
 .data          0x0000000080051000        0x0 ./build/lib/crt0.o
 .data          0x0000000080051000        0x0 ./build/lib/stdio.o
 .data          0x0000000080051000        0x0 ./build/lib/stdlib.o
 .data          0x0000000080051000        0x0 ./build/lib/string.o
 .data          0x0000000080051000        0x0 ./build/lib/uart.o
 .data          0x0000000080051000        0x0 ./build/lib/time.o
 .data          0x0000000080051000        0x0 ./build/FreeRTOS/list.o
 .data          0x0000000080051000        0x0 ./build/FreeRTOS/queue.o
 .data          0x0000000080051000        0x0 ./build/FreeRTOS/tasks.o
 .data          0x0000000080051000        0x0 ./build/FreeRTOS/heap_3.o
 .data          0x0000000080051000        0x0 ./build/FreeRTOS/timers.o
 .data          0x0000000080051000        0x0 ./build/FreeRTOS/event_groups.o
 .data          0x0000000080051000        0x0 ./build/FreeRTOS/croutine.o
 .data          0x0000000080051000        0x0 ./build/FreeRTOS/stream_buffer.o
 .data          0x0000000080051000        0x0 ./build/FreeRTOS/port.o
 .data          0x0000000080051000        0x0 ./build/FreeRTOS/portASM.o
 .data          0x0000000080051000        0x0 ./build/sdcard/fat32.o
 .data          0x0000000080051000        0x0 ./build/sdcard/sd.o
 .data          0x0000000080051000        0x0 ./build/sdcard/spi.o
 .data          0x0000000080051000        0x0 ./build/ocr/file_read.o
 .data          0x0000000080051000        0x0 ./build/ocr/neuronet.o
 .data          0x0000000080051000        0x0 /opt/riscv/lib/gcc/riscv32-unknown-elf/12.2.0/libgcc.a(_clzsi2.o)
 .data          0x0000000080051000        0x0 /opt/riscv/lib/gcc/riscv32-unknown-elf/12.2.0/libgcc.a(_udivdi3.o)
 .data          0x0000000080051000        0x0 /opt/riscv/lib/gcc/riscv32-unknown-elf/12.2.0/libgcc.a(adddf3.o)
 .data          0x0000000080051000        0x0 /opt/riscv/lib/gcc/riscv32-unknown-elf/12.2.0/libgcc.a(divdf3.o)
 .data          0x0000000080051000        0x0 /opt/riscv/lib/gcc/riscv32-unknown-elf/12.2.0/libgcc.a(gedf2.o)
 .data          0x0000000080051000        0x0 /opt/riscv/lib/gcc/riscv32-unknown-elf/12.2.0/libgcc.a(ledf2.o)
 .data          0x0000000080051000        0x0 /opt/riscv/lib/gcc/riscv32-unknown-elf/12.2.0/libgcc.a(muldf3.o)
 .data          0x0000000080051000        0x0 /opt/riscv/lib/gcc/riscv32-unknown-elf/12.2.0/libgcc.a(subdf3.o)
 .data          0x0000000080051000        0x0 /opt/riscv/lib/gcc/riscv32-unknown-elf/12.2.0/libgcc.a(fixdfsi.o)
 .data          0x0000000080051000        0x0 /opt/riscv/lib/gcc/riscv32-unknown-elf/12.2.0/libgcc.a(fixunsdfsi.o)
 .data          0x0000000080051000        0x0 /opt/riscv/lib/gcc/riscv32-unknown-elf/12.2.0/libgcc.a(floatsidf.o)
 .data          0x0000000080051000        0x0 /opt/riscv/lib/gcc/riscv32-unknown-elf/12.2.0/libgcc.a(floatunsidf.o)
 .data          0x0000000080051000        0x0 /opt/riscv/lib/gcc/riscv32-unknown-elf/12.2.0/libgcc.a(floatundidf.o)
 .data          0x0000000080051000        0x0 /opt/riscv/lib/gcc/riscv32-unknown-elf/12.2.0/libgcc.a(addsf3.o)
 .data          0x0000000080051000        0x0 /opt/riscv/lib/gcc/riscv32-unknown-elf/12.2.0/libgcc.a(divsf3.o)
 .data          0x0000000080051000        0x0 /opt/riscv/lib/gcc/riscv32-unknown-elf/12.2.0/libgcc.a(gesf2.o)
 .data          0x0000000080051000        0x0 /opt/riscv/lib/gcc/riscv32-unknown-elf/12.2.0/libgcc.a(lesf2.o)
 .data          0x0000000080051000        0x0 /opt/riscv/lib/gcc/riscv32-unknown-elf/12.2.0/libgcc.a(mulsf3.o)
 .data          0x0000000080051000        0x0 /opt/riscv/lib/gcc/riscv32-unknown-elf/12.2.0/libgcc.a(subsf3.o)
 .data          0x0000000080051000        0x0 /opt/riscv/lib/gcc/riscv32-unknown-elf/12.2.0/libgcc.a(fixunssfsi.o)
 .data          0x0000000080051000        0x0 /opt/riscv/lib/gcc/riscv32-unknown-elf/12.2.0/libgcc.a(floatsisf.o)
 .data          0x0000000080051000        0x0 /opt/riscv/lib/gcc/riscv32-unknown-elf/12.2.0/libgcc.a(floatunsisf.o)
 .data          0x0000000080051000        0x0 /opt/riscv/lib/gcc/riscv32-unknown-elf/12.2.0/libgcc.a(extendsfdf2.o)
 .data          0x0000000080051000        0x0 /opt/riscv/lib/gcc/riscv32-unknown-elf/12.2.0/libgcc.a(_lshrdi3.o)
 .data          0x0000000080051000        0x0 /opt/riscv/lib/gcc/riscv32-unknown-elf/12.2.0/libgcc.a(_ashldi3.o)
 .data          0x0000000080051000        0x0 /opt/riscv/lib/gcc/riscv32-unknown-elf/12.2.0/libgcc.a(_clz.o)
 .data          0x0000000080051000        0x0 /opt/riscv/lib/gcc/riscv32-unknown-elf/12.2.0/../../../../riscv32-unknown-elf/lib/libc.a(lib_a-sprintf.o)
 .data          0x0000000080051000        0x0 /opt/riscv/lib/gcc/riscv32-unknown-elf/12.2.0/../../../../riscv32-unknown-elf/lib/libc.a(lib_a-svfprintf.o)
 .data          0x0000000080051000        0x0 /opt/riscv/lib/gcc/riscv32-unknown-elf/12.2.0/../../../../riscv32-unknown-elf/lib/libc.a(lib_a-freer.o)
 .data          0x0000000080051000        0x0 /opt/riscv/lib/gcc/riscv32-unknown-elf/12.2.0/../../../../riscv32-unknown-elf/lib/libc.a(lib_a-impure.o)
 .data          0x0000000080051000        0x0 /opt/riscv/lib/gcc/riscv32-unknown-elf/12.2.0/../../../../riscv32-unknown-elf/lib/libc.a(lib_a-ldtoa.o)
 .data          0x0000000080051000        0x0 /opt/riscv/lib/gcc/riscv32-unknown-elf/12.2.0/../../../../riscv32-unknown-elf/lib/libc.a(lib_a-localeconv.o)
 .data          0x0000000080051000        0x0 /opt/riscv/lib/gcc/riscv32-unknown-elf/12.2.0/../../../../riscv32-unknown-elf/lib/libc.a(lib_a-locale.o)
 .data          0x0000000080051000        0x0 /opt/riscv/lib/gcc/riscv32-unknown-elf/12.2.0/../../../../riscv32-unknown-elf/lib/libc.a(lib_a-mallocr.o)
 .data          0x0000000080051000        0x0 /opt/riscv/lib/gcc/riscv32-unknown-elf/12.2.0/../../../../riscv32-unknown-elf/lib/libc.a(lib_a-mbtowc_r.o)
 .data          0x0000000080051000        0x0 /opt/riscv/lib/gcc/riscv32-unknown-elf/12.2.0/../../../../riscv32-unknown-elf/lib/libc.a(lib_a-memchr.o)
 .data          0x0000000080051000        0x0 /opt/riscv/lib/gcc/riscv32-unknown-elf/12.2.0/../../../../riscv32-unknown-elf/lib/libc.a(lib_a-mlock.o)
 .data          0x0000000080051000        0x0 /opt/riscv/lib/gcc/riscv32-unknown-elf/12.2.0/../../../../riscv32-unknown-elf/lib/libc.a(lib_a-mprec.o)
 .data          0x0000000080051000        0x0 /opt/riscv/lib/gcc/riscv32-unknown-elf/12.2.0/../../../../riscv32-unknown-elf/lib/libc.a(lib_a-sbrkr.o)
 .data          0x0000000080051000        0x0 /opt/riscv/lib/gcc/riscv32-unknown-elf/12.2.0/../../../../riscv32-unknown-elf/lib/libc.a(lib_a-s_frexp.o)
 .data          0x0000000080051000        0x0 /opt/riscv/lib/gcc/riscv32-unknown-elf/12.2.0/../../../../riscv32-unknown-elf/lib/libc.a(lib_a-svfiprintf.o)
 .data          0x0000000080051000        0x0 /opt/riscv/lib/gcc/riscv32-unknown-elf/12.2.0/../../../../riscv32-unknown-elf/lib/libc.a(lib_a-wctomb_r.o)
 .data          0x0000000080051000        0x0 /opt/riscv/lib/gcc/riscv32-unknown-elf/12.2.0/../../../../riscv32-unknown-elf/lib/libc.a(lib_a-assert.o)
 .data          0x0000000080051000        0x0 /opt/riscv/lib/gcc/riscv32-unknown-elf/12.2.0/../../../../riscv32-unknown-elf/lib/libc.a(lib_a-callocr.o)
 .data          0x0000000080051000        0x0 /opt/riscv/lib/gcc/riscv32-unknown-elf/12.2.0/../../../../riscv32-unknown-elf/lib/libc.a(lib_a-ctype_.o)
 .data          0x0000000080051000        0x0 /opt/riscv/lib/gcc/riscv32-unknown-elf/12.2.0/../../../../riscv32-unknown-elf/lib/libc.a(lib_a-errno.o)
 .data          0x0000000080051000        0x0 /opt/riscv/lib/gcc/riscv32-unknown-elf/12.2.0/../../../../riscv32-unknown-elf/lib/libc.a(lib_a-fiprintf.o)
 .data          0x0000000080051000        0x0 /opt/riscv/lib/gcc/riscv32-unknown-elf/12.2.0/../../../../riscv32-unknown-elf/lib/libc.a(lib_a-reallocr.o)
 .data          0x0000000080051000        0x0 /opt/riscv/lib/gcc/riscv32-unknown-elf/12.2.0/../../../../riscv32-unknown-elf/lib/libc.a(lib_a-reent.o)
 .data          0x0000000080051000        0x0 /opt/riscv/lib/gcc/riscv32-unknown-elf/12.2.0/../../../../riscv32-unknown-elf/lib/libc.a(lib_a-vfiprintf.o)
 .data          0x0000000080051000        0x0 /opt/riscv/lib/gcc/riscv32-unknown-elf/12.2.0/../../../../riscv32-unknown-elf/lib/libc.a(lib_a-wsetup.o)
 .data          0x0000000080051000        0x0 /opt/riscv/lib/gcc/riscv32-unknown-elf/12.2.0/../../../../riscv32-unknown-elf/lib/libc.a(lib_a-abort.o)
 .data          0x0000000080051000        0x0 /opt/riscv/lib/gcc/riscv32-unknown-elf/12.2.0/../../../../riscv32-unknown-elf/lib/libc.a(lib_a-fflush.o)
 .data          0x0000000080051000        0x0 /opt/riscv/lib/gcc/riscv32-unknown-elf/12.2.0/../../../../riscv32-unknown-elf/lib/libc.a(lib_a-findfp.o)
 .data          0x0000000080051000        0x0 /opt/riscv/lib/gcc/riscv32-unknown-elf/12.2.0/../../../../riscv32-unknown-elf/lib/libc.a(lib_a-fputwc.o)
 .data          0x0000000080051000        0x0 /opt/riscv/lib/gcc/riscv32-unknown-elf/12.2.0/../../../../riscv32-unknown-elf/lib/libc.a(lib_a-fvwrite.o)
 .data          0x0000000080051000        0x0 /opt/riscv/lib/gcc/riscv32-unknown-elf/12.2.0/../../../../riscv32-unknown-elf/lib/libc.a(lib_a-fwalk.o)
 .data          0x0000000080051000        0x0 /opt/riscv/lib/gcc/riscv32-unknown-elf/12.2.0/../../../../riscv32-unknown-elf/lib/libc.a(lib_a-makebuf.o)
 .data          0x0000000080051000        0x0 /opt/riscv/lib/gcc/riscv32-unknown-elf/12.2.0/../../../../riscv32-unknown-elf/lib/libc.a(lib_a-signal.o)
 .data          0x0000000080051000        0x0 /opt/riscv/lib/gcc/riscv32-unknown-elf/12.2.0/../../../../riscv32-unknown-elf/lib/libc.a(lib_a-signalr.o)
 .data          0x0000000080051000        0x0 /opt/riscv/lib/gcc/riscv32-unknown-elf/12.2.0/../../../../riscv32-unknown-elf/lib/libc.a(lib_a-stdio.o)
 .data          0x0000000080051000        0x0 /opt/riscv/lib/gcc/riscv32-unknown-elf/12.2.0/../../../../riscv32-unknown-elf/lib/libc.a(lib_a-wbuf.o)
 .data          0x0000000080051000        0x0 /opt/riscv/lib/gcc/riscv32-unknown-elf/12.2.0/../../../../riscv32-unknown-elf/lib/libc.a(lib_a-wcrtomb.o)
 .data          0x0000000080051000        0x0 /opt/riscv/lib/gcc/riscv32-unknown-elf/12.2.0/../../../../riscv32-unknown-elf/lib/libc.a(lib_a-writer.o)
 .data          0x0000000080051000        0x0 /opt/riscv/lib/gcc/riscv32-unknown-elf/12.2.0/../../../../riscv32-unknown-elf/lib/libc.a(lib_a-closer.o)
 .data          0x0000000080051000        0x0 /opt/riscv/lib/gcc/riscv32-unknown-elf/12.2.0/../../../../riscv32-unknown-elf/lib/libc.a(lib_a-fclose.o)
 .data          0x0000000080051000        0x0 /opt/riscv/lib/gcc/riscv32-unknown-elf/12.2.0/../../../../riscv32-unknown-elf/lib/libc.a(lib_a-fstatr.o)
 .data          0x0000000080051000        0x0 /opt/riscv/lib/gcc/riscv32-unknown-elf/12.2.0/../../../../riscv32-unknown-elf/lib/libc.a(lib_a-isattyr.o)
 .data          0x0000000080051000        0x0 /opt/riscv/lib/gcc/riscv32-unknown-elf/12.2.0/../../../../riscv32-unknown-elf/lib/libc.a(lib_a-lseekr.o)
 .data          0x0000000080051000        0x0 /opt/riscv/lib/gcc/riscv32-unknown-elf/12.2.0/../../../../riscv32-unknown-elf/lib/libc.a(lib_a-readr.o)
 .data          0x0000000080051000        0x0 /opt/riscv/lib/gcc/riscv32-unknown-elf/12.2.0/../../../../riscv32-unknown-elf/lib/libgloss.a(sys_close.o)
 .data          0x0000000080051000        0x0 /opt/riscv/lib/gcc/riscv32-unknown-elf/12.2.0/../../../../riscv32-unknown-elf/lib/libgloss.a(sys_exit.o)
 .data          0x0000000080051000        0x0 /opt/riscv/lib/gcc/riscv32-unknown-elf/12.2.0/../../../../riscv32-unknown-elf/lib/libgloss.a(sys_fstat.o)
 .data          0x0000000080051000        0x0 /opt/riscv/lib/gcc/riscv32-unknown-elf/12.2.0/../../../../riscv32-unknown-elf/lib/libgloss.a(sys_getpid.o)
 .data          0x0000000080051000        0x0 /opt/riscv/lib/gcc/riscv32-unknown-elf/12.2.0/../../../../riscv32-unknown-elf/lib/libgloss.a(sys_isatty.o)
 .data          0x0000000080051000        0x0 /opt/riscv/lib/gcc/riscv32-unknown-elf/12.2.0/../../../../riscv32-unknown-elf/lib/libgloss.a(sys_kill.o)
 .data          0x0000000080051000        0x0 /opt/riscv/lib/gcc/riscv32-unknown-elf/12.2.0/../../../../riscv32-unknown-elf/lib/libgloss.a(sys_lseek.o)
 .data          0x0000000080051000        0x0 /opt/riscv/lib/gcc/riscv32-unknown-elf/12.2.0/../../../../riscv32-unknown-elf/lib/libgloss.a(sys_read.o)
 .data          0x0000000080051000        0x0 /opt/riscv/lib/gcc/riscv32-unknown-elf/12.2.0/../../../../riscv32-unknown-elf/lib/libgloss.a(sys_sbrk.o)
 .data          0x0000000080051000        0x0 /opt/riscv/lib/gcc/riscv32-unknown-elf/12.2.0/../../../../riscv32-unknown-elf/lib/libgloss.a(sys_write.o)
 .data          0x0000000080051000        0x0 /opt/riscv/lib/gcc/riscv32-unknown-elf/12.2.0/../../../../riscv32-unknown-elf/lib/libgloss.a(sys_conv_stat.o)
 .data          0x0000000080051000        0x0 /opt/riscv/lib/gcc/riscv32-unknown-elf/12.2.0/libgcc.a(eqtf2.o)
 .data          0x0000000080051000        0x0 /opt/riscv/lib/gcc/riscv32-unknown-elf/12.2.0/libgcc.a(getf2.o)
 .data          0x0000000080051000        0x0 /opt/riscv/lib/gcc/riscv32-unknown-elf/12.2.0/libgcc.a(letf2.o)
 .data          0x0000000080051000        0x0 /opt/riscv/lib/gcc/riscv32-unknown-elf/12.2.0/libgcc.a(multf3.o)
 .data          0x0000000080051000        0x0 /opt/riscv/lib/gcc/riscv32-unknown-elf/12.2.0/libgcc.a(subtf3.o)
 .data          0x0000000080051000        0x0 /opt/riscv/lib/gcc/riscv32-unknown-elf/12.2.0/libgcc.a(fixtfsi.o)
 .data          0x0000000080051000        0x0 /opt/riscv/lib/gcc/riscv32-unknown-elf/12.2.0/libgcc.a(floatsitf.o)
 .data          0x0000000080051000        0x0 /opt/riscv/lib/gcc/riscv32-unknown-elf/12.2.0/libgcc.a(extenddftf2.o)
 .data          0x0000000080051000        0x0 /opt/riscv/lib/gcc/riscv32-unknown-elf/12.2.0/libgcc.a(trunctfdf2.o)
 *(.bss)
 .bss           0x0000000080051000      0x7d0 ./build/app/rtos_run.o
                0x0000000080051000                done_layer_calc2
                0x0000000080051190                done_layer_calc1
                0x0000000080051320                done_calc
                0x00000000800514b0                done_eval
                0x0000000080051640                done_memcpy
 .bss           0x00000000800517d0        0x0 ./build/lib/crt0.o
 .bss           0x00000000800517d0        0x0 ./build/lib/stdio.o
 .bss           0x00000000800517d0        0x0 ./build/lib/stdlib.o
 .bss           0x00000000800517d0        0x0 ./build/lib/string.o
 .bss           0x00000000800517d0        0x0 ./build/lib/uart.o
 .bss           0x00000000800517d0        0x0 ./build/lib/time.o
 .bss           0x00000000800517d0        0x0 ./build/FreeRTOS/list.o
 .bss           0x00000000800517d0       0x40 ./build/FreeRTOS/queue.o
                0x00000000800517d0                xQueueRegistry
 .bss           0x0000000080051810       0xf0 ./build/FreeRTOS/tasks.o
 .bss           0x0000000080051900        0x0 ./build/FreeRTOS/heap_3.o
 .bss           0x0000000080051900       0x28 ./build/FreeRTOS/timers.o
 .bss           0x0000000080051928        0x0 ./build/FreeRTOS/event_groups.o
 .bss           0x0000000080051928        0x0 ./build/FreeRTOS/croutine.o
 .bss           0x0000000080051928        0x0 ./build/FreeRTOS/stream_buffer.o
 .bss           0x0000000080051928        0x0 ./build/FreeRTOS/port.o
 .bss           0x0000000080051928        0x0 ./build/FreeRTOS/portASM.o
 .bss           0x0000000080051928      0xa00 ./build/sdcard/fat32.o
 .bss           0x0000000080052328       0x80 ./build/sdcard/sd.o
 .bss           0x00000000800523a8        0x0 ./build/sdcard/spi.o
 .bss           0x00000000800523a8        0x0 ./build/ocr/file_read.o
 .bss           0x00000000800523a8       0x60 ./build/ocr/neuronet.o
                0x00000000800523a8                n_neurons
                0x00000000800523c8                nn
 .bss           0x0000000080052408        0x0 /opt/riscv/lib/gcc/riscv32-unknown-elf/12.2.0/libgcc.a(_clzsi2.o)
 .bss           0x0000000080052408        0x0 /opt/riscv/lib/gcc/riscv32-unknown-elf/12.2.0/libgcc.a(_udivdi3.o)
 .bss           0x0000000080052408        0x0 /opt/riscv/lib/gcc/riscv32-unknown-elf/12.2.0/libgcc.a(adddf3.o)
 .bss           0x0000000080052408        0x0 /opt/riscv/lib/gcc/riscv32-unknown-elf/12.2.0/libgcc.a(divdf3.o)
 .bss           0x0000000080052408        0x0 /opt/riscv/lib/gcc/riscv32-unknown-elf/12.2.0/libgcc.a(gedf2.o)
 .bss           0x0000000080052408        0x0 /opt/riscv/lib/gcc/riscv32-unknown-elf/12.2.0/libgcc.a(ledf2.o)
 .bss           0x0000000080052408        0x0 /opt/riscv/lib/gcc/riscv32-unknown-elf/12.2.0/libgcc.a(muldf3.o)
 .bss           0x0000000080052408        0x0 /opt/riscv/lib/gcc/riscv32-unknown-elf/12.2.0/libgcc.a(subdf3.o)
 .bss           0x0000000080052408        0x0 /opt/riscv/lib/gcc/riscv32-unknown-elf/12.2.0/libgcc.a(fixdfsi.o)
 .bss           0x0000000080052408        0x0 /opt/riscv/lib/gcc/riscv32-unknown-elf/12.2.0/libgcc.a(fixunsdfsi.o)
 .bss           0x0000000080052408        0x0 /opt/riscv/lib/gcc/riscv32-unknown-elf/12.2.0/libgcc.a(floatsidf.o)
 .bss           0x0000000080052408        0x0 /opt/riscv/lib/gcc/riscv32-unknown-elf/12.2.0/libgcc.a(floatunsidf.o)
 .bss           0x0000000080052408        0x0 /opt/riscv/lib/gcc/riscv32-unknown-elf/12.2.0/libgcc.a(floatundidf.o)
 .bss           0x0000000080052408        0x0 /opt/riscv/lib/gcc/riscv32-unknown-elf/12.2.0/libgcc.a(addsf3.o)
 .bss           0x0000000080052408        0x0 /opt/riscv/lib/gcc/riscv32-unknown-elf/12.2.0/libgcc.a(divsf3.o)
 .bss           0x0000000080052408        0x0 /opt/riscv/lib/gcc/riscv32-unknown-elf/12.2.0/libgcc.a(gesf2.o)
 .bss           0x0000000080052408        0x0 /opt/riscv/lib/gcc/riscv32-unknown-elf/12.2.0/libgcc.a(lesf2.o)
 .bss           0x0000000080052408        0x0 /opt/riscv/lib/gcc/riscv32-unknown-elf/12.2.0/libgcc.a(mulsf3.o)
 .bss           0x0000000080052408        0x0 /opt/riscv/lib/gcc/riscv32-unknown-elf/12.2.0/libgcc.a(subsf3.o)
 .bss           0x0000000080052408        0x0 /opt/riscv/lib/gcc/riscv32-unknown-elf/12.2.0/libgcc.a(fixunssfsi.o)
 .bss           0x0000000080052408        0x0 /opt/riscv/lib/gcc/riscv32-unknown-elf/12.2.0/libgcc.a(floatsisf.o)
 .bss           0x0000000080052408        0x0 /opt/riscv/lib/gcc/riscv32-unknown-elf/12.2.0/libgcc.a(floatunsisf.o)
 .bss           0x0000000080052408        0x0 /opt/riscv/lib/gcc/riscv32-unknown-elf/12.2.0/libgcc.a(extendsfdf2.o)
 .bss           0x0000000080052408        0x0 /opt/riscv/lib/gcc/riscv32-unknown-elf/12.2.0/libgcc.a(_lshrdi3.o)
 .bss           0x0000000080052408        0x0 /opt/riscv/lib/gcc/riscv32-unknown-elf/12.2.0/libgcc.a(_ashldi3.o)
 .bss           0x0000000080052408        0x0 /opt/riscv/lib/gcc/riscv32-unknown-elf/12.2.0/libgcc.a(_clz.o)
 .bss           0x0000000080052408        0x0 /opt/riscv/lib/gcc/riscv32-unknown-elf/12.2.0/../../../../riscv32-unknown-elf/lib/libc.a(lib_a-sprintf.o)
 .bss           0x0000000080052408        0x0 /opt/riscv/lib/gcc/riscv32-unknown-elf/12.2.0/../../../../riscv32-unknown-elf/lib/libc.a(lib_a-svfprintf.o)
 .bss           0x0000000080052408        0x0 /opt/riscv/lib/gcc/riscv32-unknown-elf/12.2.0/../../../../riscv32-unknown-elf/lib/libc.a(lib_a-freer.o)
 .bss           0x0000000080052408        0x0 /opt/riscv/lib/gcc/riscv32-unknown-elf/12.2.0/../../../../riscv32-unknown-elf/lib/libc.a(lib_a-impure.o)
 .bss           0x0000000080052408        0x0 /opt/riscv/lib/gcc/riscv32-unknown-elf/12.2.0/../../../../riscv32-unknown-elf/lib/libc.a(lib_a-ldtoa.o)
 .bss           0x0000000080052408        0x0 /opt/riscv/lib/gcc/riscv32-unknown-elf/12.2.0/../../../../riscv32-unknown-elf/lib/libc.a(lib_a-localeconv.o)
 .bss           0x0000000080052408        0x0 /opt/riscv/lib/gcc/riscv32-unknown-elf/12.2.0/../../../../riscv32-unknown-elf/lib/libc.a(lib_a-locale.o)
 .bss           0x0000000080052408        0x0 /opt/riscv/lib/gcc/riscv32-unknown-elf/12.2.0/../../../../riscv32-unknown-elf/lib/libc.a(lib_a-mallocr.o)
 .bss           0x0000000080052408        0x0 /opt/riscv/lib/gcc/riscv32-unknown-elf/12.2.0/../../../../riscv32-unknown-elf/lib/libc.a(lib_a-mbtowc_r.o)
 .bss           0x0000000080052408        0x0 /opt/riscv/lib/gcc/riscv32-unknown-elf/12.2.0/../../../../riscv32-unknown-elf/lib/libc.a(lib_a-memchr.o)
 .bss           0x0000000080052408        0x0 /opt/riscv/lib/gcc/riscv32-unknown-elf/12.2.0/../../../../riscv32-unknown-elf/lib/libc.a(lib_a-mlock.o)
 .bss           0x0000000080052408        0x0 /opt/riscv/lib/gcc/riscv32-unknown-elf/12.2.0/../../../../riscv32-unknown-elf/lib/libc.a(lib_a-mprec.o)
 .bss           0x0000000080052408        0x0 /opt/riscv/lib/gcc/riscv32-unknown-elf/12.2.0/../../../../riscv32-unknown-elf/lib/libc.a(lib_a-sbrkr.o)
 .bss           0x0000000080052408        0x0 /opt/riscv/lib/gcc/riscv32-unknown-elf/12.2.0/../../../../riscv32-unknown-elf/lib/libc.a(lib_a-s_frexp.o)
 .bss           0x0000000080052408        0x0 /opt/riscv/lib/gcc/riscv32-unknown-elf/12.2.0/../../../../riscv32-unknown-elf/lib/libc.a(lib_a-svfiprintf.o)
 .bss           0x0000000080052408        0x0 /opt/riscv/lib/gcc/riscv32-unknown-elf/12.2.0/../../../../riscv32-unknown-elf/lib/libc.a(lib_a-wctomb_r.o)
 .bss           0x0000000080052408        0x0 /opt/riscv/lib/gcc/riscv32-unknown-elf/12.2.0/../../../../riscv32-unknown-elf/lib/libc.a(lib_a-assert.o)
 .bss           0x0000000080052408        0x0 /opt/riscv/lib/gcc/riscv32-unknown-elf/12.2.0/../../../../riscv32-unknown-elf/lib/libc.a(lib_a-callocr.o)
 .bss           0x0000000080052408        0x0 /opt/riscv/lib/gcc/riscv32-unknown-elf/12.2.0/../../../../riscv32-unknown-elf/lib/libc.a(lib_a-ctype_.o)
 .bss           0x0000000080052408        0x0 /opt/riscv/lib/gcc/riscv32-unknown-elf/12.2.0/../../../../riscv32-unknown-elf/lib/libc.a(lib_a-errno.o)
 .bss           0x0000000080052408        0x0 /opt/riscv/lib/gcc/riscv32-unknown-elf/12.2.0/../../../../riscv32-unknown-elf/lib/libc.a(lib_a-fiprintf.o)
 .bss           0x0000000080052408        0x0 /opt/riscv/lib/gcc/riscv32-unknown-elf/12.2.0/../../../../riscv32-unknown-elf/lib/libc.a(lib_a-reallocr.o)
 .bss           0x0000000080052408        0x0 /opt/riscv/lib/gcc/riscv32-unknown-elf/12.2.0/../../../../riscv32-unknown-elf/lib/libc.a(lib_a-reent.o)
 .bss           0x0000000080052408        0x0 /opt/riscv/lib/gcc/riscv32-unknown-elf/12.2.0/../../../../riscv32-unknown-elf/lib/libc.a(lib_a-vfiprintf.o)
 .bss           0x0000000080052408        0x0 /opt/riscv/lib/gcc/riscv32-unknown-elf/12.2.0/../../../../riscv32-unknown-elf/lib/libc.a(lib_a-wsetup.o)
 .bss           0x0000000080052408        0x0 /opt/riscv/lib/gcc/riscv32-unknown-elf/12.2.0/../../../../riscv32-unknown-elf/lib/libc.a(lib_a-abort.o)
 .bss           0x0000000080052408        0x0 /opt/riscv/lib/gcc/riscv32-unknown-elf/12.2.0/../../../../riscv32-unknown-elf/lib/libc.a(lib_a-fflush.o)
 .bss           0x0000000080052408        0x0 /opt/riscv/lib/gcc/riscv32-unknown-elf/12.2.0/../../../../riscv32-unknown-elf/lib/libc.a(lib_a-findfp.o)
 .bss           0x0000000080052408        0x0 /opt/riscv/lib/gcc/riscv32-unknown-elf/12.2.0/../../../../riscv32-unknown-elf/lib/libc.a(lib_a-fputwc.o)
 .bss           0x0000000080052408        0x0 /opt/riscv/lib/gcc/riscv32-unknown-elf/12.2.0/../../../../riscv32-unknown-elf/lib/libc.a(lib_a-fvwrite.o)
 .bss           0x0000000080052408        0x0 /opt/riscv/lib/gcc/riscv32-unknown-elf/12.2.0/../../../../riscv32-unknown-elf/lib/libc.a(lib_a-fwalk.o)
 .bss           0x0000000080052408        0x0 /opt/riscv/lib/gcc/riscv32-unknown-elf/12.2.0/../../../../riscv32-unknown-elf/lib/libc.a(lib_a-makebuf.o)
 .bss           0x0000000080052408        0x0 /opt/riscv/lib/gcc/riscv32-unknown-elf/12.2.0/../../../../riscv32-unknown-elf/lib/libc.a(lib_a-signal.o)
 .bss           0x0000000080052408        0x0 /opt/riscv/lib/gcc/riscv32-unknown-elf/12.2.0/../../../../riscv32-unknown-elf/lib/libc.a(lib_a-signalr.o)
 .bss           0x0000000080052408        0x0 /opt/riscv/lib/gcc/riscv32-unknown-elf/12.2.0/../../../../riscv32-unknown-elf/lib/libc.a(lib_a-stdio.o)
 .bss           0x0000000080052408        0x0 /opt/riscv/lib/gcc/riscv32-unknown-elf/12.2.0/../../../../riscv32-unknown-elf/lib/libc.a(lib_a-wbuf.o)
 .bss           0x0000000080052408        0x0 /opt/riscv/lib/gcc/riscv32-unknown-elf/12.2.0/../../../../riscv32-unknown-elf/lib/libc.a(lib_a-wcrtomb.o)
 .bss           0x0000000080052408        0x0 /opt/riscv/lib/gcc/riscv32-unknown-elf/12.2.0/../../../../riscv32-unknown-elf/lib/libc.a(lib_a-writer.o)
 .bss           0x0000000080052408        0x0 /opt/riscv/lib/gcc/riscv32-unknown-elf/12.2.0/../../../../riscv32-unknown-elf/lib/libc.a(lib_a-closer.o)
 .bss           0x0000000080052408        0x0 /opt/riscv/lib/gcc/riscv32-unknown-elf/12.2.0/../../../../riscv32-unknown-elf/lib/libc.a(lib_a-fclose.o)
 .bss           0x0000000080052408        0x0 /opt/riscv/lib/gcc/riscv32-unknown-elf/12.2.0/../../../../riscv32-unknown-elf/lib/libc.a(lib_a-fstatr.o)
 .bss           0x0000000080052408        0x0 /opt/riscv/lib/gcc/riscv32-unknown-elf/12.2.0/../../../../riscv32-unknown-elf/lib/libc.a(lib_a-isattyr.o)
 .bss           0x0000000080052408        0x0 /opt/riscv/lib/gcc/riscv32-unknown-elf/12.2.0/../../../../riscv32-unknown-elf/lib/libc.a(lib_a-lseekr.o)
 .bss           0x0000000080052408        0x0 /opt/riscv/lib/gcc/riscv32-unknown-elf/12.2.0/../../../../riscv32-unknown-elf/lib/libc.a(lib_a-readr.o)
 .bss           0x0000000080052408        0x0 /opt/riscv/lib/gcc/riscv32-unknown-elf/12.2.0/../../../../riscv32-unknown-elf/lib/libgloss.a(sys_close.o)
 .bss           0x0000000080052408        0x0 /opt/riscv/lib/gcc/riscv32-unknown-elf/12.2.0/../../../../riscv32-unknown-elf/lib/libgloss.a(sys_exit.o)
 .bss           0x0000000080052408        0x0 /opt/riscv/lib/gcc/riscv32-unknown-elf/12.2.0/../../../../riscv32-unknown-elf/lib/libgloss.a(sys_fstat.o)
 .bss           0x0000000080052408        0x0 /opt/riscv/lib/gcc/riscv32-unknown-elf/12.2.0/../../../../riscv32-unknown-elf/lib/libgloss.a(sys_getpid.o)
 .bss           0x0000000080052408        0x0 /opt/riscv/lib/gcc/riscv32-unknown-elf/12.2.0/../../../../riscv32-unknown-elf/lib/libgloss.a(sys_isatty.o)
 .bss           0x0000000080052408        0x0 /opt/riscv/lib/gcc/riscv32-unknown-elf/12.2.0/../../../../riscv32-unknown-elf/lib/libgloss.a(sys_kill.o)
 .bss           0x0000000080052408        0x0 /opt/riscv/lib/gcc/riscv32-unknown-elf/12.2.0/../../../../riscv32-unknown-elf/lib/libgloss.a(sys_lseek.o)
 .bss           0x0000000080052408        0x0 /opt/riscv/lib/gcc/riscv32-unknown-elf/12.2.0/../../../../riscv32-unknown-elf/lib/libgloss.a(sys_read.o)
 .bss           0x0000000080052408        0x0 /opt/riscv/lib/gcc/riscv32-unknown-elf/12.2.0/../../../../riscv32-unknown-elf/lib/libgloss.a(sys_sbrk.o)
 .bss           0x0000000080052408        0x0 /opt/riscv/lib/gcc/riscv32-unknown-elf/12.2.0/../../../../riscv32-unknown-elf/lib/libgloss.a(sys_write.o)
 .bss           0x0000000080052408        0x0 /opt/riscv/lib/gcc/riscv32-unknown-elf/12.2.0/../../../../riscv32-unknown-elf/lib/libgloss.a(sys_conv_stat.o)
 .bss           0x0000000080052408        0x0 /opt/riscv/lib/gcc/riscv32-unknown-elf/12.2.0/libgcc.a(eqtf2.o)
 .bss           0x0000000080052408        0x0 /opt/riscv/lib/gcc/riscv32-unknown-elf/12.2.0/libgcc.a(getf2.o)
 .bss           0x0000000080052408        0x0 /opt/riscv/lib/gcc/riscv32-unknown-elf/12.2.0/libgcc.a(letf2.o)
 .bss           0x0000000080052408        0x0 /opt/riscv/lib/gcc/riscv32-unknown-elf/12.2.0/libgcc.a(multf3.o)
 .bss           0x0000000080052408        0x0 /opt/riscv/lib/gcc/riscv32-unknown-elf/12.2.0/libgcc.a(subtf3.o)
 .bss           0x0000000080052408        0x0 /opt/riscv/lib/gcc/riscv32-unknown-elf/12.2.0/libgcc.a(fixtfsi.o)
 .bss           0x0000000080052408        0x0 /opt/riscv/lib/gcc/riscv32-unknown-elf/12.2.0/libgcc.a(floatsitf.o)
 .bss           0x0000000080052408        0x0 /opt/riscv/lib/gcc/riscv32-unknown-elf/12.2.0/libgcc.a(extenddftf2.o)
 .bss           0x0000000080052408        0x0 /opt/riscv/lib/gcc/riscv32-unknown-elf/12.2.0/libgcc.a(trunctfdf2.o)
 *(.rodata*)
 .rodata.str1.4
                0x0000000080052408      0x5d7 ./build/app/rtos_run.o
                                        0x5df (size before relaxing)
 *fill*         0x00000000800529df        0x1 
 .rodata.str1.4
                0x00000000800529e0       0x7d ./build/lib/stdio.o
 *fill*         0x0000000080052a5d        0x3 
 .rodata        0x0000000080052a60       0x84 ./build/lib/stdio.o
 .rodata        0x0000000080052ae4       0xa8 ./build/lib/stdlib.o
 .rodata.str1.4
                0x0000000080052b8c        0x5 ./build/FreeRTOS/tasks.o
 *fill*         0x0000000080052b91        0x3 
 .rodata        0x0000000080052b94       0x28 ./build/FreeRTOS/tasks.o
 .rodata.str1.4
                0x0000000080052bbc       0x10 ./build/FreeRTOS/timers.o
 .rodata        0x0000000080052bcc       0x28 ./build/FreeRTOS/timers.o
 .rodata.str1.4
                0x0000000080052bf4       0xe3 ./build/sdcard/fat32.o
 *fill*         0x0000000080052cd7        0x1 
 .rodata.str1.4
                0x0000000080052cd8       0x3a ./build/sdcard/sd.o
 *fill*         0x0000000080052d12        0x2 
 .rodata.str1.4
                0x0000000080052d14       0x88 ./build/ocr/file_read.o
 .rodata        0x0000000080052d9c       0x40 ./build/ocr/neuronet.o
 .rodata        0x0000000080052ddc       0x3c /opt/riscv/lib/gcc/riscv32-unknown-elf/12.2.0/libgcc.a(divdf3.o)
 .rodata        0x0000000080052e18       0x3c /opt/riscv/lib/gcc/riscv32-unknown-elf/12.2.0/libgcc.a(divsf3.o)
 .rodata        0x0000000080052e54      0x100 /opt/riscv/lib/gcc/riscv32-unknown-elf/12.2.0/libgcc.a(_clz.o)
                0x0000000080052e54                __clz_tab
 .rodata._svfprintf_r.str1.4
                0x0000000080052f54       0x1a /opt/riscv/lib/gcc/riscv32-unknown-elf/12.2.0/../../../../riscv32-unknown-elf/lib/libc.a(lib_a-svfprintf.o)
                                         0x42 (size before relaxing)
 *fill*         0x0000000080052f6e        0x2 
 .rodata._svfprintf_r
                0x0000000080052f70      0x204 /opt/riscv/lib/gcc/riscv32-unknown-elf/12.2.0/../../../../riscv32-unknown-elf/lib/libc.a(lib_a-svfprintf.o)
 .rodata.zeroes.0
                0x0000000080053174       0x10 /opt/riscv/lib/gcc/riscv32-unknown-elf/12.2.0/../../../../riscv32-unknown-elf/lib/libc.a(lib_a-svfprintf.o)
 .rodata.blanks.1
                0x0000000080053184       0x10 /opt/riscv/lib/gcc/riscv32-unknown-elf/12.2.0/../../../../riscv32-unknown-elf/lib/libc.a(lib_a-svfprintf.o)
 .rodata._ldtoa_r.str1.4
                0x0000000080053194       0x92 /opt/riscv/lib/gcc/riscv32-unknown-elf/12.2.0/../../../../riscv32-unknown-elf/lib/libc.a(lib_a-ldtoa.o)
 *fill*         0x0000000080053226        0x2 
 .rodata.bmask  0x0000000080053228       0x22 /opt/riscv/lib/gcc/riscv32-unknown-elf/12.2.0/../../../../riscv32-unknown-elf/lib/libc.a(lib_a-ldtoa.o)
 *fill*         0x000000008005324a        0x2 
 .rodata.emtens
                0x000000008005324c      0x104 /opt/riscv/lib/gcc/riscv32-unknown-elf/12.2.0/../../../../riscv32-unknown-elf/lib/libc.a(lib_a-ldtoa.o)
 .rodata.etens  0x0000000080053350      0x104 /opt/riscv/lib/gcc/riscv32-unknown-elf/12.2.0/../../../../riscv32-unknown-elf/lib/libc.a(lib_a-ldtoa.o)
 .rodata.eone   0x0000000080053454       0x14 /opt/riscv/lib/gcc/riscv32-unknown-elf/12.2.0/../../../../riscv32-unknown-elf/lib/libc.a(lib_a-ldtoa.o)
 .rodata.ezero  0x0000000080053468       0x14 /opt/riscv/lib/gcc/riscv32-unknown-elf/12.2.0/../../../../riscv32-unknown-elf/lib/libc.a(lib_a-ldtoa.o)
 .rodata._setlocale_r.str1.4
                0x000000008005347c        0xa /opt/riscv/lib/gcc/riscv32-unknown-elf/12.2.0/../../../../riscv32-unknown-elf/lib/libc.a(lib_a-locale.o)
                                          0xd (size before relaxing)
 .rodata.str1.4