
There are no discarded input sections

Memory Configuration

Name             Origin             Length             Attributes
code_ram         0x00000000         0x00002000         xr!rw
data_ram         0x00002000         0x00001000         rw!x
*default*        0x00000000         0xffffffff

Linker script and memory map

                0x00000300                        __stack_size = 0x300

.text           0x00000000      0x6f4
 boot.o(.text)
 .text          0x00000000       0x34 boot.o
                0x00000000                boot
 *(.text)
 .text          0x00000034      0x1b0 uartboot.o
                0x0000006c                load_elf
 .text          0x000001e4      0x510 io_uart.o
                0x000001e4                exit
                0x00000228                inbyte
                0x00000250                outbyte
                0x00000294                getchar
                0x000002bc                putchar
                0x00000308                putd
                0x000003d0                putx
                0x00000460                puts
                0x000004e4                printf

.text.startup   0x000006f4      0x31c
 .text.startup  0x000006f4      0x31c uartboot.o
                0x000006f4                main

.rela.dyn       0x00000a10        0x0
 .rela.sdata    0x00000a10        0x0 boot.o

.data           0x00002000      0x3f1
 *(.data)
 .data          0x00002000        0x0 boot.o
 .data          0x00002000        0x0 uartboot.o
 .data          0x00002000        0x0 io_uart.o
 *(.bss)
 .bss           0x00002000        0x0 boot.o
 .bss           0x00002000       0xc0 uartboot.o
                0x00002000                eheader
                0x00002040                pheader
 .bss           0x000020c0        0x0 io_uart.o
 *(.rodata*)
 .rodata        0x000020c0      0x277 uartboot.o
 *fill*         0x00002337        0x1 
 .rodata        0x00002338       0xb9 io_uart.o

.sdata          0x000023f4       0x24
 .sdata         0x000023f4        0x4 boot.o
                0x000023f4                stack_top
 .sdata         0x000023f8       0x14 uartboot.o
                0x000023f8                year
                0x000023fc                organization
                0x00002400                done_1
                0x00002404                done_0
                0x00002408                print_lock
 .sdata         0x0000240c        0xc io_uart.o
                0x0000240c                uart_status
                0x00002410                uart_txfifo
                0x00002414                uart_rxfifo

.sbss           0x00002418        0xc
 .sbss          0x00002418        0x4 boot.o
                0x00002418                sp_store
 .sbss          0x0000241c        0x8 uartboot.o
                0x0000241c                prog_2
                0x00002420                prog_1

.stack          0x00002430      0x300
                0x00002730                        . = (. + __stack_size)
 *fill*         0x00002430      0x300 
                0x00002730                        __stack_top = .
LOAD boot.o
LOAD uartboot.o
LOAD io_uart.o
OUTPUT(uartboot.elf elf32-littleriscv)

.comment        0x00000000       0x1b
 .comment       0x00000000       0x1b boot.o
                                 0x1c (size before relaxing)
 .comment       0x0000001b       0x1c uartboot.o
 .comment       0x0000001b       0x1c io_uart.o

.riscv.attributes
                0x00000000       0x5b
 .riscv.attributes
                0x00000000       0x57 boot.o
 .riscv.attributes
                0x00000057       0x5b uartboot.o
 .riscv.attributes
                0x000000b2       0x57 io_uart.o
