Archive member included to satisfy reference by file (symbol)

./libelibc.a(crt0.o)          (crt0)
./libelibc.a(stdio.o)         core_main.o (printf)
./libelibc.a(stdlib.o)        core_portme.o (malloc)
./libelibc.a(string.o)        ./libelibc.a(stdlib.o) (memset)
./libelibc.a(time.o)          core_portme.o (clock)
./libelibc.a(uart.o)          ./libelibc.a(stdio.o) (inbyte)
/opt/riscv/lib/gcc/riscv32-unknown-elf/13.2.0/libgcc.a(_udivdi3.o)
                              ./libelibc.a(stdio.o) (__udivdi3)
/opt/riscv/lib/gcc/riscv32-unknown-elf/13.2.0/libgcc.a(adddf3.o)
                              ./libelibc.a(stdio.o) (__adddf3)
/opt/riscv/lib/gcc/riscv32-unknown-elf/13.2.0/libgcc.a(divdf3.o)
                              core_main.o (__divdf3)
/opt/riscv/lib/gcc/riscv32-unknown-elf/13.2.0/libgcc.a(gedf2.o)
                              core_main.o (__gtdf2)
/opt/riscv/lib/gcc/riscv32-unknown-elf/13.2.0/libgcc.a(ledf2.o)
                              core_main.o (__ltdf2)
/opt/riscv/lib/gcc/riscv32-unknown-elf/13.2.0/libgcc.a(muldf3.o)
                              ./libelibc.a(stdio.o) (__muldf3)
/opt/riscv/lib/gcc/riscv32-unknown-elf/13.2.0/libgcc.a(subdf3.o)
                              ./libelibc.a(stdio.o) (__subdf3)
/opt/riscv/lib/gcc/riscv32-unknown-elf/13.2.0/libgcc.a(fixunsdfsi.o)
                              core_main.o (__fixunsdfsi)
/opt/riscv/lib/gcc/riscv32-unknown-elf/13.2.0/libgcc.a(floatunsidf.o)
                              core_main.o (__floatunsidf)
/opt/riscv/lib/gcc/riscv32-unknown-elf/13.2.0/libgcc.a(fixunsdfdi.o)
                              ./libelibc.a(stdio.o) (__fixunsdfdi)
/opt/riscv/lib/gcc/riscv32-unknown-elf/13.2.0/libgcc.a(_ashldi3.o)
                              /opt/riscv/lib/gcc/riscv32-unknown-elf/13.2.0/libgcc.a(fixunsdfdi.o) (__ashldi3)
/opt/riscv/lib/gcc/riscv32-unknown-elf/13.2.0/libgcc.a(_clz.o)
                              /opt/riscv/lib/gcc/riscv32-unknown-elf/13.2.0/libgcc.a(_udivdi3.o) (__clz_tab)
/opt/riscv/lib/gcc/riscv32-unknown-elf/13.2.0/libgcc.a(_clzsi2.o)
                              /opt/riscv/lib/gcc/riscv32-unknown-elf/13.2.0/libgcc.a(adddf3.o) (__clzsi2)

There are no discarded input sections

Memory Configuration

Name             Origin             Length             Attributes
code_ram         0x800a1000         0x00007000         xr!rw
data_ram         0x800a8000         0x00008000         rw!x
*default*        0x00000000         0xffffffff

Linker script and memory map

                0x00002000                        __stack_size = 0x2000
                0x00002000                        __heap_size = 0x2000

.text           0x800a1000     0x534c
 *(.text*)
 .text          0x800a1000       0x88 core_main.o
                0x800a1000                iterate
 .text.startup  0x800a1088      0x830 core_main.o
                0x800a1088                main
 .text          0x800a18b8       0x9c core_portme.o
                0x800a18b8                portable_malloc
                0x800a18bc                portable_free
                0x800a18c0                start_time
                0x800a18e0                stop_time
                0x800a1900                get_time
                0x800a1918                time_in_secs
                0x800a1940                portable_init
                0x800a194c                portable_fini
 .text          0x800a1954      0x124 core_util.o
                0x800a1954                get_seed_32
                0x800a19b8                crcu8
                0x800a1a00                crcu16
                0x800a1a30                crcu32
                0x800a1a64                crc16
                0x800a1a70                check_data_types
 .text          0x800a1a78      0x84c core_list_join.o
                0x800a1a78                cmp_idx
                0x800a1ad4                calc_func
                0x800a1bf8                cmp_complex
                0x800a1c44                copy_info
                0x800a1c58                core_list_insert_new
                0x800a1cb8                core_list_remove
                0x800a1ce0                core_list_undo_remove
                0x800a1d00                core_list_find
                0x800a1d54                core_list_reverse
                0x800a1d78                core_list_mergesort
                0x800a1ec8                core_bench_list
                0x800a2100                core_list_init
 .text          0x800a22c4      0x5e8 core_matrix.o
                0x800a22c4                core_init_matrix
                0x800a2418                matrix_sum
                0x800a24ac                matrix_mul_const
                0x800a2504                matrix_add_const
                0x800a2550                matrix_mul_vect
                0x800a25a8                matrix_mul_matrix
                0x800a2654                matrix_mul_matrix_bitextract
                0x800a2714                matrix_test
                0x800a2870                core_bench_matrix
 .text          0x800a28ac      0x5d8 core_state.o
                0x800a28ac                core_init_state
                0x800a29f8                core_state_transition
                0x800a2ce4                core_bench_state
 .text          0x800a2e84       0x30 ./libelibc.a(crt0.o)
                0x800a2e84                crt0
 .text          0x800a2eb4      0xa2c ./libelibc.a(stdio.o)
                0x800a2eb4                getchar
                0x800a2ecc                putchar
                0x800a2ef8                fputs
                0x800a2f70                fgets
                0x800a3024                putd
                0x800a315c                putx
                0x800a3280                putld
                0x800a34e0                putf
                0x800a369c                printf
 .text          0x800a38e0      0x2c0 ./libelibc.a(stdlib.o)
                0x800a38e0                exit
                0x800a392c                malloc
                0x800a3a54                free
                0x800a3a80                calloc
                0x800a3abc                atoi
                0x800a3b54                abs
                0x800a3b64                srand
                0x800a3b70                rand
 .text          0x800a3ba0      0x270 ./libelibc.a(string.o)
                0x800a3ba0                memcpy
                0x800a3bc4                memmove
                0x800a3c20                memset
                0x800a3c40                strlen
                0x800a3c68                strcpy
                0x800a3c90                strncpy
                0x800a3cf8                strcat
                0x800a3d3c                strncat
                0x800a3d90                strcmp
                0x800a3dcc                strncmp
 .text          0x800a3e10       0xb4 ./libelibc.a(time.o)
                0x800a3e10                clock
 .text          0x800a3ec4       0x70 ./libelibc.a(uart.o)
                0x800a3ec4                inbyte
                0x800a3ee8                outbyte
 .text          0x800a3f34      0x430 /opt/riscv/lib/gcc/riscv32-unknown-elf/13.2.0/libgcc.a(_udivdi3.o)
                0x800a3f34                __udivdi3
 .text          0x800a4364      0x794 /opt/riscv/lib/gcc/riscv32-unknown-elf/13.2.0/libgcc.a(adddf3.o)
                0x800a4364                __adddf3
 .text          0x800a4af8      0x6dc /opt/riscv/lib/gcc/riscv32-unknown-elf/13.2.0/libgcc.a(divdf3.o)
                0x800a4af8                __divdf3
 .text          0x800a51d4       0xdc /opt/riscv/lib/gcc/riscv32-unknown-elf/13.2.0/libgcc.a(gedf2.o)
                0x800a51d4                __gtdf2
                0x800a51d4                __gedf2
 .text          0x800a52b0       0xdc /opt/riscv/lib/gcc/riscv32-unknown-elf/13.2.0/libgcc.a(ledf2.o)
                0x800a52b0                __ltdf2
                0x800a52b0                __ledf2
 .text          0x800a538c      0x5f0 /opt/riscv/lib/gcc/riscv32-unknown-elf/13.2.0/libgcc.a(muldf3.o)
                0x800a538c                __muldf3
 .text          0x800a597c      0x7a8 /opt/riscv/lib/gcc/riscv32-unknown-elf/13.2.0/libgcc.a(subdf3.o)
                0x800a597c                __subdf3
 .text          0x800a6124       0x7c /opt/riscv/lib/gcc/riscv32-unknown-elf/13.2.0/libgcc.a(fixunsdfsi.o)
                0x800a6124                __fixunsdfsi
 .text          0x800a61a0       0x80 /opt/riscv/lib/gcc/riscv32-unknown-elf/13.2.0/libgcc.a(floatunsidf.o)
                0x800a61a0                __floatunsidf
 .text          0x800a6220       0xa8 /opt/riscv/lib/gcc/riscv32-unknown-elf/13.2.0/libgcc.a(fixunsdfdi.o)
                0x800a6220                __fixunsdfdi
 .text          0x800a62c8       0x38 /opt/riscv/lib/gcc/riscv32-unknown-elf/13.2.0/libgcc.a(_ashldi3.o)
                0x800a62c8                __ashldi3
 .text          0x800a6300        0x0 /opt/riscv/lib/gcc/riscv32-unknown-elf/13.2.0/libgcc.a(_clz.o)
 .text          0x800a6300       0x4c /opt/riscv/lib/gcc/riscv32-unknown-elf/13.2.0/libgcc.a(_clzsi2.o)
                0x800a6300                __clzsi2

.eh_frame       0x800a634c       0x28
 .eh_frame      0x800a634c       0x28 /opt/riscv/lib/gcc/riscv32-unknown-elf/13.2.0/libgcc.a(_udivdi3.o)

.data           0x800a8000      0x978
 *(.rela.srodata)
 .rela.srodata  0x800a8000        0x0 core_main.o
 *(.rela.sdata)
 .rela.sdata    0x800a8000        0x0 core_main.o
 *(.data)
 .data          0x800a8000        0xc core_main.o
                0x800a8000                mem_name
 .data          0x800a800c        0x0 core_portme.o
 .data          0x800a800c        0x0 core_util.o
 .data          0x800a800c        0x0 core_list_join.o
 .data          0x800a800c        0x0 core_matrix.o
 .data          0x800a800c        0x0 core_state.o
 .data          0x800a800c        0x0 ./libelibc.a(crt0.o)
 .data          0x800a800c        0x0 ./libelibc.a(stdio.o)
 .data          0x800a800c        0x0 ./libelibc.a(stdlib.o)
 .data          0x800a800c        0x0 ./libelibc.a(string.o)
 .data          0x800a800c        0x0 ./libelibc.a(time.o)
 .data          0x800a800c        0x0 ./libelibc.a(uart.o)
 .data          0x800a800c        0x0 /opt/riscv/lib/gcc/riscv32-unknown-elf/13.2.0/libgcc.a(_udivdi3.o)
 .data          0x800a800c        0x0 /opt/riscv/lib/gcc/riscv32-unknown-elf/13.2.0/libgcc.a(adddf3.o)
 .data          0x800a800c        0x0 /opt/riscv/lib/gcc/riscv32-unknown-elf/13.2.0/libgcc.a(divdf3.o)
 .data          0x800a800c        0x0 /opt/riscv/lib/gcc/riscv32-unknown-elf/13.2.0/libgcc.a(gedf2.o)
 .data          0x800a800c        0x0 /opt/riscv/lib/gcc/riscv32-unknown-elf/13.2.0/libgcc.a(ledf2.o)
 .data          0x800a800c        0x0 /opt/riscv/lib/gcc/riscv32-unknown-elf/13.2.0/libgcc.a(muldf3.o)
 .data          0x800a800c        0x0 /opt/riscv/lib/gcc/riscv32-unknown-elf/13.2.0/libgcc.a(subdf3.o)
 .data          0x800a800c        0x0 /opt/riscv/lib/gcc/riscv32-unknown-elf/13.2.0/libgcc.a(fixunsdfsi.o)
 .data          0x800a800c        0x0 /opt/riscv/lib/gcc/riscv32-unknown-elf/13.2.0/libgcc.a(floatunsidf.o)
 .data          0x800a800c        0x0 /opt/riscv/lib/gcc/riscv32-unknown-elf/13.2.0/libgcc.a(fixunsdfdi.o)
 .data          0x800a800c        0x0 /opt/riscv/lib/gcc/riscv32-unknown-elf/13.2.0/libgcc.a(_ashldi3.o)
 .data          0x800a800c        0x0 /opt/riscv/lib/gcc/riscv32-unknown-elf/13.2.0/libgcc.a(_clz.o)
 .data          0x800a800c        0x0 /opt/riscv/lib/gcc/riscv32-unknown-elf/13.2.0/libgcc.a(_clzsi2.o)
 *(.data*)
 *(.bss)
 .bss           0x800a800c        0x0 core_main.o
 .bss           0x800a800c        0x0 core_portme.o
 .bss           0x800a800c        0x0 core_util.o
 .bss           0x800a800c        0x0 core_list_join.o
 .bss           0x800a800c        0x0 core_matrix.o
 .bss           0x800a800c        0x0 core_state.o
 .bss           0x800a800c        0x0 ./libelibc.a(crt0.o)
 .bss           0x800a800c        0x0 ./libelibc.a(stdio.o)
 .bss           0x800a800c        0x0 ./libelibc.a(stdlib.o)
 .bss           0x800a800c        0x0 ./libelibc.a(string.o)
 .bss           0x800a800c        0x0 ./libelibc.a(time.o)
 .bss           0x800a800c        0x0 ./libelibc.a(uart.o)
 .bss           0x800a800c        0x0 /opt/riscv/lib/gcc/riscv32-unknown-elf/13.2.0/libgcc.a(_udivdi3.o)
 .bss           0x800a800c        0x0 /opt/riscv/lib/gcc/riscv32-unknown-elf/13.2.0/libgcc.a(adddf3.o)
 .bss           0x800a800c        0x0 /opt/riscv/lib/gcc/riscv32-unknown-elf/13.2.0/libgcc.a(divdf3.o)
 .bss           0x800a800c        0x0 /opt/riscv/lib/gcc/riscv32-unknown-elf/13.2.0/libgcc.a(gedf2.o)
 .bss           0x800a800c        0x0 /opt/riscv/lib/gcc/riscv32-unknown-elf/13.2.0/libgcc.a(ledf2.o)
 .bss           0x800a800c        0x0 /opt/riscv/lib/gcc/riscv32-unknown-elf/13.2.0/libgcc.a(muldf3.o)
 .bss           0x800a800c        0x0 /opt/riscv/lib/gcc/riscv32-unknown-elf/13.2.0/libgcc.a(subdf3.o)
 .bss           0x800a800c        0x0 /opt/riscv/lib/gcc/riscv32-unknown-elf/13.2.0/libgcc.a(fixunsdfsi.o)
 .bss           0x800a800c        0x0 /opt/riscv/lib/gcc/riscv32-unknown-elf/13.2.0/libgcc.a(floatunsidf.o)
 .bss           0x800a800c        0x0 /opt/riscv/lib/gcc/riscv32-unknown-elf/13.2.0/libgcc.a(fixunsdfdi.o)
 .bss           0x800a800c        0x0 /opt/riscv/lib/gcc/riscv32-unknown-elf/13.2.0/libgcc.a(_ashldi3.o)
 .bss           0x800a800c        0x0 /opt/riscv/lib/gcc/riscv32-unknown-elf/13.2.0/libgcc.a(_clz.o)
 .bss           0x800a800c        0x0 /opt/riscv/lib/gcc/riscv32-unknown-elf/13.2.0/libgcc.a(_clzsi2.o)
 *(.rodata*)
 .rodata.str1.4
                0x800a800c      0x605 core_main.o
                                0x4d2 (size before relaxing)
 *fill*         0x800a8611        0x3 
 .rodata        0x800a8614       0x22 core_main.o
 *fill*         0x800a8636        0x2 
 .rodata        0x800a8638       0x18 core_util.o
 .rodata.str1.4
                0x800a8650       0xad core_state.o
 .rodata        0x800a8650       0x40 core_state.o
 .rodata.str1.4
                0x800a8690       0x7d ./libelibc.a(stdio.o)
 .rodata        0x800a8690       0x84 ./libelibc.a(stdio.o)
 .rodata        0x800a8714       0xa8 ./libelibc.a(stdlib.o)
 .rodata        0x800a87bc       0x3c /opt/riscv/lib/gcc/riscv32-unknown-elf/13.2.0/libgcc.a(divdf3.o)
 .rodata        0x800a87f8      0x100 /opt/riscv/lib/gcc/riscv32-unknown-elf/13.2.0/libgcc.a(_clz.o)
                0x800a87f8                __clz_tab
 *(.srodata*)
 .srodata.cst8  0x800a88f8       0x20 core_main.o
                                  0x8 (size before relaxing)
 .srodata.cst8  0x800a8918        0x8 core_portme.o
 .srodata.cst8  0x800a8918       0x18 ./libelibc.a(stdio.o)
 .srodata       0x800a8918        0x8 ./libelibc.a(stdlib.o)
 *(.sdata*)
 .sdata         0x800a8920       0x14 core_portme.o
                0x800a8920                default_num_contexts
                0x800a8924                seed4_volatile
                0x800a8928                seed3_volatile
                0x800a892c                seed2_volatile
                0x800a8930                seed1_volatile
 .sdata         0x800a8934        0x4 ./libelibc.a(crt0.o)
                0x800a8934                stack_top
 .sdata         0x800a8938       0x1c ./libelibc.a(stdio.o)
                0x800a8938                stderr
                0x800a893c                stdout
                0x800a8940                stdin
 .sdata         0x800a8954        0xc ./libelibc.a(stdlib.o)
 *(.sbss*)
 .sbss          0x800a8960        0xc core_portme.o
                0x800a8968                seed5_volatile
 .sbss          0x800a896c        0x4 ./libelibc.a(crt0.o)
                0x800a896c                sp_store
 .sbss          0x800a8970        0x8 ./libelibc.a(stdio.o)

.heap           0x800a8980     0x2000
                0x800a8980                        __heap_start = .
                0x800aa980                        . = (. + __heap_size)
 *fill*         0x800a8980     0x2000 

.stack          0x800aa980     0x2000
                0x800ac980                        . = (. + __stack_size)
 *fill*         0x800aa980     0x2000 
                0x800ac980                        __stack_top = .
LOAD core_main.o
LOAD core_portme.o
LOAD core_util.o
LOAD core_list_join.o
LOAD core_matrix.o
LOAD core_state.o
LOAD ./libelibc.a
LOAD /opt/riscv/lib/gcc/riscv32-unknown-elf/13.2.0/libgcc.a
LOAD /opt/riscv/riscv32-unknown-elf/lib/libm.a
OUTPUT(coremark.elf elf32-littleriscv)

.comment        0x00000000       0x1b
 .comment       0x00000000       0x1b core_main.o
                                 0x1c (size before relaxing)
 .comment       0x0000001b       0x1c core_portme.o
 .comment       0x0000001b       0x1c core_util.o
 .comment       0x0000001b       0x1c core_list_join.o
 .comment       0x0000001b       0x1c core_matrix.o
 .comment       0x0000001b       0x1c core_state.o
 .comment       0x0000001b       0x1c ./libelibc.a(crt0.o)
 .comment       0x0000001b       0x1c ./libelibc.a(stdio.o)
 .comment       0x0000001b       0x1c ./libelibc.a(stdlib.o)
 .comment       0x0000001b       0x1c ./libelibc.a(string.o)
 .comment       0x0000001b       0x1c ./libelibc.a(time.o)
 .comment       0x0000001b       0x1c ./libelibc.a(uart.o)
 .comment       0x0000001b       0x1c /opt/riscv/lib/gcc/riscv32-unknown-elf/13.2.0/libgcc.a(_udivdi3.o)
 .comment       0x0000001b       0x1c /opt/riscv/lib/gcc/riscv32-unknown-elf/13.2.0/libgcc.a(adddf3.o)
 .comment       0x0000001b       0x1c /opt/riscv/lib/gcc/riscv32-unknown-elf/13.2.0/libgcc.a(divdf3.o)
 .comment       0x0000001b       0x1c /opt/riscv/lib/gcc/riscv32-unknown-elf/13.2.0/libgcc.a(gedf2.o)
 .comment       0x0000001b       0x1c /opt/riscv/lib/gcc/riscv32-unknown-elf/13.2.0/libgcc.a(ledf2.o)
 .comment       0x0000001b       0x1c /opt/riscv/lib/gcc/riscv32-unknown-elf/13.2.0/libgcc.a(muldf3.o)
 .comment       0x0000001b       0x1c /opt/riscv/lib/gcc/riscv32-unknown-elf/13.2.0/libgcc.a(subdf3.o)
 .comment       0x0000001b       0x1c /opt/riscv/lib/gcc/riscv32-unknown-elf/13.2.0/libgcc.a(fixunsdfsi.o)
 .comment       0x0000001b       0x1c /opt/riscv/lib/gcc/riscv32-unknown-elf/13.2.0/libgcc.a(floatunsidf.o)
 .comment       0x0000001b       0x1c /opt/riscv/lib/gcc/riscv32-unknown-elf/13.2.0/libgcc.a(fixunsdfdi.o)
 .comment       0x0000001b       0x1c /opt/riscv/lib/gcc/riscv32-unknown-elf/13.2.0/libgcc.a(_ashldi3.o)
 .comment       0x0000001b       0x1c /opt/riscv/lib/gcc/riscv32-unknown-elf/13.2.0/libgcc.a(_clz.o)
 .comment       0x0000001b       0x1c /opt/riscv/lib/gcc/riscv32-unknown-elf/13.2.0/libgcc.a(_clzsi2.o)

.riscv.attributes
                0x00000000       0x5b
 .riscv.attributes
                0x00000000       0x57 core_main.o
 .riscv.attributes
                0x00000057       0x57 core_portme.o
 .riscv.attributes
                0x000000ae       0x57 core_util.o
 .riscv.attributes
                0x00000105       0x57 core_list_join.o
 .riscv.attributes
                0x0000015c       0x57 core_matrix.o
 .riscv.attributes
                0x000001b3       0x57 core_state.o
 .riscv.attributes
                0x0000020a       0x57 ./libelibc.a(crt0.o)
 .riscv.attributes
                0x00000261       0x57 ./libelibc.a(stdio.o)
 .riscv.attributes
                0x000002b8       0x57 ./libelibc.a(stdlib.o)
 .riscv.attributes
                0x0000030f       0x57 ./libelibc.a(string.o)
 .riscv.attributes
                0x00000366       0x5b ./libelibc.a(time.o)
 .riscv.attributes
                0x000003c1       0x57 ./libelibc.a(uart.o)
 .riscv.attributes
                0x00000418       0x57 /opt/riscv/lib/gcc/riscv32-unknown-elf/13.2.0/libgcc.a(_udivdi3.o)
 .riscv.attributes
                0x0000046f       0x57 /opt/riscv/lib/gcc/riscv32-unknown-elf/13.2.0/libgcc.a(adddf3.o)
 .riscv.attributes
                0x000004c6       0x57 /opt/riscv/lib/gcc/riscv32-unknown-elf/13.2.0/libgcc.a(divdf3.o)
 .riscv.attributes
                0x0000051d       0x57 /opt/riscv/lib/gcc/riscv32-unknown-elf/13.2.0/libgcc.a(gedf2.o)
 .riscv.attributes
                0x00000574       0x57 /opt/riscv/lib/gcc/riscv32-unknown-elf/13.2.0/libgcc.a(ledf2.o)
 .riscv.attributes
                0x000005cb       0x57 /opt/riscv/lib/gcc/riscv32-unknown-elf/13.2.0/libgcc.a(muldf3.o)
 .riscv.attributes
                0x00000622       0x57 /opt/riscv/lib/gcc/riscv32-unknown-elf/13.2.0/libgcc.a(subdf3.o)
 .riscv.attributes
                0x00000679       0x57 /opt/riscv/lib/gcc/riscv32-unknown-elf/13.2.0/libgcc.a(fixunsdfsi.o)
 .riscv.attributes
                0x000006d0       0x57 /opt/riscv/lib/gcc/riscv32-unknown-elf/13.2.0/libgcc.a(floatunsidf.o)
 .riscv.attributes
                0x00000727       0x57 /opt/riscv/lib/gcc/riscv32-unknown-elf/13.2.0/libgcc.a(fixunsdfdi.o)
 .riscv.attributes
                0x0000077e       0x57 /opt/riscv/lib/gcc/riscv32-unknown-elf/13.2.0/libgcc.a(_ashldi3.o)
 .riscv.attributes
                0x000007d5       0x57 /opt/riscv/lib/gcc/riscv32-unknown-elf/13.2.0/libgcc.a(_clz.o)
 .riscv.attributes
                0x0000082c       0x57 /opt/riscv/lib/gcc/riscv32-unknown-elf/13.2.0/libgcc.a(_clzsi2.o)

.debug_info     0x00000000     0x2c92
 .debug_info    0x00000000      0x76f /opt/riscv/lib/gcc/riscv32-unknown-elf/13.2.0/libgcc.a(_udivdi3.o)
 .debug_info    0x0000076f      0x501 /opt/riscv/lib/gcc/riscv32-unknown-elf/13.2.0/libgcc.a(adddf3.o)
 .debug_info    0x00000c70      0x67b /opt/riscv/lib/gcc/riscv32-unknown-elf/13.2.0/libgcc.a(divdf3.o)
 .debug_info    0x000012eb      0x225 /opt/riscv/lib/gcc/riscv32-unknown-elf/13.2.0/libgcc.a(gedf2.o)
 .debug_info    0x00001510      0x225 /opt/riscv/lib/gcc/riscv32-unknown-elf/13.2.0/libgcc.a(ledf2.o)
 .debug_info    0x00001735      0x6a4 /opt/riscv/lib/gcc/riscv32-unknown-elf/13.2.0/libgcc.a(muldf3.o)
 .debug_info    0x00001dd9      0x501 /opt/riscv/lib/gcc/riscv32-unknown-elf/13.2.0/libgcc.a(subdf3.o)
 .debug_info    0x000022da      0x1ad /opt/riscv/lib/gcc/riscv32-unknown-elf/13.2.0/libgcc.a(fixunsdfsi.o)
 .debug_info    0x00002487      0x25d /opt/riscv/lib/gcc/riscv32-unknown-elf/13.2.0/libgcc.a(floatunsidf.o)
 .debug_info    0x000026e4      0x1c9 /opt/riscv/lib/gcc/riscv32-unknown-elf/13.2.0/libgcc.a(fixunsdfdi.o)
 .debug_info    0x000028ad      0x1af /opt/riscv/lib/gcc/riscv32-unknown-elf/13.2.0/libgcc.a(_ashldi3.o)
 .debug_info    0x00002a5c       0xe6 /opt/riscv/lib/gcc/riscv32-unknown-elf/13.2.0/libgcc.a(_clz.o)
 .debug_info    0x00002b42      0x150 /opt/riscv/lib/gcc/riscv32-unknown-elf/13.2.0/libgcc.a(_clzsi2.o)

.debug_abbrev   0x00000000     0x10c0
 .debug_abbrev  0x00000000      0x1a6 /opt/riscv/lib/gcc/riscv32-unknown-elf/13.2.0/libgcc.a(_udivdi3.o)
 .debug_abbrev  0x000001a6      0x176 /opt/riscv/lib/gcc/riscv32-unknown-elf/13.2.0/libgcc.a(adddf3.o)
 .debug_abbrev  0x0000031c      0x173 /opt/riscv/lib/gcc/riscv32-unknown-elf/13.2.0/libgcc.a(divdf3.o)
 .debug_abbrev  0x0000048f      0x166 /opt/riscv/lib/gcc/riscv32-unknown-elf/13.2.0/libgcc.a(gedf2.o)
 .debug_abbrev  0x000005f5      0x166 /opt/riscv/lib/gcc/riscv32-unknown-elf/13.2.0/libgcc.a(ledf2.o)
 .debug_abbrev  0x0000075b      0x185 /opt/riscv/lib/gcc/riscv32-unknown-elf/13.2.0/libgcc.a(muldf3.o)
 .debug_abbrev  0x000008e0      0x176 /opt/riscv/lib/gcc/riscv32-unknown-elf/13.2.0/libgcc.a(subdf3.o)
 .debug_abbrev  0x00000a56      0x162 /opt/riscv/lib/gcc/riscv32-unknown-elf/13.2.0/libgcc.a(fixunsdfsi.o)
 .debug_abbrev  0x00000bb8      0x163 /opt/riscv/lib/gcc/riscv32-unknown-elf/13.2.0/libgcc.a(floatunsidf.o)
 .debug_abbrev  0x00000d1b      0x15f /opt/riscv/lib/gcc/riscv32-unknown-elf/13.2.0/libgcc.a(fixunsdfdi.o)
 .debug_abbrev  0x00000e7a      0x10c /opt/riscv/lib/gcc/riscv32-unknown-elf/13.2.0/libgcc.a(_ashldi3.o)
 .debug_abbrev  0x00000f86       0x70 /opt/riscv/lib/gcc/riscv32-unknown-elf/13.2.0/libgcc.a(_clz.o)
 .debug_abbrev  0x00000ff6       0xca /opt/riscv/lib/gcc/riscv32-unknown-elf/13.2.0/libgcc.a(_clzsi2.o)

.debug_loclists
                0x00000000     0x38b3
 .debug_loclists
                0x00000000      0x704 /opt/riscv/lib/gcc/riscv32-unknown-elf/13.2.0/libgcc.a(_udivdi3.o)
 .debug_loclists
                0x00000704      0xabf /opt/riscv/lib/gcc/riscv32-unknown-elf/13.2.0/libgcc.a(adddf3.o)
 .debug_loclists
                0x000011c3      0xf50 /opt/riscv/lib/gcc/riscv32-unknown-elf/13.2.0/libgcc.a(divdf3.o)
 .debug_loclists
                0x00002113       0xdc /opt/riscv/lib/gcc/riscv32-unknown-elf/13.2.0/libgcc.a(gedf2.o)
 .debug_loclists
                0x000021ef       0xdc /opt/riscv/lib/gcc/riscv32-unknown-elf/13.2.0/libgcc.a(ledf2.o)
 .debug_loclists
                0x000022cb      0x7f5 /opt/riscv/lib/gcc/riscv32-unknown-elf/13.2.0/libgcc.a(muldf3.o)
 .debug_loclists
                0x00002ac0      0xac4 /opt/riscv/lib/gcc/riscv32-unknown-elf/13.2.0/libgcc.a(subdf3.o)
 .debug_loclists
                0x00003584       0x90 /opt/riscv/lib/gcc/riscv32-unknown-elf/13.2.0/libgcc.a(fixunsdfsi.o)
 .debug_loclists
                0x00003614       0xb4 /opt/riscv/lib/gcc/riscv32-unknown-elf/13.2.0/libgcc.a(floatunsidf.o)
 .debug_loclists
                0x000036c8      0x13c /opt/riscv/lib/gcc/riscv32-unknown-elf/13.2.0/libgcc.a(fixunsdfdi.o)
 .debug_loclists
                0x00003804       0x6b /opt/riscv/lib/gcc/riscv32-unknown-elf/13.2.0/libgcc.a(_ashldi3.o)
 .debug_loclists
                0x0000386f       0x44 /opt/riscv/lib/gcc/riscv32-unknown-elf/13.2.0/libgcc.a(_clzsi2.o)

.debug_aranges  0x00000000      0x198
 .debug_aranges
                0x00000000       0x20 /opt/riscv/lib/gcc/riscv32-unknown-elf/13.2.0/libgcc.a(_udivdi3.o)
 .debug_aranges
                0x00000020       0x20 /opt/riscv/lib/gcc/riscv32-unknown-elf/13.2.0/libgcc.a(adddf3.o)
 .debug_aranges
                0x00000040       0x20 /opt/riscv/lib/gcc/riscv32-unknown-elf/13.2.0/libgcc.a(divdf3.o)
 .debug_aranges
                0x00000060       0x20 /opt/riscv/lib/gcc/riscv32-unknown-elf/13.2.0/libgcc.a(gedf2.o)
 .debug_aranges
                0x00000080       0x20 /opt/riscv/lib/gcc/riscv32-unknown-elf/13.2.0/libgcc.a(ledf2.o)
 .debug_aranges
                0x000000a0       0x20 /opt/riscv/lib/gcc/riscv32-unknown-elf/13.2.0/libgcc.a(muldf3.o)
 .debug_aranges
                0x000000c0       0x20 /opt/riscv/lib/gcc/riscv32-unknown-elf/13.2.0/libgcc.a(subdf3.o)
 .debug_aranges
                0x000000e0       0x20 /opt/riscv/lib/gcc/riscv32-unknown-elf/13.2.0/libgcc.a(fixunsdfsi.o)
 .debug_aranges
                0x00000100       0x20 /opt/riscv/lib/gcc/riscv32-unknown-elf/13.2.0/libgcc.a(floatunsidf.o)
 .debug_aranges
                0x00000120       0x20 /opt/riscv/lib/gcc/riscv32-unknown-elf/13.2.0/libgcc.a(fixunsdfdi.o)
 .debug_aranges
                0x00000140       0x20 /opt/riscv/lib/gcc/riscv32-unknown-elf/13.2.0/libgcc.a(_ashldi3.o)
 .debug_aranges
                0x00000160       0x18 /opt/riscv/lib/gcc/riscv32-unknown-elf/13.2.0/libgcc.a(_clz.o)
 .debug_aranges
                0x00000178       0x20 /opt/riscv/lib/gcc/riscv32-unknown-elf/13.2.0/libgcc.a(_clzsi2.o)

.debug_rnglists
                0x00000000      0x518
 .debug_rnglists
                0x00000000       0x99 /opt/riscv/lib/gcc/riscv32-unknown-elf/13.2.0/libgcc.a(_udivdi3.o)
 .debug_rnglists
                0x00000099       0xc7 /opt/riscv/lib/gcc/riscv32-unknown-elf/13.2.0/libgcc.a(adddf3.o)
 .debug_rnglists
                0x00000160       0xcf /opt/riscv/lib/gcc/riscv32-unknown-elf/13.2.0/libgcc.a(divdf3.o)
 .debug_rnglists
                0x0000022f       0x38 /opt/riscv/lib/gcc/riscv32-unknown-elf/13.2.0/libgcc.a(gedf2.o)
 .debug_rnglists
                0x00000267       0x38 /opt/riscv/lib/gcc/riscv32-unknown-elf/13.2.0/libgcc.a(ledf2.o)
 .debug_rnglists
                0x0000029f      0x136 /opt/riscv/lib/gcc/riscv32-unknown-elf/13.2.0/libgcc.a(muldf3.o)
 .debug_rnglists
                0x000003d5       0xc7 /opt/riscv/lib/gcc/riscv32-unknown-elf/13.2.0/libgcc.a(subdf3.o)
 .debug_rnglists
                0x0000049c       0x16 /opt/riscv/lib/gcc/riscv32-unknown-elf/13.2.0/libgcc.a(fixunsdfsi.o)
 .debug_rnglists
                0x000004b2       0x2f /opt/riscv/lib/gcc/riscv32-unknown-elf/13.2.0/libgcc.a(floatunsidf.o)
 .debug_rnglists
                0x000004e1       0x21 /opt/riscv/lib/gcc/riscv32-unknown-elf/13.2.0/libgcc.a(fixunsdfdi.o)
 .debug_rnglists
                0x00000502       0x16 /opt/riscv/lib/gcc/riscv32-unknown-elf/13.2.0/libgcc.a(_clzsi2.o)

.debug_line     0x00000000     0x5cd5
 .debug_line    0x00000000      0x905 /opt/riscv/lib/gcc/riscv32-unknown-elf/13.2.0/libgcc.a(_udivdi3.o)
 .debug_line    0x00000905     0x1224 /opt/riscv/lib/gcc/riscv32-unknown-elf/13.2.0/libgcc.a(adddf3.o)
 .debug_line    0x00001b29     0x106b /opt/riscv/lib/gcc/riscv32-unknown-elf/13.2.0/libgcc.a(divdf3.o)
 .debug_line    0x00002b94      0x372 /opt/riscv/lib/gcc/riscv32-unknown-elf/13.2.0/libgcc.a(gedf2.o)
 .debug_line    0x00002f06      0x372 /opt/riscv/lib/gcc/riscv32-unknown-elf/13.2.0/libgcc.a(ledf2.o)
 .debug_line    0x00003278      0xfa3 /opt/riscv/lib/gcc/riscv32-unknown-elf/13.2.0/libgcc.a(muldf3.o)
 .debug_line    0x0000421b     0x1270 /opt/riscv/lib/gcc/riscv32-unknown-elf/13.2.0/libgcc.a(subdf3.o)
 .debug_line    0x0000548b      0x1bb /opt/riscv/lib/gcc/riscv32-unknown-elf/13.2.0/libgcc.a(fixunsdfsi.o)
 .debug_line    0x00005646      0x239 /opt/riscv/lib/gcc/riscv32-unknown-elf/13.2.0/libgcc.a(floatunsidf.o)
 .debug_line    0x0000587f      0x231 /opt/riscv/lib/gcc/riscv32-unknown-elf/13.2.0/libgcc.a(fixunsdfdi.o)
 .debug_line    0x00005ab0      0x107 /opt/riscv/lib/gcc/riscv32-unknown-elf/13.2.0/libgcc.a(_ashldi3.o)
 .debug_line    0x00005bb7       0x3f /opt/riscv/lib/gcc/riscv32-unknown-elf/13.2.0/libgcc.a(_clz.o)
 .debug_line    0x00005bf6       0xdf /opt/riscv/lib/gcc/riscv32-unknown-elf/13.2.0/libgcc.a(_clzsi2.o)

.debug_str      0x00000000      0x7c4
 .debug_str     0x00000000      0x7c4 /opt/riscv/lib/gcc/riscv32-unknown-elf/13.2.0/libgcc.a(_udivdi3.o)
                                0x277 (size before relaxing)
 .debug_str     0x000007c4      0x2b7 /opt/riscv/lib/gcc/riscv32-unknown-elf/13.2.0/libgcc.a(adddf3.o)
 .debug_str     0x000007c4      0x379 /opt/riscv/lib/gcc/riscv32-unknown-elf/13.2.0/libgcc.a(divdf3.o)
 .debug_str     0x000007c4      0x1ed /opt/riscv/lib/gcc/riscv32-unknown-elf/13.2.0/libgcc.a(gedf2.o)
 .debug_str     0x000007c4      0x1ed /opt/riscv/lib/gcc/riscv32-unknown-elf/13.2.0/libgcc.a(ledf2.o)
 .debug_str     0x000007c4      0x3d1 /opt/riscv/lib/gcc/riscv32-unknown-elf/13.2.0/libgcc.a(muldf3.o)
 .debug_str     0x000007c4      0x2b7 /opt/riscv/lib/gcc/riscv32-unknown-elf/13.2.0/libgcc.a(subdf3.o)
 .debug_str     0x000007c4      0x1c0 /opt/riscv/lib/gcc/riscv32-unknown-elf/13.2.0/libgcc.a(fixunsdfsi.o)
 .debug_str     0x000007c4      0x25c /opt/riscv/lib/gcc/riscv32-unknown-elf/13.2.0/libgcc.a(floatunsidf.o)
 .debug_str     0x000007c4      0x1ca /opt/riscv/lib/gcc/riscv32-unknown-elf/13.2.0/libgcc.a(fixunsdfdi.o)
 .debug_str     0x000007c4      0x201 /opt/riscv/lib/gcc/riscv32-unknown-elf/13.2.0/libgcc.a(_ashldi3.o)
 .debug_str     0x000007c4      0x1c4 /opt/riscv/lib/gcc/riscv32-unknown-elf/13.2.0/libgcc.a(_clz.o)
 .debug_str     0x000007c4      0x1e1 /opt/riscv/lib/gcc/riscv32-unknown-elf/13.2.0/libgcc.a(_clzsi2.o)

.debug_line_str
                0x00000000      0x24a
 .debug_line_str
                0x00000000      0x24a /opt/riscv/lib/gcc/riscv32-unknown-elf/13.2.0/libgcc.a(_udivdi3.o)
                                0x112 (size before relaxing)
 .debug_line_str
                0x0000024a      0x11e /opt/riscv/lib/gcc/riscv32-unknown-elf/13.2.0/libgcc.a(adddf3.o)
 .debug_line_str
                0x0000024a      0x128 /opt/riscv/lib/gcc/riscv32-unknown-elf/13.2.0/libgcc.a(divdf3.o)
 .debug_line_str
                0x0000024a      0x12b /opt/riscv/lib/gcc/riscv32-unknown-elf/13.2.0/libgcc.a(gedf2.o)
 .debug_line_str
                0x0000024a      0x12b /opt/riscv/lib/gcc/riscv32-unknown-elf/13.2.0/libgcc.a(ledf2.o)
 .debug_line_str
                0x0000024a      0x128 /opt/riscv/lib/gcc/riscv32-unknown-elf/13.2.0/libgcc.a(muldf3.o)
 .debug_line_str
                0x0000024a      0x11e /opt/riscv/lib/gcc/riscv32-unknown-elf/13.2.0/libgcc.a(subdf3.o)
 .debug_line_str
                0x0000024a      0x134 /opt/riscv/lib/gcc/riscv32-unknown-elf/13.2.0/libgcc.a(fixunsdfsi.o)
 .debug_line_str
                0x0000024a      0x137 /opt/riscv/lib/gcc/riscv32-unknown-elf/13.2.0/libgcc.a(floatunsidf.o)
 .debug_line_str
                0x0000024a      0x134 /opt/riscv/lib/gcc/riscv32-unknown-elf/13.2.0/libgcc.a(fixunsdfdi.o)
 .debug_line_str
                0x0000024a      0x112 /opt/riscv/lib/gcc/riscv32-unknown-elf/13.2.0/libgcc.a(_ashldi3.o)
 .debug_line_str
                0x0000024a      0x112 /opt/riscv/lib/gcc/riscv32-unknown-elf/13.2.0/libgcc.a(_clz.o)
 .debug_line_str
                0x0000024a      0x112 /opt/riscv/lib/gcc/riscv32-unknown-elf/13.2.0/libgcc.a(_clzsi2.o)

.debug_frame    0x00000000      0x230
 .debug_frame   0x00000000       0x44 /opt/riscv/lib/gcc/riscv32-unknown-elf/13.2.0/libgcc.a(adddf3.o)
 .debug_frame   0x00000044       0x54 /opt/riscv/lib/gcc/riscv32-unknown-elf/13.2.0/libgcc.a(divdf3.o)
 .debug_frame   0x00000098       0x20 /opt/riscv/lib/gcc/riscv32-unknown-elf/13.2.0/libgcc.a(gedf2.o)
 .debug_frame   0x000000b8       0x20 /opt/riscv/lib/gcc/riscv32-unknown-elf/13.2.0/libgcc.a(ledf2.o)
 .debug_frame   0x000000d8       0x54 /opt/riscv/lib/gcc/riscv32-unknown-elf/13.2.0/libgcc.a(muldf3.o)
 .debug_frame   0x0000012c       0x44 /opt/riscv/lib/gcc/riscv32-unknown-elf/13.2.0/libgcc.a(subdf3.o)
 .debug_frame   0x00000170       0x20 /opt/riscv/lib/gcc/riscv32-unknown-elf/13.2.0/libgcc.a(fixunsdfsi.o)
 .debug_frame   0x00000190       0x34 /opt/riscv/lib/gcc/riscv32-unknown-elf/13.2.0/libgcc.a(floatunsidf.o)
 .debug_frame   0x000001c4       0x2c /opt/riscv/lib/gcc/riscv32-unknown-elf/13.2.0/libgcc.a(fixunsdfdi.o)
 .debug_frame   0x000001f0       0x20 /opt/riscv/lib/gcc/riscv32-unknown-elf/13.2.0/libgcc.a(_ashldi3.o)
 .debug_frame   0x00000210       0x20 /opt/riscv/lib/gcc/riscv32-unknown-elf/13.2.0/libgcc.a(_clzsi2.o)
