
There are no discarded input sections

Memory Configuration

Name             Origin             Length             Attributes
code_ram         0x00000000         0x00002000         xr!rw
data_ram         0x00002000         0x00001000         rw!x
*default*        0x00000000         0xffffffff

Linker script and memory map

                0x00000300                        __stack_size = 0x300

.text           0x00000000      0x784
 boot.o(.text)
 .text          0x00000000       0x34 boot.o
                0x00000000                boot
 *(.text)
 .text          0x00000034      0x240 uartboot.o
                0x0000006c                load_elf
 .text          0x00000274      0x510 io_uart.o
                0x00000274                exit
                0x000002b8                inbyte
                0x000002e0                outbyte
                0x00000324                getchar
                0x0000034c                putchar
                0x00000398                putd
                0x00000460                putx
                0x000004f0                puts
                0x00000574                printf

.text.startup   0x00000784      0x314
 .text.startup  0x00000784      0x314 uartboot.o
                0x00000784                main

.rela.dyn       0x00000a98        0x0
 .rela.sdata    0x00000a98        0x0 boot.o

.data           0x00002000      0x3c1
 *(.data)
 .data          0x00002000        0x0 boot.o
 .data          0x00002000        0x0 uartboot.o
 .data          0x00002000        0x0 io_uart.o
 *(.bss)
 .bss           0x00002000        0x0 boot.o
 .bss           0x00002000       0xc0 uartboot.o
                0x00002000                pheader
                0x00002080                eheader
 .bss           0x000020c0        0x0 io_uart.o
 *(.rodata*)
 .rodata        0x000020c0      0x247 uartboot.o
 *fill*         0x00002307        0x1 
 .rodata        0x00002308       0xb9 io_uart.o

.sdata          0x000023c4       0x24
 .sdata         0x000023c4        0x4 boot.o
                0x000023c4                stack_top
 .sdata         0x000023c8       0x14 uartboot.o
                0x000023c8                year
                0x000023cc                organization
                0x000023d0                done_1
                0x000023d4                done_0
                0x000023d8                print_lock
 .sdata         0x000023dc        0xc io_uart.o
                0x000023dc                uart_status
                0x000023e0                uart_txfifo
                0x000023e4                uart_rxfifo

.sbss           0x000023e8        0xc
 .sbss          0x000023e8        0x4 boot.o
                0x000023e8                sp_store
 .sbss          0x000023ec        0x8 uartboot.o
                0x000023ec                prog_2
                0x000023f0                prog_1

.stack          0x00002400      0x300
                0x00002700                        . = (. + __stack_size)
 *fill*         0x00002400      0x300 
                0x00002700                        __stack_top = .
LOAD boot.o
LOAD uartboot.o
LOAD io_uart.o
OUTPUT(uartboot.elf elf32-littleriscv)

.comment        0x00000000       0x1b
 .comment       0x00000000       0x1b boot.o
                                 0x1c (size before relaxing)
 .comment       0x0000001b       0x1c uartboot.o
 .comment       0x0000001b       0x1c io_uart.o

.riscv.attributes
                0x00000000       0x5b
 .riscv.attributes
                0x00000000       0x57 boot.o
 .riscv.attributes
                0x00000057       0x5b uartboot.o
 .riscv.attributes
                0x000000b2       0x57 io_uart.o
